2025-07-07T18:45:19.2323973Z Current runner version: '2.325.0'
2025-07-07T18:45:19.2358997Z ##[group]Runner Image Provisioner
2025-07-07T18:45:19.2360260Z Hosted Compute Agent
2025-07-07T18:45:19.2361411Z Version: 20250620.352
2025-07-07T18:45:19.2362505Z Commit: f262f3aba23b10ea191b2a62bdee1ca4c3d344da
2025-07-07T18:45:19.2363702Z Build Date: 2025-06-20T19:27:17Z
2025-07-07T18:45:19.2364721Z ##[endgroup]
2025-07-07T18:45:19.2365828Z ##[group]Operating System
2025-07-07T18:45:19.2366795Z Ubuntu
2025-07-07T18:45:19.2367561Z 24.04.2
2025-07-07T18:45:19.2368491Z LTS
2025-07-07T18:45:19.2369302Z ##[endgroup]
2025-07-07T18:45:19.2370088Z ##[group]Runner Image
2025-07-07T18:45:19.2371499Z Image: ubuntu-24.04
2025-07-07T18:45:19.2372350Z Version: 20250622.1.0
2025-07-07T18:45:19.2374037Z Included Software: https://github.com/actions/runner-images/blob/ubuntu24/20250622.1/images/ubuntu/Ubuntu2404-Readme.md
2025-07-07T18:45:19.2376816Z Image Release: https://github.com/actions/runner-images/releases/tag/ubuntu24%2F20250622.1
2025-07-07T18:45:19.2378498Z ##[endgroup]
2025-07-07T18:45:19.2380728Z ##[group]GITHUB_TOKEN Permissions
2025-07-07T18:45:19.2383380Z Contents: read
2025-07-07T18:45:19.2384947Z Metadata: read
2025-07-07T18:45:19.2385771Z Packages: read
2025-07-07T18:45:19.2386638Z ##[endgroup]
2025-07-07T18:45:19.2390043Z Secret source: Actions
2025-07-07T18:45:19.2391856Z Prepare workflow directory
2025-07-07T18:45:19.2957529Z Prepare all required actions
2025-07-07T18:45:19.3013036Z Getting action download info
2025-07-07T18:45:19.7195730Z ##[group]Download immutable action package 'actions/checkout@v4'
2025-07-07T18:45:19.7196694Z Version: 4.2.2
2025-07-07T18:45:19.7197773Z Digest: sha256:ccb2698953eaebd21c7bf6268a94f9c26518a7e38e27e0b83c1fe1ad049819b1
2025-07-07T18:45:19.7198956Z Source commit SHA: 11bd71901bbe5b1630ceea73d27597364c9af683
2025-07-07T18:45:19.7199658Z ##[endgroup]
2025-07-07T18:45:19.8005261Z ##[group]Download immutable action package 'actions/setup-node@v4'
2025-07-07T18:45:19.8006148Z Version: 4.4.0
2025-07-07T18:45:19.8006956Z Digest: sha256:9427cefe82346e992fb5b949e3569b39d537ae41aa3086483b14eceebfc16bc1
2025-07-07T18:45:19.8007857Z Source commit SHA: 49933ea5288caeca8642d1e84afbd3f7d6820020
2025-07-07T18:45:19.8008594Z ##[endgroup]
2025-07-07T18:45:19.9001915Z Download action repository 'aws-actions/configure-aws-credentials@v4' (SHA:e3dd6a429d7300a6a4c196c26e071d42e0343502)
2025-07-07T18:45:20.2331554Z ##[group]Download immutable action package 'docker/setup-buildx-action@v3'
2025-07-07T18:45:20.2332539Z Version: 3.11.1
2025-07-07T18:45:20.2333246Z Digest: sha256:b58e632d2d812e161c8abeba6def9f56b420aa9ae41d825a8408241bcad0f303
2025-07-07T18:45:20.2334232Z Source commit SHA: e468171a9de216ec08956ac3ada2f0791b6bd435
2025-07-07T18:45:20.2335019Z ##[endgroup]
2025-07-07T18:45:20.6668142Z Complete job name: deploy
2025-07-07T18:45:20.7572705Z ##[group]Run actions/checkout@v4
2025-07-07T18:45:20.7574416Z with:
2025-07-07T18:45:20.7575475Z   repository: mahtabmehek/Modulus
2025-07-07T18:45:20.7577203Z   token: ***
2025-07-07T18:45:20.7578257Z   ssh-strict: true
2025-07-07T18:45:20.7579350Z   ssh-user: git
2025-07-07T18:45:20.7580075Z   persist-credentials: true
2025-07-07T18:45:20.7581138Z   clean: true
2025-07-07T18:45:20.7581849Z   sparse-checkout-cone-mode: true
2025-07-07T18:45:20.7582698Z   fetch-depth: 1
2025-07-07T18:45:20.7583383Z   fetch-tags: false
2025-07-07T18:45:20.7584103Z   show-progress: true
2025-07-07T18:45:20.7584833Z   lfs: false
2025-07-07T18:45:20.7585502Z   submodules: false
2025-07-07T18:45:20.7586243Z   set-safe-directory: true
2025-07-07T18:45:20.7587314Z env:
2025-07-07T18:45:20.7587960Z   AWS_REGION: eu-west-2
2025-07-07T18:45:20.7588697Z ##[endgroup]
2025-07-07T18:45:20.8765468Z Syncing repository: mahtabmehek/Modulus
2025-07-07T18:45:20.8769361Z ##[group]Getting Git version info
2025-07-07T18:45:20.8771847Z Working directory is '/home/runner/work/Modulus/Modulus'
2025-07-07T18:45:20.8774804Z [command]/usr/bin/git version
2025-07-07T18:45:20.8847781Z git version 2.49.0
2025-07-07T18:45:20.8882079Z ##[endgroup]
2025-07-07T18:45:20.8895971Z Temporarily overriding HOME='/home/runner/work/_temp/baa7ca36-cb05-437b-96bd-a716426060e7' before making global git config changes
2025-07-07T18:45:20.8902890Z Adding repository directory to the temporary git global config as a safe directory
2025-07-07T18:45:20.8916586Z [command]/usr/bin/git config --global --add safe.directory /home/runner/work/Modulus/Modulus
2025-07-07T18:45:20.8965534Z Deleting the contents of '/home/runner/work/Modulus/Modulus'
2025-07-07T18:45:20.8971329Z ##[group]Initializing the repository
2025-07-07T18:45:20.8975379Z [command]/usr/bin/git init /home/runner/work/Modulus/Modulus
2025-07-07T18:45:20.9089799Z hint: Using 'master' as the name for the initial branch. This default branch name
2025-07-07T18:45:20.9092995Z hint: is subject to change. To configure the initial branch name to use in all
2025-07-07T18:45:20.9095759Z hint: of your new repositories, which will suppress this warning, call:
2025-07-07T18:45:20.9097905Z hint:
2025-07-07T18:45:20.9099291Z hint: 	git config --global init.defaultBranch <name>
2025-07-07T18:45:20.9101330Z hint:
2025-07-07T18:45:20.9103061Z hint: Names commonly chosen instead of 'master' are 'main', 'trunk' and
2025-07-07T18:45:20.9105953Z hint: 'development'. The just-created branch can be renamed via this command:
2025-07-07T18:45:20.9108239Z hint:
2025-07-07T18:45:20.9109354Z hint: 	git branch -m <name>
2025-07-07T18:45:20.9113469Z Initialized empty Git repository in /home/runner/work/Modulus/Modulus/.git/
2025-07-07T18:45:20.9117979Z [command]/usr/bin/git remote add origin https://github.com/mahtabmehek/Modulus
2025-07-07T18:45:20.9158975Z ##[endgroup]
2025-07-07T18:45:20.9161391Z ##[group]Disabling automatic garbage collection
2025-07-07T18:45:20.9163283Z [command]/usr/bin/git config --local gc.auto 0
2025-07-07T18:45:20.9196977Z ##[endgroup]
2025-07-07T18:45:20.9201538Z ##[group]Setting up auth
2025-07-07T18:45:20.9203924Z [command]/usr/bin/git config --local --name-only --get-regexp core\.sshCommand
2025-07-07T18:45:20.9238328Z [command]/usr/bin/git submodule foreach --recursive sh -c "git config --local --name-only --get-regexp 'core\.sshCommand' && git config --local --unset-all 'core.sshCommand' || :"
2025-07-07T18:45:20.9572953Z [command]/usr/bin/git config --local --name-only --get-regexp http\.https\:\/\/github\.com\/\.extraheader
2025-07-07T18:45:20.9607915Z [command]/usr/bin/git submodule foreach --recursive sh -c "git config --local --name-only --get-regexp 'http\.https\:\/\/github\.com\/\.extraheader' && git config --local --unset-all 'http.https://github.com/.extraheader' || :"
2025-07-07T18:45:20.9844710Z [command]/usr/bin/git config --local http.https://github.com/.extraheader AUTHORIZATION: basic ***
2025-07-07T18:45:20.9883367Z ##[endgroup]
2025-07-07T18:45:20.9887646Z ##[group]Fetching the repository
2025-07-07T18:45:20.9904829Z [command]/usr/bin/git -c protocol.version=2 fetch --no-tags --prune --no-recurse-submodules --depth=1 origin +fae78d14be93357491f9c6214660e77f0c5a74ee:refs/remotes/origin/master
2025-07-07T18:45:21.4817416Z From https://github.com/mahtabmehek/Modulus
2025-07-07T18:45:21.4818362Z  * [new ref]         fae78d14be93357491f9c6214660e77f0c5a74ee -> origin/master
2025-07-07T18:45:21.4994538Z ##[endgroup]
2025-07-07T18:45:21.4996872Z ##[group]Determining the checkout info
2025-07-07T18:45:21.4997894Z ##[endgroup]
2025-07-07T18:45:21.4998521Z [command]/usr/bin/git sparse-checkout disable
2025-07-07T18:45:21.5000217Z [command]/usr/bin/git config --local --unset-all extensions.worktreeConfig
2025-07-07T18:45:21.5002358Z ##[group]Checking out the ref
2025-07-07T18:45:21.5003251Z [command]/usr/bin/git checkout --progress --force -B master refs/remotes/origin/master
2025-07-07T18:45:21.5117688Z Reset branch 'master'
2025-07-07T18:45:21.5121126Z branch 'master' set up to track 'origin/master'.
2025-07-07T18:45:21.5133330Z ##[endgroup]
2025-07-07T18:45:21.5175695Z [command]/usr/bin/git log -1 --format=%H
2025-07-07T18:45:21.5191503Z fae78d14be93357491f9c6214660e77f0c5a74ee
2025-07-07T18:45:21.5451699Z ##[group]Run actions/setup-node@v4
2025-07-07T18:45:21.5452762Z with:
2025-07-07T18:45:21.5453343Z   node-version: 18
2025-07-07T18:45:21.5453933Z   always-auth: false
2025-07-07T18:45:21.5454544Z   check-latest: false
2025-07-07T18:45:21.5455422Z   token: ***
2025-07-07T18:45:21.5456000Z env:
2025-07-07T18:45:21.5456598Z   AWS_REGION: eu-west-2
2025-07-07T18:45:21.5457229Z ##[endgroup]
2025-07-07T18:45:21.7564485Z Found in cache @ /opt/hostedtoolcache/node/18.20.8/x64
2025-07-07T18:45:21.7580288Z ##[group]Environment details
2025-07-07T18:45:22.2131373Z node: v18.20.8
2025-07-07T18:45:22.2134787Z npm: 10.8.2
2025-07-07T18:45:22.2135796Z yarn: 1.22.22
2025-07-07T18:45:22.2139878Z ##[endgroup]
2025-07-07T18:45:22.2372945Z ##[group]Run aws-actions/configure-aws-credentials@v4
2025-07-07T18:45:22.2373438Z with:
2025-07-07T18:45:22.2373891Z   aws-access-key-id: ***
2025-07-07T18:45:22.2374377Z   aws-secret-access-key: ***
2025-07-07T18:45:22.2374744Z   aws-region: eu-west-2
2025-07-07T18:45:22.2375104Z   audience: sts.amazonaws.com
2025-07-07T18:45:22.2375471Z env:
2025-07-07T18:45:22.2375767Z   AWS_REGION: eu-west-2
2025-07-07T18:45:22.2376094Z ##[endgroup]
2025-07-07T18:45:22.8515634Z Proceeding with IAM user credentials
2025-07-07T18:45:22.8629188Z ##[group]Run docker/setup-buildx-action@v3
2025-07-07T18:45:22.8629490Z with:
2025-07-07T18:45:22.8629678Z   driver: docker-container
2025-07-07T18:45:22.8629890Z   install: false
2025-07-07T18:45:22.8630071Z   use: true
2025-07-07T18:45:22.8630244Z   keep-state: false
2025-07-07T18:45:22.8630709Z   cache-binary: true
2025-07-07T18:45:22.8630916Z   cleanup: true
2025-07-07T18:45:22.8631097Z env:
2025-07-07T18:45:22.8631259Z   AWS_REGION: eu-west-2
2025-07-07T18:45:22.8631465Z   AWS_DEFAULT_REGION: eu-west-2
2025-07-07T18:45:22.8631809Z   AWS_ACCESS_KEY_ID: ***
2025-07-07T18:45:22.8632122Z   AWS_SECRET_ACCESS_KEY: ***
2025-07-07T18:45:22.8632336Z ##[endgroup]
2025-07-07T18:45:23.1810014Z ##[group]Docker info
2025-07-07T18:45:23.1839228Z [command]/usr/bin/docker version
2025-07-07T18:45:23.2989911Z Client: Docker Engine - Community
2025-07-07T18:45:23.2993040Z  Version:           28.0.4
2025-07-07T18:45:23.2993478Z  API version:       1.48
2025-07-07T18:45:23.2993958Z  Go version:        go1.23.7
2025-07-07T18:45:23.2994387Z  Git commit:        b8034c0
2025-07-07T18:45:23.2994873Z  Built:             Tue Mar 25 15:07:16 2025
2025-07-07T18:45:23.2995379Z  OS/Arch:           linux/amd64
2025-07-07T18:45:23.2995803Z  Context:           default
2025-07-07T18:45:23.2996069Z 
2025-07-07T18:45:23.2996325Z Server: Docker Engine - Community
2025-07-07T18:45:23.2996744Z  Engine:
2025-07-07T18:45:23.2997067Z   Version:          28.0.4
2025-07-07T18:45:23.2997598Z   API version:      1.48 (minimum version 1.24)
2025-07-07T18:45:23.2998128Z   Go version:       go1.23.7
2025-07-07T18:45:23.2998594Z   Git commit:       6430e49
2025-07-07T18:45:23.2999060Z   Built:            Tue Mar 25 15:07:16 2025
2025-07-07T18:45:23.2999557Z   OS/Arch:          linux/amd64
2025-07-07T18:45:23.2999974Z   Experimental:     false
2025-07-07T18:45:23.3000644Z  containerd:
2025-07-07T18:45:23.3001027Z   Version:          1.7.27
2025-07-07T18:45:23.3001602Z   GitCommit:        05044ec0a9a75232cad458027ca83437aae3f4da
2025-07-07T18:45:23.3002176Z  runc:
2025-07-07T18:45:23.3002531Z   Version:          1.2.5
2025-07-07T18:45:23.3003031Z   GitCommit:        v1.2.5-0-g59923ef
2025-07-07T18:45:23.3003540Z  docker-init:
2025-07-07T18:45:23.3003932Z   Version:          0.19.0
2025-07-07T18:45:23.3004356Z   GitCommit:        de40ad0
2025-07-07T18:45:23.3074413Z [command]/usr/bin/docker info
2025-07-07T18:45:23.5269960Z Client: Docker Engine - Community
2025-07-07T18:45:23.5270787Z  Version:    28.0.4
2025-07-07T18:45:23.5271168Z  Context:    default
2025-07-07T18:45:23.5271564Z  Debug Mode: false
2025-07-07T18:45:23.5272605Z  Plugins:
2025-07-07T18:45:23.5273028Z   buildx: Docker Buildx (Docker Inc.)
2025-07-07T18:45:23.5273454Z     Version:  v0.25.0
2025-07-07T18:45:23.5273971Z     Path:     /usr/libexec/docker/cli-plugins/docker-buildx
2025-07-07T18:45:23.5274916Z   compose: Docker Compose (Docker Inc.)
2025-07-07T18:45:23.5275411Z     Version:  v2.36.2
2025-07-07T18:45:23.5275976Z     Path:     /usr/libexec/docker/cli-plugins/docker-compose
2025-07-07T18:45:23.5276377Z 
2025-07-07T18:45:23.5276520Z Server:
2025-07-07T18:45:23.5277202Z  Containers: 0
2025-07-07T18:45:23.5277538Z   Running: 0
2025-07-07T18:45:23.5277868Z   Paused: 0
2025-07-07T18:45:23.5278468Z   Stopped: 0
2025-07-07T18:45:23.5278836Z  Images: 0
2025-07-07T18:45:23.5279555Z  Server Version: 28.0.4
2025-07-07T18:45:23.5280495Z  Storage Driver: overlay2
2025-07-07T18:45:23.5281078Z   Backing Filesystem: extfs
2025-07-07T18:45:23.5281532Z   Supports d_type: true
2025-07-07T18:45:23.5281960Z   Using metacopy: false
2025-07-07T18:45:23.5282390Z   Native Overlay Diff: false
2025-07-07T18:45:23.5282827Z   userxattr: false
2025-07-07T18:45:23.5283238Z  Logging Driver: json-file
2025-07-07T18:45:23.5283667Z  Cgroup Driver: systemd
2025-07-07T18:45:23.5284077Z  Cgroup Version: 2
2025-07-07T18:45:23.5284456Z  Plugins:
2025-07-07T18:45:23.5284862Z   Volume: local
2025-07-07T18:45:23.5285378Z   Network: bridge host ipvlan macvlan null overlay
2025-07-07T18:45:23.5286575Z   Log: awslogs fluentd gcplogs gelf journald json-file local splunk syslog
2025-07-07T18:45:23.5287298Z  Swarm: inactive
2025-07-07T18:45:23.5287768Z  Runtimes: io.containerd.runc.v2 runc
2025-07-07T18:45:23.5288252Z  Default Runtime: runc
2025-07-07T18:45:23.5288725Z  Init Binary: docker-init
2025-07-07T18:45:23.5289360Z  containerd version: 05044ec0a9a75232cad458027ca83437aae3f4da
2025-07-07T18:45:23.5290059Z  runc version: v1.2.5-0-g59923ef
2025-07-07T18:45:23.5290803Z  init version: de40ad0
2025-07-07T18:45:23.5291219Z  Security Options:
2025-07-07T18:45:23.5291579Z   apparmor
2025-07-07T18:45:23.5291914Z   seccomp
2025-07-07T18:45:23.5292261Z    Profile: builtin
2025-07-07T18:45:23.5292624Z   cgroupns
2025-07-07T18:45:23.5293035Z  Kernel Version: 6.11.0-1015-azure
2025-07-07T18:45:23.5293514Z  Operating System: Ubuntu 24.04.2 LTS
2025-07-07T18:45:23.5293978Z  OSType: linux
2025-07-07T18:45:23.5294345Z  Architecture: x86_64
2025-07-07T18:45:23.5294711Z  CPUs: 2
2025-07-07T18:45:23.5295062Z  Total Memory: 7.758GiB
2025-07-07T18:45:23.5295497Z  Name: pkrvmbietmlfzoi
2025-07-07T18:45:23.5295984Z  ID: a502c559-9809-4f96-84c0-6fa0b04836ec
2025-07-07T18:45:23.5296529Z  Docker Root Dir: /var/lib/docker
2025-07-07T18:45:23.5296993Z  Debug Mode: false
2025-07-07T18:45:23.5297384Z  Username: githubactions
2025-07-07T18:45:23.5297794Z  Experimental: false
2025-07-07T18:45:23.5298187Z  Insecure Registries:
2025-07-07T18:45:23.5298604Z   ::1/128
2025-07-07T18:45:23.5298938Z   127.0.0.0/8
2025-07-07T18:45:23.5299315Z  Live Restore Enabled: false
2025-07-07T18:45:23.5299620Z 
2025-07-07T18:45:23.5302566Z ##[endgroup]
2025-07-07T18:45:23.6085286Z ##[group]Buildx version
2025-07-07T18:45:23.6109166Z [command]/usr/bin/docker buildx version
2025-07-07T18:45:23.6567668Z github.com/docker/buildx v0.25.0 faaea65da4ba0e58a13cd9cadcb950c51cf3b3c9
2025-07-07T18:45:23.6597503Z ##[endgroup]
2025-07-07T18:45:23.6762395Z ##[group]Inspecting default docker context
2025-07-07T18:45:23.6908035Z [
2025-07-07T18:45:23.6910132Z   {
2025-07-07T18:45:23.6910789Z     "Name": "default",
2025-07-07T18:45:23.6911253Z     "Metadata": {},
2025-07-07T18:45:23.6911657Z     "Endpoints": {
2025-07-07T18:45:23.6912030Z       "docker": {
2025-07-07T18:45:23.6912507Z         "Host": "unix:///var/run/docker.sock",
2025-07-07T18:45:23.6913085Z         "SkipTLSVerify": false
2025-07-07T18:45:23.6913526Z       }
2025-07-07T18:45:23.6913833Z     },
2025-07-07T18:45:23.6914189Z     "TLSMaterial": {},
2025-07-07T18:45:23.6914588Z     "Storage": {
2025-07-07T18:45:23.6915036Z       "MetadataPath": "<IN MEMORY>",
2025-07-07T18:45:23.6915557Z       "TLSPath": "<IN MEMORY>"
2025-07-07T18:45:23.6915993Z     }
2025-07-07T18:45:23.6916337Z   }
2025-07-07T18:45:23.6916646Z ]
2025-07-07T18:45:23.6917278Z ##[endgroup]
2025-07-07T18:45:23.6917909Z ##[group]Creating a new builder instance
2025-07-07T18:45:23.8231456Z [command]/usr/bin/docker buildx create --name builder-c1e599c2-66d5-4ed2-8c50-a97c2e5964d1 --driver docker-container --buildkitd-flags --allow-insecure-entitlement security.insecure --allow-insecure-entitlement network.host --use
2025-07-07T18:45:23.9086067Z builder-c1e599c2-66d5-4ed2-8c50-a97c2e5964d1
2025-07-07T18:45:23.9124546Z ##[endgroup]
2025-07-07T18:45:23.9125824Z ##[group]Booting builder
2025-07-07T18:45:23.9197917Z [command]/usr/bin/docker buildx inspect --bootstrap --builder builder-c1e599c2-66d5-4ed2-8c50-a97c2e5964d1
2025-07-07T18:45:23.9853083Z #1 [internal] booting buildkit
2025-07-07T18:45:24.1355043Z #1 pulling image moby/buildkit:buildx-stable-1
2025-07-07T18:45:27.6484658Z #1 pulling image moby/buildkit:buildx-stable-1 3.7s done
2025-07-07T18:45:27.7981546Z #1 creating container buildx_buildkit_builder-c1e599c2-66d5-4ed2-8c50-a97c2e5964d10
2025-07-07T18:45:28.0115098Z #1 creating container buildx_buildkit_builder-c1e599c2-66d5-4ed2-8c50-a97c2e5964d10 0.4s done
2025-07-07T18:45:28.0142953Z #1 DONE 4.0s
2025-07-07T18:45:28.0589403Z Name:          builder-c1e599c2-66d5-4ed2-8c50-a97c2e5964d1
2025-07-07T18:45:28.0596180Z Driver:        docker-container
2025-07-07T18:45:28.0597104Z Last Activity: 2025-07-07 18:45:23 +0000 UTC
2025-07-07T18:45:28.0605501Z 
2025-07-07T18:45:28.0606068Z Nodes:
2025-07-07T18:45:28.0606887Z Name:                  builder-c1e599c2-66d5-4ed2-8c50-a97c2e5964d10
2025-07-07T18:45:28.0607870Z Endpoint:              unix:///var/run/docker.sock
2025-07-07T18:45:28.0608566Z Status:                running
2025-07-07T18:45:28.0614779Z BuildKit daemon flags: --allow-insecure-entitlement security.insecure --allow-insecure-entitlement network.host
2025-07-07T18:45:28.0615964Z BuildKit version:      v0.22.0
2025-07-07T18:45:28.0616910Z Platforms:             linux/amd64, linux/amd64/v2, linux/amd64/v3, linux/386
2025-07-07T18:45:28.0617607Z Labels:
2025-07-07T18:45:28.0618242Z  org.mobyproject.buildkit.worker.executor:         oci
2025-07-07T18:45:28.0619164Z  org.mobyproject.buildkit.worker.hostname:         c23b8b7c93b1
2025-07-07T18:45:28.0619967Z  org.mobyproject.buildkit.worker.network:          host
2025-07-07T18:45:28.0621265Z  org.mobyproject.buildkit.worker.oci.process-mode: sandbox
2025-07-07T18:45:28.0622037Z  org.mobyproject.buildkit.worker.selinux.enabled:  false
2025-07-07T18:45:28.0622758Z  org.mobyproject.buildkit.worker.snapshotter:      overlayfs
2025-07-07T18:45:28.0623335Z GC Policy rule#0:
2025-07-07T18:45:28.0623658Z  All:            false
2025-07-07T18:45:28.0624276Z  Filters:        type==source.local,type==exec.cachemount,type==source.git.checkout
2025-07-07T18:45:28.0624923Z  Keep Duration:  48h0m0s
2025-07-07T18:45:28.0625338Z  Max Used Space: 488.3MiB
2025-07-07T18:45:28.0625728Z GC Policy rule#1:
2025-07-07T18:45:28.0626105Z  All:            false
2025-07-07T18:45:28.0626472Z  Keep Duration:  1440h0m0s
2025-07-07T18:45:28.0626943Z  Reserved Space: 7.451GiB
2025-07-07T18:45:28.0627347Z  Max Used Space: 54.02GiB
2025-07-07T18:45:28.0627751Z  Min Free Space: 13.97GiB
2025-07-07T18:45:28.0628138Z GC Policy rule#2:
2025-07-07T18:45:28.0628476Z  All:            false
2025-07-07T18:45:28.0628993Z  Reserved Space: 7.451GiB
2025-07-07T18:45:28.0629407Z  Max Used Space: 54.02GiB
2025-07-07T18:45:28.0629771Z  Min Free Space: 13.97GiB
2025-07-07T18:45:28.0630115Z GC Policy rule#3:
2025-07-07T18:45:28.0630941Z  All:            true
2025-07-07T18:45:28.0631286Z  Reserved Space: 7.451GiB
2025-07-07T18:45:28.0631631Z  Max Used Space: 54.02GiB
2025-07-07T18:45:28.0631967Z  Min Free Space: 13.97GiB
2025-07-07T18:45:28.0684832Z ##[endgroup]
2025-07-07T18:45:28.1496689Z ##[group]Inspect builder
2025-07-07T18:45:28.1502249Z {
2025-07-07T18:45:28.1502589Z   "nodes": [
2025-07-07T18:45:28.1502907Z     {
2025-07-07T18:45:28.1503449Z       "name": "builder-c1e599c2-66d5-4ed2-8c50-a97c2e5964d10",
2025-07-07T18:45:28.1508713Z       "endpoint": "unix:///var/run/docker.sock",
2025-07-07T18:45:28.1509255Z       "status": "running",
2025-07-07T18:45:28.1510970Z       "buildkitd-flags": "--allow-insecure-entitlement security.insecure --allow-insecure-entitlement network.host",
2025-07-07T18:45:28.1511802Z       "buildkit": "v0.22.0",
2025-07-07T18:45:28.1512377Z       "platforms": "linux/amd64,linux/amd64/v2,linux/amd64/v3,linux/386",
2025-07-07T18:45:28.1512928Z       "features": {
2025-07-07T18:45:28.1513472Z         "Automatically load images to the Docker Engine image store": true,
2025-07-07T18:45:28.1514060Z         "Cache export": true,
2025-07-07T18:45:28.1514426Z         "Direct push": true,
2025-07-07T18:45:28.1514812Z         "Docker exporter": true,
2025-07-07T18:45:28.1515224Z         "Multi-platform build": true,
2025-07-07T18:45:28.1515593Z         "OCI exporter": true
2025-07-07T18:45:28.1515927Z       },
2025-07-07T18:45:28.1516203Z       "labels": {
2025-07-07T18:45:28.1516652Z         "org.mobyproject.buildkit.worker.executor": "oci",
2025-07-07T18:45:28.1517335Z         "org.mobyproject.buildkit.worker.hostname": "c23b8b7c93b1",
2025-07-07T18:45:28.1518019Z         "org.mobyproject.buildkit.worker.network": "host",
2025-07-07T18:45:28.1518750Z         "org.mobyproject.buildkit.worker.oci.process-mode": "sandbox",
2025-07-07T18:45:28.1519749Z         "org.mobyproject.buildkit.worker.selinux.enabled": "false",
2025-07-07T18:45:28.1520767Z         "org.mobyproject.buildkit.worker.snapshotter": "overlayfs"
2025-07-07T18:45:28.1521303Z       },
2025-07-07T18:45:28.1521578Z       "gcPolicy": [
2025-07-07T18:45:28.1521879Z         {
2025-07-07T18:45:28.1522148Z           "all": false,
2025-07-07T18:45:28.1522477Z           "filter": [
2025-07-07T18:45:28.1522847Z             "type==source.local",
2025-07-07T18:45:28.1523272Z             "type==exec.cachemount",
2025-07-07T18:45:28.1523724Z             "type==source.git.checkout"
2025-07-07T18:45:28.1524124Z           ],
2025-07-07T18:45:28.1524468Z           "keepDuration": "48h0m0s",
2025-07-07T18:45:28.1524904Z           "maxUsedSpace": "488.3MiB"
2025-07-07T18:45:28.1525283Z         },
2025-07-07T18:45:28.1525561Z         {
2025-07-07T18:45:28.1525842Z           "all": false,
2025-07-07T18:45:28.1526211Z           "keepDuration": "1440h0m0s",
2025-07-07T18:45:28.1526659Z           "reservedSpace": "7.451GiB",
2025-07-07T18:45:28.1527112Z           "maxUsedSpace": "54.02GiB",
2025-07-07T18:45:28.1527555Z           "minFreeSpace": "13.97GiB"
2025-07-07T18:45:28.1527918Z         },
2025-07-07T18:45:28.1528186Z         {
2025-07-07T18:45:28.1528462Z           "all": false,
2025-07-07T18:45:28.1528836Z           "reservedSpace": "7.451GiB",
2025-07-07T18:45:28.1529280Z           "maxUsedSpace": "54.02GiB",
2025-07-07T18:45:28.1529721Z           "minFreeSpace": "13.97GiB"
2025-07-07T18:45:28.1530092Z         },
2025-07-07T18:45:28.1532005Z         {
2025-07-07T18:45:28.1532307Z           "all": true,
2025-07-07T18:45:28.1532699Z           "reservedSpace": "7.451GiB",
2025-07-07T18:45:28.1533156Z           "maxUsedSpace": "54.02GiB",
2025-07-07T18:45:28.1533599Z           "minFreeSpace": "13.97GiB"
2025-07-07T18:45:28.1533973Z         }
2025-07-07T18:45:28.1534238Z       ]
2025-07-07T18:45:28.1534499Z     }
2025-07-07T18:45:28.1534749Z   ],
2025-07-07T18:45:28.1535185Z   "name": "builder-c1e599c2-66d5-4ed2-8c50-a97c2e5964d1",
2025-07-07T18:45:28.1535721Z   "driver": "docker-container",
2025-07-07T18:45:28.1536171Z   "lastActivity": "2025-07-07T18:45:23.000Z"
2025-07-07T18:45:28.1536555Z }
2025-07-07T18:45:28.1537038Z ##[endgroup]
2025-07-07T18:45:28.1537519Z ##[group]BuildKit version
2025-07-07T18:45:28.1538079Z builder-c1e599c2-66d5-4ed2-8c50-a97c2e5964d10: v0.22.0
2025-07-07T18:45:28.1538730Z ##[endgroup]
2025-07-07T18:45:28.1635704Z ##[group]Run chmod +x ./backend-deployment.sh
2025-07-07T18:45:28.1636098Z [36;1mchmod +x ./backend-deployment.sh[0m
2025-07-07T18:45:28.1636387Z [36;1m./backend-deployment.sh[0m
2025-07-07T18:45:28.1730099Z shell: /usr/bin/bash -e {0}
2025-07-07T18:45:28.1730517Z env:
2025-07-07T18:45:28.1730729Z   AWS_REGION: eu-west-2
2025-07-07T18:45:28.1730985Z   AWS_DEFAULT_REGION: eu-west-2
2025-07-07T18:45:28.1731601Z   AWS_ACCESS_KEY_ID: ***
2025-07-07T18:45:28.1731961Z   AWS_SECRET_ACCESS_KEY: ***
2025-07-07T18:45:28.1732214Z ##[endgroup]
2025-07-07T18:45:28.1855997Z 🚀 Starting Modulus LMS Backend Deployment
2025-07-07T18:45:28.1862390Z Region: eu-west-2
2025-07-07T18:45:28.1862755Z ============================================
2025-07-07T18:45:28.1863434Z [0;34mℹ️  Performing pre-deployment checks...[0m
2025-07-07T18:45:29.4440761Z [0;32m✅ Pre-deployment checks passed[0m
2025-07-07T18:45:29.4442653Z [0;34mℹ️  Getting VPC and subnet information...[0m
2025-07-07T18:45:30.7136926Z [0;34mℹ️  Using VPC: vpc-04d155bb35a9ee8c5[0m
2025-07-07T18:45:31.9316451Z [0;32m✅ Found 3 subnets[0m
2025-07-07T18:45:31.9317799Z [0;34mℹ️  Ensuring ECS Task Execution Role has Secrets Manager permissions...[0m
2025-07-07T18:45:33.4866939Z [0;32m✅ ECS Task Execution Role has required permissions[0m
2025-07-07T18:45:33.4868219Z [0;34mℹ️  Creating CloudWatch log groups...[0m
2025-07-07T18:45:34.7015394Z [0;32m✅ Backend log group already exists[0m
2025-07-07T18:45:34.7016583Z [0;34mℹ️  Managing database password...[0m
2025-07-07T18:45:35.6969521Z [0;34mℹ️  Retrieving existing database password from Secrets Manager...[0m
2025-07-07T18:45:36.5872685Z [0;32m✅ Retrieved existing database password[0m
2025-07-07T18:45:36.5874023Z [0;34mℹ️  Step 5: Setting up database security group...[0m
2025-07-07T18:45:37.9001551Z [0;32m✅ Using existing database security group: sg-0d7bc990242ddbe17[0m
2025-07-07T18:45:37.9003461Z [0;34mℹ️  Step 6: Setting up backend security group...[0m
2025-07-07T18:45:39.0970119Z [0;32m✅ Using existing backend security group: sg-0d1bc20a296f7ef7e[0m
2025-07-07T18:45:39.0972296Z [0;34mℹ️  Step 7: Configuring database access from backend...[0m
2025-07-07T18:45:40.3564332Z [0;32m✅ Database access rule already exists[0m
2025-07-07T18:45:40.3565617Z [0;34mℹ️  Step 8: Setting up database subnet group...[0m
2025-07-07T18:45:41.6435745Z [0;32m✅ Using existing database subnet group[0m
2025-07-07T18:45:41.6437630Z [0;34mℹ️  Step 9: Setting up PostgreSQL database...[0m
2025-07-07T18:45:42.8581304Z [0;32m✅ Using existing database instance[0m
2025-07-07T18:45:42.8582754Z [0;34mℹ️  Step 10: Getting database connection information...[0m
2025-07-07T18:45:44.0239553Z [0;32m✅ Database endpoint: modulus-db.cziw68k8m79u.eu-west-2.rds.amazonaws.com[0m
2025-07-07T18:45:44.0241120Z [0;34mℹ️  Step 11: Setting up backend container registry...[0m
2025-07-07T18:45:45.1182046Z [0;32m✅ Using existing backend ECR repository[0m
2025-07-07T18:45:45.1184043Z [0;34mℹ️  Step 12: Using authentication backend application...[0m
2025-07-07T18:45:45.1184875Z [0;32m✅ Found authentication backend application[0m
2025-07-07T18:45:45.1185624Z [0;34mℹ️  Step 13: Initializing database schema...[0m
2025-07-07T18:45:45.1186384Z [0;34mℹ️  Running database schema initialization...[0m
2025-07-07T18:45:46.3189523Z [0;34mℹ️  Running schema installation with psql...[0m
2025-07-07T18:48:02.0124583Z [1;33m⚠️  Schema may already exist or psql failed. This is normal for redeployment.[0m
2025-07-07T18:48:02.0127139Z [0;32m✅ Database schema setup completed[0m
2025-07-07T18:48:02.0128095Z [0;34mℹ️  Step 13: Building and pushing backend Docker image...[0m
2025-07-07T18:48:04.3744529Z 
2025-07-07T18:48:04.3745440Z Login Succeeded
2025-07-07T18:48:04.3750109Z WARNING! Your credentials are stored unencrypted in '/home/runner/.docker/config.json'.
2025-07-07T18:48:04.3751558Z Configure a credential helper to remove this warning. See
2025-07-07T18:48:04.3752605Z https://docs.docker.com/go/credential-store/
2025-07-07T18:48:04.3753462Z 
2025-07-07T18:48:05.7009618Z #0 building with "default" instance using docker driver
2025-07-07T18:48:05.7010147Z 
2025-07-07T18:48:05.7011009Z #1 [internal] load build definition from Dockerfile
2025-07-07T18:48:05.7011870Z #1 transferring dockerfile: 1.08kB done
2025-07-07T18:48:05.7012504Z #1 DONE 0.0s
2025-07-07T18:48:05.7014505Z 
2025-07-07T18:48:05.7015210Z #2 [auth] library/node:pull token for registry-1.docker.io
2025-07-07T18:48:05.7016349Z #2 DONE 0.0s
2025-07-07T18:48:05.7016611Z 
2025-07-07T18:48:05.7017218Z #3 [internal] load metadata for docker.io/library/node:18-alpine
2025-07-07T18:48:05.9608443Z #3 DONE 0.5s
2025-07-07T18:48:06.0881786Z 
2025-07-07T18:48:06.0883182Z #4 [internal] load .dockerignore
2025-07-07T18:48:06.0883771Z #4 transferring context: 2B done
2025-07-07T18:48:06.0884154Z #4 DONE 0.0s
2025-07-07T18:48:06.0884327Z 
2025-07-07T18:48:06.0884540Z #5 [internal] load build context
2025-07-07T18:48:06.0885025Z #5 transferring context: 223.99kB done
2025-07-07T18:48:06.0885325Z #5 DONE 0.0s
2025-07-07T18:48:06.0885435Z 
2025-07-07T18:48:06.0885905Z #6 [1/8] FROM docker.io/library/node:18-alpine@sha256:8d6421d663b4c28fd3ebc498332f249011d118945588d0a35cb9bc4b8ca09d9e
2025-07-07T18:48:06.0886785Z #6 resolve docker.io/library/node:18-alpine@sha256:8d6421d663b4c28fd3ebc498332f249011d118945588d0a35cb9bc4b8ca09d9e done
2025-07-07T18:48:06.0887551Z #6 sha256:929b04d7c782f04f615cf785488fed452b6569f87c73ff666ad553a7554f0006 1.72kB / 1.72kB done
2025-07-07T18:48:06.0888249Z #6 sha256:ee77c6cd7c1886ecc802ad6cedef3a8ec1ea27d1fb96162bf03dd3710839b8da 6.18kB / 6.18kB done
2025-07-07T18:48:06.0888930Z #6 sha256:dd71dde834b5c203d162902e6b8994cb2309ae049a0eabc4efea161b2b5a3d0e 0B / 40.01MB 0.1s
2025-07-07T18:48:06.0889617Z #6 sha256:1e5a4c89cee5c0826c540ab06d4b6b491c96eda01837f430bd47f0d26702d6e3 0B / 1.26MB 0.1s
2025-07-07T18:48:06.0890266Z #6 sha256:25ff2da83641908f65c3a74d80409d6b1b62ccfaab220b9ea70b80df5a2e0549 0B / 446B 0.1s
2025-07-07T18:48:06.0891552Z #6 sha256:8d6421d663b4c28fd3ebc498332f249011d118945588d0a35cb9bc4b8ca09d9e 7.67kB / 7.67kB done
2025-07-07T18:48:06.1884675Z #6 sha256:dd71dde834b5c203d162902e6b8994cb2309ae049a0eabc4efea161b2b5a3d0e 3.15MB / 40.01MB 0.2s
2025-07-07T18:48:06.1885741Z #6 sha256:1e5a4c89cee5c0826c540ab06d4b6b491c96eda01837f430bd47f0d26702d6e3 1.26MB / 1.26MB 0.1s done
2025-07-07T18:48:06.1886909Z #6 sha256:25ff2da83641908f65c3a74d80409d6b1b62ccfaab220b9ea70b80df5a2e0549 446B / 446B 0.1s done
2025-07-07T18:48:06.3882795Z #6 sha256:dd71dde834b5c203d162902e6b8994cb2309ae049a0eabc4efea161b2b5a3d0e 13.63MB / 40.01MB 0.4s
2025-07-07T18:48:06.4884604Z #6 sha256:dd71dde834b5c203d162902e6b8994cb2309ae049a0eabc4efea161b2b5a3d0e 25.17MB / 40.01MB 0.5s
2025-07-07T18:48:06.6879480Z #6 sha256:dd71dde834b5c203d162902e6b8994cb2309ae049a0eabc4efea161b2b5a3d0e 32.51MB / 40.01MB 0.7s
2025-07-07T18:48:06.7902695Z #6 sha256:dd71dde834b5c203d162902e6b8994cb2309ae049a0eabc4efea161b2b5a3d0e 38.80MB / 40.01MB 0.8s
2025-07-07T18:48:06.9519707Z #6 sha256:dd71dde834b5c203d162902e6b8994cb2309ae049a0eabc4efea161b2b5a3d0e 40.01MB / 40.01MB 0.8s done
2025-07-07T18:48:06.9523399Z #6 extracting sha256:dd71dde834b5c203d162902e6b8994cb2309ae049a0eabc4efea161b2b5a3d0e 0.1s
2025-07-07T18:48:07.9615933Z #6 extracting sha256:dd71dde834b5c203d162902e6b8994cb2309ae049a0eabc4efea161b2b5a3d0e 1.1s done
2025-07-07T18:48:08.3960710Z #6 extracting sha256:1e5a4c89cee5c0826c540ab06d4b6b491c96eda01837f430bd47f0d26702d6e3
2025-07-07T18:48:08.5035641Z #6 extracting sha256:1e5a4c89cee5c0826c540ab06d4b6b491c96eda01837f430bd47f0d26702d6e3 0.0s done
2025-07-07T18:48:08.5036923Z #6 extracting sha256:25ff2da83641908f65c3a74d80409d6b1b62ccfaab220b9ea70b80df5a2e0549 done
2025-07-07T18:48:08.5037625Z #6 DONE 2.5s
2025-07-07T18:48:08.5037808Z 
2025-07-07T18:48:08.5037960Z #7 [2/8] WORKDIR /app
2025-07-07T18:48:08.6413519Z #7 DONE 0.0s
2025-07-07T18:48:08.6414005Z 
2025-07-07T18:48:08.6414644Z #8 [3/8] RUN apk add --no-cache python3 make g++
2025-07-07T18:48:08.6416310Z #8 0.135 fetch https://dl-cdn.alpinelinux.org/alpine/v3.21/main/x86_64/APKINDEX.tar.gz
2025-07-07T18:48:08.8661539Z #8 0.209 fetch https://dl-cdn.alpinelinux.org/alpine/v3.21/community/x86_64/APKINDEX.tar.gz
2025-07-07T18:48:08.9897798Z #8 0.483 (1/29) Installing libstdc++-dev (14.2.0-r4)
2025-07-07T18:48:09.1635330Z #8 0.657 (2/29) Installing jansson (2.14-r4)
2025-07-07T18:48:09.2705059Z #8 0.661 (3/29) Installing zstd-libs (1.5.6-r2)
2025-07-07T18:48:09.2706076Z #8 0.670 (4/29) Installing binutils (2.43.1-r2)
2025-07-07T18:48:09.2706652Z #8 0.747 (5/29) Installing libgomp (14.2.0-r4)
2025-07-07T18:48:09.2707101Z #8 0.753 (6/29) Installing libatomic (14.2.0-r4)
2025-07-07T18:48:09.2707471Z #8 0.757 (7/29) Installing gmp (6.3.0-r2)
2025-07-07T18:48:09.2707810Z #8 0.764 (8/29) Installing isl26 (0.26-r1)
2025-07-07T18:48:09.4505970Z #8 0.780 (9/29) Installing mpfr4 (4.2.1-r0)
2025-07-07T18:48:09.4507499Z #8 0.789 (10/29) Installing mpc1 (1.3.1-r1)
2025-07-07T18:48:09.4508063Z #8 0.793 (11/29) Installing gcc (14.2.0-r4)
2025-07-07T18:48:10.1465973Z #8 1.640 (12/29) Installing musl-dev (1.2.5-r9)
2025-07-07T18:48:10.3623292Z #8 1.703 (13/29) Installing g++ (14.2.0-r4)
2025-07-07T18:48:10.4525408Z #8 1.946 (14/29) Installing make (4.4.1-r2)
2025-07-07T18:48:10.6774642Z #8 1.951 (15/29) Installing libbz2 (1.0.8-r6)
2025-07-07T18:48:10.6775938Z #8 1.955 (16/29) Installing libexpat (2.7.0-r0)
2025-07-07T18:48:10.6776894Z #8 1.961 (17/29) Installing libffi (3.4.7-r0)
2025-07-07T18:48:10.6777898Z #8 1.965 (18/29) Installing gdbm (1.24-r0)
2025-07-07T18:48:10.6778854Z #8 1.969 (19/29) Installing xz-libs (5.6.3-r1)
2025-07-07T18:48:10.6779731Z #8 1.975 (20/29) Installing mpdecimal (4.0.0-r0)
2025-07-07T18:48:10.6780951Z #8 1.980 (21/29) Installing ncurses-terminfo-base (6.5_p20241006-r3)
2025-07-07T18:48:10.6782292Z #8 1.987 (22/29) Installing libncursesw (6.5_p20241006-r3)
2025-07-07T18:48:10.6783279Z #8 1.993 (23/29) Installing libpanelw (6.5_p20241006-r3)
2025-07-07T18:48:10.6784061Z #8 1.996 (24/29) Installing readline (8.2.13-r0)
2025-07-07T18:48:10.6784857Z #8 2.002 (25/29) Installing sqlite-libs (3.48.0-r2)
2025-07-07T18:48:10.6794290Z #8 2.020 (26/29) Installing python3 (3.12.11-r0)
2025-07-07T18:48:10.7127298Z #8 2.206 (27/29) Installing python3-pycache-pyc0 (3.12.11-r0)
2025-07-07T18:48:10.8314777Z #8 2.324 (28/29) Installing pyc (3.12.11-r0)
2025-07-07T18:48:10.8315440Z #8 2.324 (29/29) Installing python3-pyc (3.12.11-r0)
2025-07-07T18:48:10.9929347Z #8 2.326 Executing busybox-1.37.0-r12.trigger
2025-07-07T18:48:10.9930153Z #8 2.336 OK: 269 MiB in 46 packages
2025-07-07T18:48:12.0440234Z #8 DONE 3.5s
2025-07-07T18:48:12.2154183Z 
2025-07-07T18:48:12.2155799Z #9 [4/8] COPY package*.json ./
2025-07-07T18:48:12.2157173Z #9 DONE 0.0s
2025-07-07T18:48:12.2157376Z 
2025-07-07T18:48:12.2157626Z #10 [5/8] RUN npm ci --omit=dev
2025-07-07T18:48:14.3657403Z #10 2.301 
2025-07-07T18:48:14.3658421Z #10 2.301 added 106 packages, and audited 107 packages in 2s
2025-07-07T18:48:14.4685897Z #10 2.302 
2025-07-07T18:48:14.4687673Z #10 2.302 16 packages are looking for funding
2025-07-07T18:48:14.4691864Z #10 2.302   run `npm fund` for details
2025-07-07T18:48:14.4694323Z #10 2.303 
2025-07-07T18:48:14.4695664Z #10 2.303 found 0 vulnerabilities
2025-07-07T18:48:14.4696114Z #10 2.305 npm notice
2025-07-07T18:48:14.4696770Z #10 2.305 npm notice New major version of npm available! 10.8.2 -> 11.4.2
2025-07-07T18:48:14.4697702Z #10 2.305 npm notice Changelog: https://github.com/npm/cli/releases/tag/v11.4.2
2025-07-07T18:48:14.4698578Z #10 2.305 npm notice To update run: npm install -g npm@11.4.2
2025-07-07T18:48:14.4699110Z #10 2.305 npm notice
2025-07-07T18:48:14.4699435Z #10 DONE 2.4s
2025-07-07T18:48:14.6323805Z 
2025-07-07T18:48:14.6324766Z #11 [6/8] COPY . .
2025-07-07T18:48:14.6325388Z #11 DONE 0.0s
2025-07-07T18:48:14.6325797Z 
2025-07-07T18:48:14.6326497Z #12 [7/8] RUN addgroup -g 1001 -S nodejs &&     adduser -S nodeuser -u 1001
2025-07-07T18:48:14.6327078Z #12 DONE 0.1s
2025-07-07T18:48:14.7846306Z 
2025-07-07T18:48:14.7851560Z #13 [8/8] RUN chown -R nodeuser:nodejs /app
2025-07-07T18:48:16.3961856Z #13 DONE 1.8s
2025-07-07T18:48:16.5485340Z 
2025-07-07T18:48:16.5491016Z #14 exporting to image
2025-07-07T18:48:16.5491866Z #14 exporting layers
2025-07-07T18:48:18.6877339Z #14 exporting layers 2.3s done
2025-07-07T18:48:18.7062239Z #14 writing image sha256:f4346b7eb16212aa292354c4bd34bb1ad6021b6505cf6741d83b355b92d85ed3 done
2025-07-07T18:48:18.7067627Z #14 naming to docker.io/library/modulus-backend done
2025-07-07T18:48:18.7068508Z #14 DONE 2.3s
2025-07-07T18:48:18.8042030Z The push refers to repository [376129881409.dkr.ecr.eu-west-2.amazonaws.com/modulus-backend]
2025-07-07T18:48:19.1941662Z 7474d157239f: Preparing
2025-07-07T18:48:19.1943338Z fc94ed95fda1: Preparing
2025-07-07T18:48:19.1943796Z 970cd191b554: Preparing
2025-07-07T18:48:19.1944181Z b5a6ffb1c0f4: Preparing
2025-07-07T18:48:19.1944533Z 7a158b19f344: Preparing
2025-07-07T18:48:19.1944905Z 057761fad67a: Preparing
2025-07-07T18:48:19.1945150Z 2b82eba73af2: Preparing
2025-07-07T18:48:19.1945396Z 82140d9a70a7: Preparing
2025-07-07T18:48:19.1945605Z f3b40b0cdb1c: Preparing
2025-07-07T18:48:19.1945817Z 0b1f26057bd0: Preparing
2025-07-07T18:48:19.1946025Z 08000c18d16d: Preparing
2025-07-07T18:48:19.1946235Z 2b82eba73af2: Waiting
2025-07-07T18:48:19.1946431Z 82140d9a70a7: Waiting
2025-07-07T18:48:19.1946625Z f3b40b0cdb1c: Waiting
2025-07-07T18:48:19.1946819Z 0b1f26057bd0: Waiting
2025-07-07T18:48:19.1947013Z 08000c18d16d: Waiting
2025-07-07T18:48:19.1947218Z 057761fad67a: Waiting
2025-07-07T18:48:21.2911266Z fc94ed95fda1: Pushed
2025-07-07T18:48:21.3689043Z 970cd191b554: Pushed
2025-07-07T18:48:21.4305896Z 7a158b19f344: Pushed
2025-07-07T18:48:21.9081590Z 82140d9a70a7: Layer already exists
2025-07-07T18:48:22.0132608Z 7474d157239f: Pushed
2025-07-07T18:48:22.0935431Z b5a6ffb1c0f4: Pushed
2025-07-07T18:48:22.3542162Z f3b40b0cdb1c: Layer already exists
2025-07-07T18:48:22.4339141Z 0b1f26057bd0: Layer already exists
2025-07-07T18:48:22.5439683Z 08000c18d16d: Layer already exists
2025-07-07T18:48:23.3844156Z 2b82eba73af2: Pushed
2025-07-07T18:48:33.7559298Z 057761fad67a: Pushed
2025-07-07T18:48:36.9509710Z latest: digest: sha256:e62392675483db6347d6b46fb4f80a6c889fdf7c9bda9b0ad46ad8793e33e544 size: 2623
2025-07-07T18:48:36.9538916Z [0;32m✅ Backend image pushed to ECR: 376129881409.dkr.ecr.eu-west-2.amazonaws.com/modulus-backend:latest[0m
2025-07-07T18:48:36.9540866Z [0;34mℹ️  Step 14: Creating backend ECS task definition...[0m
2025-07-07T18:48:40.9883133Z {
2025-07-07T18:48:40.9884889Z     "taskDefinition": {
2025-07-07T18:48:40.9885653Z         "taskDefinitionArn": "arn:aws:ecs:eu-west-2:376129881409:task-definition/modulus-backend-task:10",
2025-07-07T18:48:40.9886391Z         "containerDefinitions": [
2025-07-07T18:48:40.9886745Z             {
2025-07-07T18:48:40.9887116Z                 "name": "backend",
2025-07-07T18:48:40.9887758Z                 "image": "376129881409.dkr.ecr.eu-west-2.amazonaws.com/modulus-backend:latest",
2025-07-07T18:48:40.9888337Z                 "cpu": 0,
2025-07-07T18:48:40.9888737Z                 "portMappings": [
2025-07-07T18:48:40.9889101Z                     {
2025-07-07T18:48:40.9889477Z                         "containerPort": 3001,
2025-07-07T18:48:40.9889944Z                         "hostPort": 3001,
2025-07-07T18:48:40.9890571Z                         "protocol": "tcp"
2025-07-07T18:48:40.9890965Z                     }
2025-07-07T18:48:40.9891249Z                 ],
2025-07-07T18:48:40.9891605Z                 "essential": true,
2025-07-07T18:48:40.9892011Z                 "environment": [
2025-07-07T18:48:40.9892423Z                     {
2025-07-07T18:48:40.9892789Z                         "name": "PORT",
2025-07-07T18:48:40.9893212Z                         "value": "3001"
2025-07-07T18:48:40.9893583Z                     },
2025-07-07T18:48:40.9893894Z                     {
2025-07-07T18:48:40.9894256Z                         "name": "DB_PORT",
2025-07-07T18:48:40.9894717Z                         "value": "5432"
2025-07-07T18:48:40.9895054Z                     },
2025-07-07T18:48:40.9895811Z                     {
2025-07-07T18:48:40.9896192Z                         "name": "JWT_SECRET",
2025-07-07T18:48:40.9896776Z                         "value": "modulus-lms-production-jwt-secret-1751914119"
2025-07-07T18:48:40.9897249Z                     },
2025-07-07T18:48:40.9897526Z                     {
2025-07-07T18:48:40.9897831Z                         "name": "DB_USER",
2025-07-07T18:48:40.9898243Z                         "value": "modulus_admin"
2025-07-07T18:48:40.9898851Z                     },
2025-07-07T18:48:40.9899137Z                     {
2025-07-07T18:48:40.9899466Z                         "name": "NODE_ENV",
2025-07-07T18:48:40.9899883Z                         "value": "production"
2025-07-07T18:48:40.9900231Z                     },
2025-07-07T18:48:40.9900711Z                     {
2025-07-07T18:48:40.9901043Z                         "name": "DB_NAME",
2025-07-07T18:48:40.9901452Z                         "value": "modulus"
2025-07-07T18:48:40.9901813Z                     },
2025-07-07T18:48:40.9902092Z                     {
2025-07-07T18:48:40.9902427Z                         "name": "JWT_EXPIRES_IN",
2025-07-07T18:48:40.9902861Z                         "value": "24h"
2025-07-07T18:48:40.9903209Z                     },
2025-07-07T18:48:40.9903470Z                     {
2025-07-07T18:48:40.9903783Z                         "name": "DB_HOST",
2025-07-07T18:48:40.9904338Z                         "value": "modulus-db.cziw68k8m79u.eu-west-2.rds.amazonaws.com"
2025-07-07T18:48:40.9904842Z                     },
2025-07-07T18:48:40.9905118Z                     {
2025-07-07T18:48:40.9905444Z                         "name": "ACCESS_CODE",
2025-07-07T18:48:40.9905890Z                         "value": "mahtabmehek1337"
2025-07-07T18:48:40.9906260Z                     },
2025-07-07T18:48:40.9906531Z                     {
2025-07-07T18:48:40.9906863Z                         "name": "FRONTEND_URL",
2025-07-07T18:48:40.9907502Z                         "value": "http://modulus-alb-2046761654.eu-west-2.elb.amazonaws.com"
2025-07-07T18:48:40.9908029Z                     }
2025-07-07T18:48:40.9908297Z                 ],
2025-07-07T18:48:40.9908601Z                 "mountPoints": [],
2025-07-07T18:48:40.9908982Z                 "volumesFrom": [],
2025-07-07T18:48:40.9909321Z                 "secrets": [
2025-07-07T18:48:40.9909625Z                     {
2025-07-07T18:48:40.9909951Z                         "name": "DB_PASSWORD",
2025-07-07T18:48:40.9910876Z                         "valueFrom": "arn:aws:secretsmanager:eu-west-2:376129881409:secret:modulus/db/password-ZF2FzZ"
2025-07-07T18:48:40.9911515Z                     }
2025-07-07T18:48:40.9911781Z                 ],
2025-07-07T18:48:40.9912094Z                 "logConfiguration": {
2025-07-07T18:48:40.9912510Z                     "logDriver": "awslogs",
2025-07-07T18:48:40.9912905Z                     "options": {
2025-07-07T18:48:40.9913339Z                         "awslogs-group": "/ecs/modulus-backend",
2025-07-07T18:48:40.9913817Z                         "awslogs-region": "eu-west-2",
2025-07-07T18:48:40.9914299Z                         "awslogs-stream-prefix": "ecs"
2025-07-07T18:48:40.9914664Z                     }
2025-07-07T18:48:40.9914937Z                 },
2025-07-07T18:48:40.9915240Z                 "healthCheck": {
2025-07-07T18:48:40.9915589Z                     "command": [
2025-07-07T18:48:40.9915934Z                         "CMD-SHELL",
2025-07-07T18:48:40.9916972Z                         "node -e \"require('http').get('http://localhost:3001/health', (res) => { process.exit(res.statusCode === 200 ? 0 : 1) }).on('error', () => process.exit(1))\""
2025-07-07T18:48:40.9917814Z                     ],
2025-07-07T18:48:40.9918146Z                     "interval": 30,
2025-07-07T18:48:40.9918516Z                     "timeout": 5,
2025-07-07T18:48:40.9918877Z                     "retries": 3,
2025-07-07T18:48:40.9919242Z                     "startPeriod": 60
2025-07-07T18:48:40.9919576Z                 },
2025-07-07T18:48:40.9920064Z                 "systemControls": []
2025-07-07T18:48:40.9923655Z             }
2025-07-07T18:48:40.9923926Z         ],
2025-07-07T18:48:40.9924255Z         "family": "modulus-backend-task",
2025-07-07T18:48:40.9924940Z         "executionRoleArn": "arn:aws:iam::376129881409:role/ecsTaskExecutionRole",
2025-07-07T18:48:40.9925554Z         "networkMode": "awsvpc",
2025-07-07T18:48:40.9925878Z         "revision": 10,
2025-07-07T18:48:40.9926745Z         "volumes": [],
2025-07-07T18:48:40.9927041Z         "status": "ACTIVE",
2025-07-07T18:48:40.9927399Z         "requiresAttributes": [
2025-07-07T18:48:40.9927721Z             {
2025-07-07T18:48:40.9928171Z                 "name": "com.amazonaws.ecs.capability.logging-driver.awslogs"
2025-07-07T18:48:40.9928638Z             },
2025-07-07T18:48:40.9928875Z             {
2025-07-07T18:48:40.9929237Z                 "name": "ecs.capability.execution-role-awslogs"
2025-07-07T18:48:40.9929628Z             },
2025-07-07T18:48:40.9929848Z             {
2025-07-07T18:48:40.9930209Z                 "name": "com.amazonaws.ecs.capability.ecr-auth"
2025-07-07T18:48:40.9930802Z             },
2025-07-07T18:48:40.9931037Z             {
2025-07-07T18:48:40.9931467Z                 "name": "com.amazonaws.ecs.capability.docker-remote-api.1.19"
2025-07-07T18:48:40.9931964Z             },
2025-07-07T18:48:40.9932215Z             {
2025-07-07T18:48:40.9932654Z                 "name": "ecs.capability.secrets.asm.environment-variables"
2025-07-07T18:48:40.9933130Z             },
2025-07-07T18:48:40.9933370Z             {
2025-07-07T18:48:40.9933762Z                 "name": "ecs.capability.container-health-check"
2025-07-07T18:48:40.9934166Z             },
2025-07-07T18:48:40.9934386Z             {
2025-07-07T18:48:40.9934746Z                 "name": "ecs.capability.execution-role-ecr-pull"
2025-07-07T18:48:40.9935156Z             },
2025-07-07T18:48:40.9935394Z             {
2025-07-07T18:48:40.9935828Z                 "name": "com.amazonaws.ecs.capability.docker-remote-api.1.18"
2025-07-07T18:48:40.9936315Z             },
2025-07-07T18:48:40.9936553Z             {
2025-07-07T18:48:40.9936859Z                 "name": "ecs.capability.task-eni"
2025-07-07T18:48:40.9937203Z             },
2025-07-07T18:48:40.9937430Z             {
2025-07-07T18:48:40.9937878Z                 "name": "com.amazonaws.ecs.capability.docker-remote-api.1.29"
2025-07-07T18:48:40.9938346Z             }
2025-07-07T18:48:40.9938570Z         ],
2025-07-07T18:48:40.9938895Z         "placementConstraints": [],
2025-07-07T18:48:40.9939281Z         "compatibilities": [
2025-07-07T18:48:40.9939596Z             "EC2",
2025-07-07T18:48:40.9939844Z             "FARGATE"
2025-07-07T18:48:40.9940218Z         ],
2025-07-07T18:48:40.9940710Z         "requiresCompatibilities": [
2025-07-07T18:48:40.9941060Z             "FARGATE"
2025-07-07T18:48:40.9941337Z         ],
2025-07-07T18:48:40.9941578Z         "cpu": "256",
2025-07-07T18:48:40.9941857Z         "memory": "512",
2025-07-07T18:48:40.9942261Z         "registeredAt": "2025-07-07T18:48:40.919000+00:00",
2025-07-07T18:48:40.9942854Z         "registeredBy": "arn:aws:iam::376129881409:user/modulus-github"
2025-07-07T18:48:40.9943297Z     }
2025-07-07T18:48:40.9943528Z }
2025-07-07T18:48:41.0562913Z [0;32m✅ Registered backend task definition[0m
2025-07-07T18:48:41.0564698Z [0;34mℹ️  Step 15: Creating backend target group...[0m
2025-07-07T18:48:43.1787082Z [0;32m✅ Using existing backend target group: arn:aws:elasticloadbalancing:eu-west-2:376129881409:targetgroup/modulus-backend-tg/e78101cec749ba28[0m
2025-07-07T18:48:43.1789218Z [0;34mℹ️  Step 16: Setting up ALB listener rule for backend...[0m
2025-07-07T18:48:45.2631874Z [0;34mℹ️  Found ALB listener: arn:aws:elasticloadbalancing:eu-west-2:376129881409:listener/app/modulus-alb/b0ade2f1c5b73b71/a95e771e480c4b80[0m
2025-07-07T18:48:46.2779866Z [0;32m✅ Backend listener rule already exists for /api/* paths[0m
2025-07-07T18:48:47.2714445Z [0;32m✅ Backend rule is correctly configured[0m
2025-07-07T18:48:48.3570847Z [0;34mℹ️  ALB DNS Name: modulus-alb-2046761654.eu-west-2.elb.amazonaws.com[0m
2025-07-07T18:48:48.3572271Z [0;34mℹ️  Backend API endpoints:[0m
2025-07-07T18:48:48.3573918Z [0;34mℹ️    - Status: http://modulus-alb-2046761654.eu-west-2.elb.amazonaws.com/api/status[0m
2025-07-07T18:48:48.3575768Z [0;34mℹ️    - Health: http://modulus-alb-2046761654.eu-west-2.elb.amazonaws.com/api/health[0m
2025-07-07T18:48:48.3582025Z [0;34mℹ️    - Users: http://modulus-alb-2046761654.eu-west-2.elb.amazonaws.com/api/users[0m
2025-07-07T18:48:48.3583744Z [0;34mℹ️    - Labs: http://modulus-alb-2046761654.eu-west-2.elb.amazonaws.com/api/labs[0m
2025-07-07T18:48:48.3584732Z [0;34mℹ️  Step 17: Creating backend ECS service...[0m
2025-07-07T18:48:49.6338033Z [0;34mℹ️  Updating existing backend service...[0m
2025-07-07T18:48:51.0681059Z {
2025-07-07T18:48:51.0681741Z     "service": {
2025-07-07T18:48:51.0685619Z         "serviceArn": "arn:aws:ecs:eu-west-2:376129881409:service/modulus-cluster/modulus-backend-service",
2025-07-07T18:48:51.0689644Z         "serviceName": "modulus-backend-service",
2025-07-07T18:48:51.0690592Z         "clusterArn": "arn:aws:ecs:eu-west-2:376129881409:cluster/modulus-cluster",
2025-07-07T18:48:51.0691244Z         "loadBalancers": [
2025-07-07T18:48:51.0691581Z             {
2025-07-07T18:48:51.0692373Z                 "targetGroupArn": "arn:aws:elasticloadbalancing:eu-west-2:376129881409:targetgroup/modulus-backend-tg/e78101cec749ba28",
2025-07-07T18:48:51.0693300Z                 "containerName": "backend",
2025-07-07T18:48:51.0693749Z                 "containerPort": 3001
2025-07-07T18:48:51.0694098Z             }
2025-07-07T18:48:51.0694350Z         ],
2025-07-07T18:48:51.0694647Z         "serviceRegistries": [],
2025-07-07T18:48:51.0694990Z         "status": "ACTIVE",
2025-07-07T18:48:51.0695305Z         "desiredCount": 1,
2025-07-07T18:48:51.0695622Z         "runningCount": 1,
2025-07-07T18:48:51.0695933Z         "pendingCount": 0,
2025-07-07T18:48:51.0696278Z         "launchType": "FARGATE",
2025-07-07T18:48:51.0696678Z         "platformVersion": "LATEST",
2025-07-07T18:48:51.0697082Z         "platformFamily": "Linux",
2025-07-07T18:48:51.0697767Z         "taskDefinition": "arn:aws:ecs:eu-west-2:376129881409:task-definition/modulus-backend-task:1",
2025-07-07T18:48:51.0698431Z         "deploymentConfiguration": {
2025-07-07T18:48:51.0698859Z             "deploymentCircuitBreaker": {
2025-07-07T18:48:51.0699277Z                 "enable": false,
2025-07-07T18:48:51.0699656Z                 "rollback": false
2025-07-07T18:48:51.0699989Z             },
2025-07-07T18:48:51.0700301Z             "maximumPercent": 200,
2025-07-07T18:48:51.0702404Z             "minimumHealthyPercent": 100
2025-07-07T18:48:51.0702775Z         },
2025-07-07T18:48:51.0703042Z         "deployments": [
2025-07-07T18:48:51.0703351Z             {
2025-07-07T18:48:51.0703719Z                 "id": "ecs-svc/8534801948212707216",
2025-07-07T18:48:51.0704172Z                 "status": "PRIMARY",
2025-07-07T18:48:51.0704916Z                 "taskDefinition": "arn:aws:ecs:eu-west-2:376129881409:task-definition/modulus-backend-task:1",
2025-07-07T18:48:51.0705634Z                 "desiredCount": 0,
2025-07-07T18:48:51.0706088Z                 "pendingCount": 0,
2025-07-07T18:48:51.0706468Z                 "runningCount": 0,
2025-07-07T18:48:51.0706846Z                 "failedTasks": 0,
2025-07-07T18:48:51.0707287Z                 "createdAt": "2025-07-07T18:48:50.850000+00:00",
2025-07-07T18:48:51.0707822Z                 "updatedAt": "2025-07-07T18:48:50.850000+00:00",
2025-07-07T18:48:51.0708277Z                 "launchType": "FARGATE",
2025-07-07T18:48:51.0708689Z                 "platformVersion": "1.4.0",
2025-07-07T18:48:51.0709100Z                 "platformFamily": "Linux",
2025-07-07T18:48:51.0709516Z                 "networkConfiguration": {
2025-07-07T18:48:51.0709934Z                     "awsvpcConfiguration": {
2025-07-07T18:48:51.0710514Z                         "subnets": [
2025-07-07T18:48:51.0714032Z                             "subnet-0cc34cda0d0f7edca",
2025-07-07T18:48:51.0714898Z                             "subnet-040a224ccafdbf8e7"
2025-07-07T18:48:51.0715300Z                         ],
2025-07-07T18:48:51.0715646Z                         "securityGroups": [
2025-07-07T18:48:51.0716067Z                             "sg-0d1bc20a296f7ef7e"
2025-07-07T18:48:51.0716421Z                         ],
2025-07-07T18:48:51.0716800Z                         "assignPublicIp": "ENABLED"
2025-07-07T18:48:51.0717366Z                     }
2025-07-07T18:48:51.0717640Z                 },
2025-07-07T18:48:51.0717982Z                 "rolloutState": "IN_PROGRESS",
2025-07-07T18:48:51.0718629Z                 "rolloutStateReason": "ECS deployment ecs-svc/8534801948212707216 in progress."
2025-07-07T18:48:51.0719164Z             },
2025-07-07T18:48:51.0719419Z             {
2025-07-07T18:48:51.0719752Z                 "id": "ecs-svc/8045738248552365027",
2025-07-07T18:48:51.0720162Z                 "status": "ACTIVE",
2025-07-07T18:48:51.0721021Z                 "taskDefinition": "arn:aws:ecs:eu-west-2:376129881409:task-definition/modulus-backend-task:9",
2025-07-07T18:48:51.0721672Z                 "desiredCount": 1,
2025-07-07T18:48:51.0722033Z                 "pendingCount": 0,
2025-07-07T18:48:51.0722400Z                 "runningCount": 1,
2025-07-07T18:48:51.0722781Z                 "failedTasks": 3,
2025-07-07T18:48:51.0723219Z                 "createdAt": "2025-07-07T18:25:23.893000+00:00",
2025-07-07T18:48:51.0723731Z                 "updatedAt": "2025-07-07T18:28:06.823000+00:00",
2025-07-07T18:48:51.0724179Z                 "launchType": "FARGATE",
2025-07-07T18:48:51.0724575Z                 "platformVersion": "1.4.0",
2025-07-07T18:48:51.0724993Z                 "platformFamily": "Linux",
2025-07-07T18:48:51.0725411Z                 "networkConfiguration": {
2025-07-07T18:48:51.0725828Z                     "awsvpcConfiguration": {
2025-07-07T18:48:51.0726216Z                         "subnets": [
2025-07-07T18:48:51.0726650Z                             "subnet-0cc34cda0d0f7edca",
2025-07-07T18:48:51.0727102Z                             "subnet-040a224ccafdbf8e7"
2025-07-07T18:48:51.0727462Z                         ],
2025-07-07T18:48:51.0727808Z                         "securityGroups": [
2025-07-07T18:48:51.0728234Z                             "sg-0d1bc20a296f7ef7e"
2025-07-07T18:48:51.0728581Z                         ],
2025-07-07T18:48:51.0728940Z                         "assignPublicIp": "ENABLED"
2025-07-07T18:48:51.0729339Z                     }
2025-07-07T18:48:51.0729604Z                 },
2025-07-07T18:48:51.0729934Z                 "rolloutState": "IN_PROGRESS",
2025-07-07T18:48:51.0730714Z                 "rolloutStateReason": "ECS deployment ecs-svc/8045738248552365027 in progress."
2025-07-07T18:48:51.0731242Z             },
2025-07-07T18:48:51.0731481Z             {
2025-07-07T18:48:51.0731801Z                 "id": "ecs-svc/8975656048021854660",
2025-07-07T18:48:51.0732196Z                 "status": "ACTIVE",
2025-07-07T18:48:51.0732867Z                 "taskDefinition": "arn:aws:ecs:eu-west-2:376129881409:task-definition/modulus-backend-task:1",
2025-07-07T18:48:51.0733510Z                 "desiredCount": 0,
2025-07-07T18:48:51.0733878Z                 "pendingCount": 0,
2025-07-07T18:48:51.0734229Z                 "runningCount": 0,
2025-07-07T18:48:51.0734582Z                 "failedTasks": 0,
2025-07-07T18:48:51.0735014Z                 "createdAt": "2025-07-07T14:20:41.391000+00:00",
2025-07-07T18:48:51.0735520Z                 "updatedAt": "2025-07-07T18:28:14.273000+00:00",
2025-07-07T18:48:51.0735968Z                 "launchType": "FARGATE",
2025-07-07T18:48:51.0736379Z                 "platformVersion": "1.4.0",
2025-07-07T18:48:51.0736789Z                 "platformFamily": "Linux",
2025-07-07T18:48:51.0737275Z                 "networkConfiguration": {
2025-07-07T18:48:51.0737680Z                     "awsvpcConfiguration": {
2025-07-07T18:48:51.0738059Z                         "subnets": [
2025-07-07T18:48:51.0738635Z                             "subnet-0cc34cda0d0f7edca",
2025-07-07T18:48:51.0739109Z                             "subnet-040a224ccafdbf8e7"
2025-07-07T18:48:51.0739474Z                         ],
2025-07-07T18:48:51.0739806Z                         "securityGroups": [
2025-07-07T18:48:51.0740188Z                             "sg-0d1bc20a296f7ef7e"
2025-07-07T18:48:51.0740758Z                         ],
2025-07-07T18:48:51.0741102Z                         "assignPublicIp": "ENABLED"
2025-07-07T18:48:51.0741727Z                     }
2025-07-07T18:48:51.0741972Z                 },
2025-07-07T18:48:51.0742278Z                 "rolloutState": "COMPLETED",
2025-07-07T18:48:51.0742875Z                 "rolloutStateReason": "ECS deployment ecs-svc/8975656048021854660 completed."
2025-07-07T18:48:51.0743378Z             }
2025-07-07T18:48:51.0743614Z         ],
2025-07-07T18:48:51.0744277Z         "roleArn": "arn:aws:iam::376129881409:role/aws-service-role/ecs.amazonaws.com/AWSServiceRoleForECS",
2025-07-07T18:48:51.0744918Z         "events": [
2025-07-07T18:48:51.0745191Z             {
2025-07-07T18:48:51.0745533Z                 "id": "1fa105dd-6710-4d3f-a742-870034f3e75a",
2025-07-07T18:48:51.0746017Z                 "createdAt": "2025-07-07T18:47:14.138000+00:00",
2025-07-07T18:48:51.0747235Z                 "message": "(service modulus-backend-service) registered 1 targets in (target-group arn:aws:elasticloadbalancing:eu-west-2:376129881409:targetgroup/modulus-backend-tg/e78101cec749ba28)"
2025-07-07T18:48:51.0748250Z             },
2025-07-07T18:48:51.0748490Z             {
2025-07-07T18:48:51.0748822Z                 "id": "ae3aac1d-6dee-4829-80cd-7d159a54fdc3",
2025-07-07T18:48:51.0749272Z                 "createdAt": "2025-07-07T18:46:51.730000+00:00",
2025-07-07T18:48:51.0750169Z                 "message": "(service modulus-backend-service, taskSet ecs-svc/8045738248552365027) has begun draining connections on 1 tasks."
2025-07-07T18:48:51.0751081Z             },
2025-07-07T18:48:51.0751346Z             {
2025-07-07T18:48:51.0751709Z                 "id": "20fedd0d-4868-4a97-9421-3b1a415c8496",
2025-07-07T18:48:51.0752174Z                 "createdAt": "2025-07-07T18:46:51.726000+00:00",
2025-07-07T18:48:51.0753488Z                 "message": "(service modulus-backend-service) deregistered 1 targets in (target-group arn:aws:elasticloadbalancing:eu-west-2:376129881409:targetgroup/modulus-backend-tg/e78101cec749ba28)"
2025-07-07T18:48:51.0754557Z             },
2025-07-07T18:48:51.0754811Z             {
2025-07-07T18:48:51.0755157Z                 "id": "4a7b8e8e-c6a3-460e-949e-a81f506aefde",
2025-07-07T18:48:51.0755652Z                 "createdAt": "2025-07-07T18:46:43.179000+00:00",
2025-07-07T18:48:51.0756506Z                 "message": "(service modulus-backend-service) has stopped 1 running tasks: (task 72996bbfccce44ff8ee908cc81c8fd00)."
2025-07-07T18:48:51.0757207Z             },
2025-07-07T18:48:51.0757463Z             {
2025-07-07T18:48:51.0757814Z                 "id": "707999cd-3343-41d6-b11c-a0d0dc839a77",
2025-07-07T18:48:51.0758301Z                 "createdAt": "2025-07-07T18:46:43.178000+00:00",
2025-07-07T18:48:51.0759185Z                 "message": "(service modulus-backend-service) (task 72996bbfccce44ff8ee908cc81c8fd00) failed container health checks."
2025-07-07T18:48:51.0759909Z             },
2025-07-07T18:48:51.0760155Z             {
2025-07-07T18:48:51.0760664Z                 "id": "1314d551-c46e-4ceb-bfa5-040763b172fb",
2025-07-07T18:48:51.0761146Z                 "createdAt": "2025-07-07T18:46:43.105000+00:00",
2025-07-07T18:48:51.0762259Z                 "message": "(service modulus-backend-service) has started 1 tasks: (task e9cfcb4d692b44b8a29280c87f0ca54e). Amazon ECS replaced 1 tasks due to an unhealthy status."
2025-07-07T18:48:51.0763204Z             },
2025-07-07T18:48:51.0763450Z             {
2025-07-07T18:48:51.0763807Z                 "id": "945b7fbf-a23b-4ac4-a2c4-a1d9e98eae43",
2025-07-07T18:48:51.0764283Z                 "createdAt": "2025-07-07T18:41:38.969000+00:00",
2025-07-07T18:48:51.0765702Z                 "message": "(service modulus-backend-service) registered 1 targets in (target-group arn:aws:elasticloadbalancing:eu-west-2:376129881409:targetgroup/modulus-backend-tg/e78101cec749ba28)"
2025-07-07T18:48:51.0766738Z             },
2025-07-07T18:48:51.0766976Z             {
2025-07-07T18:48:51.0767320Z                 "id": "a117cd2c-d371-4156-b3bb-0f330ad4aa38",
2025-07-07T18:48:51.0767794Z                 "createdAt": "2025-07-07T18:41:08.464000+00:00",
2025-07-07T18:48:51.0768789Z                 "message": "(service modulus-backend-service) has started 1 tasks: (task 72996bbfccce44ff8ee908cc81c8fd00)."
2025-07-07T18:48:51.0769499Z             },
2025-07-07T18:48:51.0769738Z             {
2025-07-07T18:48:51.0770083Z                 "id": "46bcbb00-33b3-4183-bc6d-194f2914df89",
2025-07-07T18:48:51.0770705Z                 "createdAt": "2025-07-07T18:40:46.418000+00:00",
2025-07-07T18:48:51.0771607Z                 "message": "(service modulus-backend-service, taskSet ecs-svc/8045738248552365027) has begun draining connections on 1 tasks."
2025-07-07T18:48:51.0772382Z             },
2025-07-07T18:48:51.0772628Z             {
2025-07-07T18:48:51.0772956Z                 "id": "0e92aa08-a952-4393-8d4f-2dd56c7a3827",
2025-07-07T18:48:51.0773424Z                 "createdAt": "2025-07-07T18:40:46.413000+00:00",
2025-07-07T18:48:51.0774649Z                 "message": "(service modulus-backend-service) deregistered 1 targets in (target-group arn:aws:elasticloadbalancing:eu-west-2:376129881409:targetgroup/modulus-backend-tg/e78101cec749ba28)"
2025-07-07T18:48:51.0775709Z             },
2025-07-07T18:48:51.0775956Z             {
2025-07-07T18:48:51.0776285Z                 "id": "33e00378-0de4-446e-86e6-023d45799bb4",
2025-07-07T18:48:51.0776766Z                 "createdAt": "2025-07-07T18:40:36.158000+00:00",
2025-07-07T18:48:51.0777592Z                 "message": "(service modulus-backend-service) has stopped 1 running tasks: (task e304b43f0a934d118256c7c937e84ddf)."
2025-07-07T18:48:51.0778276Z             },
2025-07-07T18:48:51.0778521Z             {
2025-07-07T18:48:51.0778854Z                 "id": "808df92c-65ca-4da5-92e5-d8eb770b7d49",
2025-07-07T18:48:51.0779329Z                 "createdAt": "2025-07-07T18:40:36.157000+00:00",
2025-07-07T18:48:51.0780187Z                 "message": "(service modulus-backend-service) (task e304b43f0a934d118256c7c937e84ddf) failed container health checks."
2025-07-07T18:48:51.0781028Z             },
2025-07-07T18:48:51.0781281Z             {
2025-07-07T18:48:51.0781610Z                 "id": "aa896239-b3fb-4e24-bedb-0836f335a40e",
2025-07-07T18:48:51.0782080Z                 "createdAt": "2025-07-07T18:35:25.283000+00:00",
2025-07-07T18:48:51.0782970Z                 "message": "(service modulus-backend-service, taskSet ecs-svc/8045738248552365027) has begun draining connections on 1 tasks."
2025-07-07T18:48:51.0783699Z             },
2025-07-07T18:48:51.0783938Z             {
2025-07-07T18:48:51.0784276Z                 "id": "af0fd0ea-1e69-4d79-912b-84e1f34790fc",
2025-07-07T18:48:51.0784763Z                 "createdAt": "2025-07-07T18:35:25.278000+00:00",
2025-07-07T18:48:51.0785991Z                 "message": "(service modulus-backend-service) deregistered 1 targets in (target-group arn:aws:elasticloadbalancing:eu-west-2:376129881409:targetgroup/modulus-backend-tg/e78101cec749ba28)"
2025-07-07T18:48:51.0787016Z             },
2025-07-07T18:48:51.0787250Z             {
2025-07-07T18:48:51.0787598Z                 "id": "17ddee6e-18fa-4075-b783-f03b6a946daf",
2025-07-07T18:48:51.0788066Z                 "createdAt": "2025-07-07T18:35:25.206000+00:00",
2025-07-07T18:48:51.0789299Z                 "message": "(service modulus-backend-service) registered 1 targets in (target-group arn:aws:elasticloadbalancing:eu-west-2:376129881409:targetgroup/modulus-backend-tg/e78101cec749ba28)"
2025-07-07T18:48:51.0790464Z             },
2025-07-07T18:48:51.0790710Z             {
2025-07-07T18:48:51.0791040Z                 "id": "6f6c9be7-9d98-4e37-9b3f-9383d552aceb",
2025-07-07T18:48:51.0791675Z                 "createdAt": "2025-07-07T18:32:56.290000+00:00",
2025-07-07T18:48:51.0792558Z                 "message": "(service modulus-backend-service) has stopped 1 running tasks: (task a9e0d9b5d538467fb434e53cd8189ac2)."
2025-07-07T18:48:51.0793242Z             },
2025-07-07T18:48:51.0793482Z             {
2025-07-07T18:48:51.0793826Z                 "id": "1e4eee82-5fd1-4a5e-b0a8-88ab31180fdd",
2025-07-07T18:48:51.0794460Z                 "createdAt": "2025-07-07T18:32:56.289000+00:00",
2025-07-07T18:48:51.0795330Z                 "message": "(service modulus-backend-service) (task a9e0d9b5d538467fb434e53cd8189ac2) failed container health checks."
2025-07-07T18:48:51.0796045Z             },
2025-07-07T18:48:51.0796293Z             {
2025-07-07T18:48:51.0796620Z                 "id": "8e52392d-573e-4cb0-94c8-261b21e60f42",
2025-07-07T18:48:51.0797091Z                 "createdAt": "2025-07-07T18:32:56.214000+00:00",
2025-07-07T18:48:51.0798186Z                 "message": "(service modulus-backend-service) has started 1 tasks: (task e304b43f0a934d118256c7c937e84ddf). Amazon ECS replaced 1 tasks due to an unhealthy status."
2025-07-07T18:48:51.0799086Z             },
2025-07-07T18:48:51.0799323Z             {
2025-07-07T18:48:51.0799649Z                 "id": "6dcc0015-7112-40b6-b2e9-32b2cb0e8337",
2025-07-07T18:48:51.0800116Z                 "createdAt": "2025-07-07T18:28:23.581000+00:00",
2025-07-07T18:48:51.0801194Z                 "message": "(service modulus-backend-service, taskSet ecs-svc/5397272101406854719) has begun draining connections on 1 tasks."
2025-07-07T18:48:51.0801951Z             },
2025-07-07T18:48:51.0802189Z             {
2025-07-07T18:48:51.0802541Z                 "id": "e7cca6f5-99ef-40bb-855c-e1b5b895950a",
2025-07-07T18:48:51.0803047Z                 "createdAt": "2025-07-07T18:28:23.576000+00:00",
2025-07-07T18:48:51.0804298Z                 "message": "(service modulus-backend-service) deregistered 1 targets in (target-group arn:aws:elasticloadbalancing:eu-west-2:376129881409:targetgroup/modulus-backend-tg/e78101cec749ba28)"
2025-07-07T18:48:51.0805322Z             },
2025-07-07T18:48:51.0805565Z             {
2025-07-07T18:48:51.0805901Z                 "id": "963939be-c804-4377-bcb5-00b0a716298c",
2025-07-07T18:48:51.0806387Z                 "createdAt": "2025-07-07T18:28:14.353000+00:00",
2025-07-07T18:48:51.0807220Z                 "message": "(service modulus-backend-service) has stopped 1 running tasks: (task 9eb673994e324ec7b1d7d6c1891d44a7)."
2025-07-07T18:48:51.0807901Z             },
2025-07-07T18:48:51.0808137Z             {
2025-07-07T18:48:51.0808472Z                 "id": "ff28f1d8-9dba-4977-91a0-aff9a221cd2c",
2025-07-07T18:48:51.0808955Z                 "createdAt": "2025-07-07T18:28:14.352000+00:00",
2025-07-07T18:48:51.0809805Z                 "message": "(service modulus-backend-service) (task 9eb673994e324ec7b1d7d6c1891d44a7) failed container health checks."
2025-07-07T18:48:51.0810655Z             },
2025-07-07T18:48:51.0810893Z             {
2025-07-07T18:48:51.0811239Z                 "id": "ad12b71e-e3ea-4ea0-80cb-a84d7f7816d4",
2025-07-07T18:48:51.0811719Z                 "createdAt": "2025-07-07T18:27:42.834000+00:00",
2025-07-07T18:48:51.0812950Z                 "message": "(service modulus-backend-service) registered 1 targets in (target-group arn:aws:elasticloadbalancing:eu-west-2:376129881409:targetgroup/modulus-backend-tg/e78101cec749ba28)"
2025-07-07T18:48:51.0813979Z             },
2025-07-07T18:48:51.0814221Z             {
2025-07-07T18:48:51.0814566Z                 "id": "a62df27b-1a26-4b8f-a0f7-aed04dbf5952",
2025-07-07T18:48:51.0815046Z                 "createdAt": "2025-07-07T18:27:11.937000+00:00",
2025-07-07T18:48:51.0815843Z                 "message": "(service modulus-backend-service) has started 1 tasks: (task a9e0d9b5d538467fb434e53cd8189ac2)."
2025-07-07T18:48:51.0816502Z             },
2025-07-07T18:48:51.0816743Z             {
2025-07-07T18:48:51.0817067Z                 "id": "8b0fd949-60c1-4e8d-92b1-d244b77278b2",
2025-07-07T18:48:51.0817702Z                 "createdAt": "2025-07-07T18:21:55.541000+00:00",
2025-07-07T18:48:51.0818946Z                 "message": "(service modulus-backend-service) registered 1 targets in (target-group arn:aws:elasticloadbalancing:eu-west-2:376129881409:targetgroup/modulus-backend-tg/e78101cec749ba28)"
2025-07-07T18:48:51.0819965Z             },
2025-07-07T18:48:51.0820200Z             {
2025-07-07T18:48:51.0820712Z                 "id": "7cfc6a11-458a-4ed7-b2a2-fa2939133300",
2025-07-07T18:48:51.0821390Z                 "createdAt": "2025-07-07T18:21:23.449000+00:00",
2025-07-07T18:48:51.0822182Z                 "message": "(service modulus-backend-service) has started 1 tasks: (task 9eb673994e324ec7b1d7d6c1891d44a7)."
2025-07-07T18:48:51.0822814Z             },
2025-07-07T18:48:51.0823053Z             {
2025-07-07T18:48:51.0823392Z                 "id": "c0177547-1125-4960-b774-9e8366bae73e",
2025-07-07T18:48:51.0823876Z                 "createdAt": "2025-07-07T18:21:22.741000+00:00",
2025-07-07T18:48:51.0824763Z                 "message": "(service modulus-backend-service, taskSet ecs-svc/5397272101406854719) has begun draining connections on 1 tasks."
2025-07-07T18:48:51.0825518Z             },
2025-07-07T18:48:51.0825764Z             {
2025-07-07T18:48:51.0826100Z                 "id": "b13aae10-cbb7-4f12-8c09-436e8f71f0f4",
2025-07-07T18:48:51.0826579Z                 "createdAt": "2025-07-07T18:21:22.732000+00:00",
2025-07-07T18:48:51.0827817Z                 "message": "(service modulus-backend-service) deregistered 1 targets in (target-group arn:aws:elasticloadbalancing:eu-west-2:376129881409:targetgroup/modulus-backend-tg/e78101cec749ba28)"
2025-07-07T18:48:51.0828858Z             },
2025-07-07T18:48:51.0829165Z             {
2025-07-07T18:48:51.0829509Z                 "id": "d312a810-958f-4bb0-a52c-79eb30d2c780",
2025-07-07T18:48:51.0829999Z                 "createdAt": "2025-07-07T18:21:12.775000+00:00",
2025-07-07T18:48:51.0831031Z                 "message": "(service modulus-backend-service) has stopped 1 running tasks: (task 347ab05a87fa442783ed7cd706f2a8cc)."
2025-07-07T18:48:51.0831735Z             },
2025-07-07T18:48:51.0831993Z             {
2025-07-07T18:48:51.0832372Z                 "id": "2e3256eb-7d0e-4a4b-a75d-3a4dd1c8dac9",
2025-07-07T18:48:51.0832889Z                 "createdAt": "2025-07-07T18:21:12.774000+00:00",
2025-07-07T18:48:51.0833824Z                 "message": "(service modulus-backend-service) (task 347ab05a87fa442783ed7cd706f2a8cc) failed container health checks."
2025-07-07T18:48:51.0834588Z             },
2025-07-07T18:48:51.0834846Z             {
2025-07-07T18:48:51.0835215Z                 "id": "7052cb3f-9ea3-435d-b7d0-a85235c88292",
2025-07-07T18:48:51.0835741Z                 "createdAt": "2025-07-07T18:16:03.102000+00:00",
2025-07-07T18:48:51.0837098Z                 "message": "(service modulus-backend-service) registered 1 targets in (target-group arn:aws:elasticloadbalancing:eu-west-2:376129881409:targetgroup/modulus-backend-tg/e78101cec749ba28)"
2025-07-07T18:48:51.0838226Z             },
2025-07-07T18:48:51.0838503Z             {
2025-07-07T18:48:51.0838899Z                 "id": "64514a37-ad10-4231-aa5c-7ac1e6cf120b",
2025-07-07T18:48:51.0839420Z                 "createdAt": "2025-07-07T18:15:39.680000+00:00",
2025-07-07T18:48:51.0840499Z                 "message": "(service modulus-backend-service, taskSet ecs-svc/5397272101406854719) has begun draining connections on 1 tasks."
2025-07-07T18:48:51.0841309Z             },
2025-07-07T18:48:51.0841569Z             {
2025-07-07T18:48:51.0841926Z                 "id": "e4128e76-6f95-45e1-9de1-626593af5d05",
2025-07-07T18:48:51.0842411Z                 "createdAt": "2025-07-07T18:15:39.677000+00:00",
2025-07-07T18:48:51.0843685Z                 "message": "(service modulus-backend-service) deregistered 1 targets in (target-group arn:aws:elasticloadbalancing:eu-west-2:376129881409:targetgroup/modulus-backend-tg/e78101cec749ba28)"
2025-07-07T18:48:51.0844756Z             },
2025-07-07T18:48:51.0844995Z             {
2025-07-07T18:48:51.0845523Z                 "id": "cc1d0fa5-1a53-474b-8c0d-c2a9be8224b1",
2025-07-07T18:48:51.0846057Z                 "createdAt": "2025-07-07T18:15:30.476000+00:00",
2025-07-07T18:48:51.0846923Z                 "message": "(service modulus-backend-service) has stopped 1 running tasks: (task 3c8dab2faac0402d9c5fe30b6f90ac9d)."
2025-07-07T18:48:51.0847627Z             },
2025-07-07T18:48:51.0847876Z             {
2025-07-07T18:48:51.0848604Z                 "id": "462890ec-4436-4a27-97c0-d6f160211b31",
2025-07-07T18:48:51.0849100Z                 "createdAt": "2025-07-07T18:15:30.475000+00:00",
2025-07-07T18:48:51.0849989Z                 "message": "(service modulus-backend-service) (task 3c8dab2faac0402d9c5fe30b6f90ac9d) failed container health checks."
2025-07-07T18:48:51.0850883Z             },
2025-07-07T18:48:51.0851131Z             {
2025-07-07T18:48:51.0851483Z                 "id": "168d7586-f85a-4d7a-9c30-0b8871504a49",
2025-07-07T18:48:51.0851970Z                 "createdAt": "2025-07-07T18:15:30.395000+00:00",
2025-07-07T18:48:51.0853096Z                 "message": "(service modulus-backend-service) has started 1 tasks: (task 347ab05a87fa442783ed7cd706f2a8cc). Amazon ECS replaced 1 tasks due to an unhealthy status."
2025-07-07T18:48:51.0854044Z             },
2025-07-07T18:48:51.0854286Z             {
2025-07-07T18:48:51.0854637Z                 "id": "e815cbbf-a852-49c6-9f6e-5d47c9cc8dd7",
2025-07-07T18:48:51.0855133Z                 "createdAt": "2025-07-07T18:10:40.790000+00:00",
2025-07-07T18:48:51.0856049Z                 "message": "(service modulus-backend-service, taskSet ecs-svc/8222850535928776181) has begun draining connections on 1 tasks."
2025-07-07T18:48:51.0856825Z             },
2025-07-07T18:48:51.0857080Z             {
2025-07-07T18:48:51.0857428Z                 "id": "a3b7dc2a-1d90-4ec2-ac00-87169f936dc1",
2025-07-07T18:48:51.0857926Z                 "createdAt": "2025-07-07T18:10:40.786000+00:00",
2025-07-07T18:48:51.0859199Z                 "message": "(service modulus-backend-service) deregistered 1 targets in (target-group arn:aws:elasticloadbalancing:eu-west-2:376129881409:targetgroup/modulus-backend-tg/e78101cec749ba28)"
2025-07-07T18:48:51.0860277Z             },
2025-07-07T18:48:51.0865980Z             {
2025-07-07T18:48:51.0866374Z                 "id": "8330e6a2-d6a9-46e3-9173-71884bf16fe6",
2025-07-07T18:48:51.0866878Z                 "createdAt": "2025-07-07T18:10:39.604000+00:00",
2025-07-07T18:48:51.0867763Z                 "message": "(service modulus-backend-service) has stopped 1 running tasks: (task 9fb2ed4d73254196970d79b92f09d8d6)."
2025-07-07T18:48:51.0868458Z             },
2025-07-07T18:48:51.0868709Z             {
2025-07-07T18:48:51.0869058Z                 "id": "70f39d51-77f4-4f42-bd14-3d3349308c0d",
2025-07-07T18:48:51.0869542Z                 "createdAt": "2025-07-07T18:10:39.603000+00:00",
2025-07-07T18:48:51.0870615Z                 "message": "(service modulus-backend-service) (task 9fb2ed4d73254196970d79b92f09d8d6) failed container health checks."
2025-07-07T18:48:51.0871335Z             },
2025-07-07T18:48:51.0871581Z             {
2025-07-07T18:48:51.0871932Z                 "id": "3977c26c-375f-464c-b47e-6418c2c670c6",
2025-07-07T18:48:51.0872410Z                 "createdAt": "2025-07-07T18:10:19.389000+00:00",
2025-07-07T18:48:51.0873669Z                 "message": "(service modulus-backend-service) registered 1 targets in (target-group arn:aws:elasticloadbalancing:eu-west-2:376129881409:targetgroup/modulus-backend-tg/e78101cec749ba28)"
2025-07-07T18:48:51.0874708Z             },
2025-07-07T18:48:51.0874969Z             {
2025-07-07T18:48:51.0875337Z                 "id": "f41fcd76-c5f2-40dd-ad01-73026f835433",
2025-07-07T18:48:51.0875839Z                 "createdAt": "2025-07-07T18:09:47.853000+00:00",
2025-07-07T18:48:51.0876662Z                 "message": "(service modulus-backend-service) has started 1 tasks: (task 3c8dab2faac0402d9c5fe30b6f90ac9d)."
2025-07-07T18:48:51.0877310Z             },
2025-07-07T18:48:51.0877558Z             {
2025-07-07T18:48:51.0878130Z                 "id": "88bc44e1-b601-4f7b-9cad-3b4e403d872d",
2025-07-07T18:48:51.0878656Z                 "createdAt": "2025-07-07T18:05:06.930000+00:00",
2025-07-07T18:48:51.0879594Z                 "message": "(service modulus-backend-service, taskSet ecs-svc/4300729428544967012) has begun draining connections on 1 tasks."
2025-07-07T18:48:51.0880495Z             },
2025-07-07T18:48:51.0880746Z             {
2025-07-07T18:48:51.0881286Z                 "id": "a078127c-853b-4998-8bfb-c46a35102c19",
2025-07-07T18:48:51.0881771Z                 "createdAt": "2025-07-07T18:05:06.925000+00:00",
2025-07-07T18:48:51.0883054Z                 "message": "(service modulus-backend-service) deregistered 1 targets in (target-group arn:aws:elasticloadbalancing:eu-west-2:376129881409:targetgroup/modulus-backend-tg/e78101cec749ba28)"
2025-07-07T18:48:51.0884103Z             },
2025-07-07T18:48:51.0884339Z             {
2025-07-07T18:48:51.0884693Z                 "id": "f436b75e-86f0-433d-ba1f-07cd79832ec8",
2025-07-07T18:48:51.0885190Z                 "createdAt": "2025-07-07T18:04:57.227000+00:00",
2025-07-07T18:48:51.0886034Z                 "message": "(service modulus-backend-service) has stopped 1 running tasks: (task 7bb47d7e8cdf4944854580ec03a6067a)."
2025-07-07T18:48:51.0886751Z             },
2025-07-07T18:48:51.0887006Z             {
2025-07-07T18:48:51.0887360Z                 "id": "32a0e77d-6f5e-4937-8eb3-27f0b084f706",
2025-07-07T18:48:51.0887865Z                 "createdAt": "2025-07-07T18:04:57.226000+00:00",
2025-07-07T18:48:51.0888763Z                 "message": "(service modulus-backend-service) (task 7bb47d7e8cdf4944854580ec03a6067a) failed container health checks."
2025-07-07T18:48:51.0889475Z             },
2025-07-07T18:48:51.0889724Z             {
2025-07-07T18:48:51.0890066Z                 "id": "14280476-4e50-499a-80e3-1bfb2c6e8560",
2025-07-07T18:48:51.0890688Z                 "createdAt": "2025-07-07T18:04:46.057000+00:00",
2025-07-07T18:48:51.0891950Z                 "message": "(service modulus-backend-service) registered 1 targets in (target-group arn:aws:elasticloadbalancing:eu-west-2:376129881409:targetgroup/modulus-backend-tg/e78101cec749ba28)"
2025-07-07T18:48:51.0892985Z             },
2025-07-07T18:48:51.0893224Z             {
2025-07-07T18:48:51.0893564Z                 "id": "855dcf0d-7df0-4089-9660-7eba3f25979a",
2025-07-07T18:48:51.0894034Z                 "createdAt": "2025-07-07T18:04:14.831000+00:00",
2025-07-07T18:48:51.0894830Z                 "message": "(service modulus-backend-service) has started 1 tasks: (task 9fb2ed4d73254196970d79b92f09d8d6)."
2025-07-07T18:48:51.0895473Z             },
2025-07-07T18:48:51.0895719Z             {
2025-07-07T18:48:51.0896063Z                 "id": "578dae64-8e23-4c63-a05f-6f41dd370b21",
2025-07-07T18:48:51.0896536Z                 "createdAt": "2025-07-07T17:59:00.872000+00:00",
2025-07-07T18:48:51.0897789Z                 "message": "(service modulus-backend-service) registered 1 targets in (target-group arn:aws:elasticloadbalancing:eu-west-2:376129881409:targetgroup/modulus-backend-tg/e78101cec749ba28)"
2025-07-07T18:48:51.0898817Z             },
2025-07-07T18:48:51.0899062Z             {
2025-07-07T18:48:51.0899403Z                 "id": "09265f87-933b-4b1d-9e91-ce8c4678a95b",
2025-07-07T18:48:51.0899883Z                 "createdAt": "2025-07-07T17:58:30.280000+00:00",
2025-07-07T18:48:51.0900849Z                 "message": "(service modulus-backend-service) has started 1 tasks: (task 7bb47d7e8cdf4944854580ec03a6067a)."
2025-07-07T18:48:51.0901518Z             },
2025-07-07T18:48:51.0901766Z             {
2025-07-07T18:48:51.0902106Z                 "id": "3982f5ce-6683-4deb-89a8-44bd14addcec",
2025-07-07T18:48:51.0902572Z                 "createdAt": "2025-07-07T17:58:28.487000+00:00",
2025-07-07T18:48:51.0903500Z                 "message": "(service modulus-backend-service, taskSet ecs-svc/4300729428544967012) has begun draining connections on 1 tasks."
2025-07-07T18:48:51.0904246Z             },
2025-07-07T18:48:51.0904728Z             {
2025-07-07T18:48:51.0905100Z                 "id": "7fdcae8e-ef31-4d0e-a8f4-c9aeb9a9b9fb",
2025-07-07T18:48:51.0905592Z                 "createdAt": "2025-07-07T17:58:28.482000+00:00",
2025-07-07T18:48:51.0906910Z                 "message": "(service modulus-backend-service) deregistered 1 targets in (target-group arn:aws:elasticloadbalancing:eu-west-2:376129881409:targetgroup/modulus-backend-tg/e78101cec749ba28)"
2025-07-07T18:48:51.0908162Z             },
2025-07-07T18:48:51.0908393Z             {
2025-07-07T18:48:51.0908724Z                 "id": "7b3b1b3c-6792-41a8-8a0c-8f36da3aef75",
2025-07-07T18:48:51.0909200Z                 "createdAt": "2025-07-07T17:58:18.163000+00:00",
2025-07-07T18:48:51.0910120Z                 "message": "(service modulus-backend-service) has stopped 1 running tasks: (task f68f5b8fce5f4d3582b11b9142c2e6cc)."
2025-07-07T18:48:51.0911010Z             },
2025-07-07T18:48:51.0911266Z             {
2025-07-07T18:48:51.0911631Z                 "id": "4375caf9-95ed-4032-b363-68fc680e304e",
2025-07-07T18:48:51.0912110Z                 "createdAt": "2025-07-07T17:58:18.162000+00:00",
2025-07-07T18:48:51.0913034Z                 "message": "(service modulus-backend-service) (task f68f5b8fce5f4d3582b11b9142c2e6cc) failed container health checks."
2025-07-07T18:48:51.0913788Z             },
2025-07-07T18:48:51.0914041Z             {
2025-07-07T18:48:51.0914403Z                 "id": "cdd360e2-de03-49ff-8412-42a8ae54162c",
2025-07-07T18:48:51.0914921Z                 "createdAt": "2025-07-07T17:53:04.168000+00:00",
2025-07-07T18:48:51.0916227Z                 "message": "(service modulus-backend-service) registered 1 targets in (target-group arn:aws:elasticloadbalancing:eu-west-2:376129881409:targetgroup/modulus-backend-tg/e78101cec749ba28)"
2025-07-07T18:48:51.0917302Z             },
2025-07-07T18:48:51.0917556Z             {
2025-07-07T18:48:51.0917910Z                 "id": "da2080f3-c888-4a4f-be8a-e40b788348d2",
2025-07-07T18:48:51.0918401Z                 "createdAt": "2025-07-07T17:52:41.823000+00:00",
2025-07-07T18:48:51.0919307Z                 "message": "(service modulus-backend-service, taskSet ecs-svc/4300729428544967012) has begun draining connections on 1 tasks."
2025-07-07T18:48:51.0920076Z             },
2025-07-07T18:48:51.0920487Z             {
2025-07-07T18:48:51.0920827Z                 "id": "b7980e55-5b6c-4c18-8971-c233f31486e0",
2025-07-07T18:48:51.0921303Z                 "createdAt": "2025-07-07T17:52:41.817000+00:00",
2025-07-07T18:48:51.0922603Z                 "message": "(service modulus-backend-service) deregistered 1 targets in (target-group arn:aws:elasticloadbalancing:eu-west-2:376129881409:targetgroup/modulus-backend-tg/e78101cec749ba28)"
2025-07-07T18:48:51.0923705Z             },
2025-07-07T18:48:51.0923953Z             {
2025-07-07T18:48:51.0924289Z                 "id": "df3fde28-8c9a-42a6-a937-7d2941c623be",
2025-07-07T18:48:51.0924764Z                 "createdAt": "2025-07-07T17:52:33.685000+00:00",
2025-07-07T18:48:51.0925640Z                 "message": "(service modulus-backend-service) has stopped 1 running tasks: (task 7c3a8e5221014fbab9e1dbdb98b53178)."
2025-07-07T18:48:51.0926372Z             },
2025-07-07T18:48:51.0926617Z             {
2025-07-07T18:48:51.0926960Z                 "id": "487bfef9-98bf-4a07-a8ce-9c8ea9fcf9da",
2025-07-07T18:48:51.0927446Z                 "createdAt": "2025-07-07T17:52:33.684000+00:00",
2025-07-07T18:48:51.0928350Z                 "message": "(service modulus-backend-service) (task 7c3a8e5221014fbab9e1dbdb98b53178) failed container health checks."
2025-07-07T18:48:51.0929121Z             },
2025-07-07T18:48:51.0929355Z             {
2025-07-07T18:48:51.0929699Z                 "id": "1e33a17b-460d-47af-9d40-27ee06646d3c",
2025-07-07T18:48:51.0930233Z                 "createdAt": "2025-07-07T17:52:33.614000+00:00",
2025-07-07T18:48:51.0931534Z                 "message": "(service modulus-backend-service) has started 1 tasks: (task f68f5b8fce5f4d3582b11b9142c2e6cc). Amazon ECS replaced 1 tasks due to an unhealthy status."
2025-07-07T18:48:51.0932656Z             },
2025-07-07T18:48:51.0932907Z             {
2025-07-07T18:48:51.0933250Z                 "id": "18a1aea2-d046-4375-ad8b-e9d279bbdcab",
2025-07-07T18:48:51.0933733Z                 "createdAt": "2025-07-07T17:47:30.137000+00:00",
2025-07-07T18:48:51.0935058Z                 "message": "(service modulus-backend-service) registered 1 targets in (target-group arn:aws:elasticloadbalancing:eu-west-2:376129881409:targetgroup/modulus-backend-tg/e78101cec749ba28)"
2025-07-07T18:48:51.0936265Z             },
2025-07-07T18:48:51.0936517Z             {
2025-07-07T18:48:51.0936857Z                 "id": "7899a8c1-378e-408b-8bd8-e28a19789fd5",
2025-07-07T18:48:51.0937384Z                 "createdAt": "2025-07-07T17:46:58.993000+00:00",
2025-07-07T18:48:51.0938292Z                 "message": "(service modulus-backend-service) has started 1 tasks: (task 7c3a8e5221014fbab9e1dbdb98b53178)."
2025-07-07T18:48:51.0938954Z             },
2025-07-07T18:48:51.0939200Z             {
2025-07-07T18:48:51.0939568Z                 "id": "a46e9a28-248e-4ca5-ba46-417a4f23b2aa",
2025-07-07T18:48:51.0940065Z                 "createdAt": "2025-07-07T17:45:44.337000+00:00",
2025-07-07T18:48:51.0941149Z                 "message": "(service modulus-backend-service, taskSet ecs-svc/4300729428544967012) has begun draining connections on 1 tasks."
2025-07-07T18:48:51.0941908Z             },
2025-07-07T18:48:51.0942157Z             {
2025-07-07T18:48:51.0942510Z                 "id": "ff86e419-dfe6-43a0-8cb3-8e5b0947b8cf",
2025-07-07T18:48:51.0942998Z                 "createdAt": "2025-07-07T17:45:44.333000+00:00",
2025-07-07T18:48:51.0944267Z                 "message": "(service modulus-backend-service) deregistered 1 targets in (target-group arn:aws:elasticloadbalancing:eu-west-2:376129881409:targetgroup/modulus-backend-tg/e78101cec749ba28)"
2025-07-07T18:48:51.0945327Z             },
2025-07-07T18:48:51.0945572Z             {
2025-07-07T18:48:51.0945926Z                 "id": "3e1d556e-5d62-4334-ae53-ad44a3a373aa",
2025-07-07T18:48:51.0946415Z                 "createdAt": "2025-07-07T17:45:34.199000+00:00",
2025-07-07T18:48:51.0947267Z                 "message": "(service modulus-backend-service) has stopped 1 running tasks: (task 1df3f633da6f4f758464b7457620367b)."
2025-07-07T18:48:51.0947977Z             },
2025-07-07T18:48:51.0948226Z             {
2025-07-07T18:48:51.0948580Z                 "id": "f8df4dd8-b7a1-45d4-ae26-decacadc876b",
2025-07-07T18:48:51.0949105Z                 "createdAt": "2025-07-07T17:45:34.198000+00:00",
2025-07-07T18:48:51.0949958Z                 "message": "(service modulus-backend-service) (task 1df3f633da6f4f758464b7457620367b) failed container health checks."
2025-07-07T18:48:51.0950778Z             },
2025-07-07T18:48:51.0951016Z             {
2025-07-07T18:48:51.0951509Z                 "id": "38a3ee53-a28d-4a3d-9a26-92b36b3947b5",
2025-07-07T18:48:51.0952349Z                 "createdAt": "2025-07-07T17:41:12.551000+00:00",
2025-07-07T18:48:51.0953672Z                 "message": "(service modulus-backend-service) deregistered 1 targets in (target-group arn:aws:elasticloadbalancing:eu-west-2:376129881409:targetgroup/modulus-backend-tg/e78101cec749ba28)"
2025-07-07T18:48:51.0954848Z             },
2025-07-07T18:48:51.0955273Z             {
2025-07-07T18:48:51.0955677Z                 "id": "475fa5d1-c66f-4c82-a59f-26fa87ec141e",
2025-07-07T18:48:51.0956309Z                 "createdAt": "2025-07-07T17:41:12.465000+00:00",
2025-07-07T18:48:51.0957353Z                 "message": "(service modulus-backend-service, taskSet ecs-svc/8975656048021854660) has begun draining connections on 1 tasks."
2025-07-07T18:48:51.0958211Z             },
2025-07-07T18:48:51.0958572Z             {
2025-07-07T18:48:51.0959090Z                 "id": "51d5b5a2-1ca4-429c-bcb8-2e881a416ddd",
2025-07-07T18:48:51.0973192Z                 "createdAt": "2025-07-07T17:41:12.460000+00:00",
2025-07-07T18:48:51.0974856Z                 "message": "(service modulus-backend-service) deregistered 1 targets in (target-group arn:aws:elasticloadbalancing:eu-west-2:376129881409:targetgroup/modulus-backend-tg/e78101cec749ba28)"
2025-07-07T18:48:51.0975978Z             },
2025-07-07T18:48:51.0976243Z             {
2025-07-07T18:48:51.0976607Z                 "id": "6e475bfe-2256-4b42-9ffc-b18638cf347a",
2025-07-07T18:48:51.0977127Z                 "createdAt": "2025-07-07T17:41:02.296000+00:00",
2025-07-07T18:48:51.0978027Z                 "message": "(service modulus-backend-service) has stopped 1 running tasks: (task 17aef78e067348949807b69ed4559384)."
2025-07-07T18:48:51.0979045Z             },
2025-07-07T18:48:51.0979317Z             {
2025-07-07T18:48:51.0979711Z                 "id": "c5ed9dd8-47e4-45c4-95af-988ee7d020ef",
2025-07-07T18:48:51.0980250Z                 "createdAt": "2025-07-07T17:41:02.253000+00:00",
2025-07-07T18:48:51.0983031Z                 "message": "(service modulus-backend-service) (task 17aef78e067348949807b69ed4559384) (port 3001) is unhealthy in (target-group arn:aws:elasticloadbalancing:eu-west-2:376129881409:targetgroup/modulus-backend-tg/e78101cec749ba28) due to (reason Health checks failed with these codes: [404])."
2025-07-07T18:48:51.0984590Z             },
2025-07-07T18:48:51.0984848Z             {
2025-07-07T18:48:51.0985214Z                 "id": "e3a2a60b-a603-44e1-b23e-83b0abc09e8b",
2025-07-07T18:48:51.0985726Z                 "createdAt": "2025-07-07T17:40:20.418000+00:00",
2025-07-07T18:48:51.0987034Z                 "message": "(service modulus-backend-service) registered 1 targets in (target-group arn:aws:elasticloadbalancing:eu-west-2:376129881409:targetgroup/modulus-backend-tg/e78101cec749ba28)"
2025-07-07T18:48:51.0988156Z             },
2025-07-07T18:48:51.0988429Z             {
2025-07-07T18:48:51.0988820Z                 "id": "ad2887ff-0ebc-419e-8343-38e241b835dc",
2025-07-07T18:48:51.0989349Z                 "createdAt": "2025-07-07T17:39:49.270000+00:00",
2025-07-07T18:48:51.0990264Z                 "message": "(service modulus-backend-service) has started 1 tasks: (task 1df3f633da6f4f758464b7457620367b)."
2025-07-07T18:48:51.0991241Z             },
2025-07-07T18:48:51.0991527Z             {
2025-07-07T18:48:51.0991923Z                 "id": "ee4aba10-c9c6-4030-b8e5-c8cdff66d7b7",
2025-07-07T18:48:51.0992452Z                 "createdAt": "2025-07-07T17:34:03.182000+00:00",
2025-07-07T18:48:51.0993823Z                 "message": "(service modulus-backend-service) deregistered 1 targets in (target-group arn:aws:elasticloadbalancing:eu-west-2:376129881409:targetgroup/modulus-backend-tg/e78101cec749ba28)"
2025-07-07T18:48:51.0994999Z             },
2025-07-07T18:48:51.0995289Z             {
2025-07-07T18:48:51.0995712Z                 "id": "c3a4732f-af00-4f9d-92cd-49367719dd09",
2025-07-07T18:48:51.0996250Z                 "createdAt": "2025-07-07T17:34:03.108000+00:00",
2025-07-07T18:48:51.0997251Z                 "message": "(service modulus-backend-service, taskSet ecs-svc/8975656048021854660) has begun draining connections on 1 tasks."
2025-07-07T18:48:51.0998074Z             },
2025-07-07T18:48:51.0998355Z             {
2025-07-07T18:48:51.0998722Z                 "id": "045c1927-e2f4-4b55-b0db-2f1348fe4cba",
2025-07-07T18:48:51.0999222Z                 "createdAt": "2025-07-07T17:34:03.104000+00:00",
2025-07-07T18:48:51.1000695Z                 "message": "(service modulus-backend-service) deregistered 1 targets in (target-group arn:aws:elasticloadbalancing:eu-west-2:376129881409:targetgroup/modulus-backend-tg/e78101cec749ba28)"
2025-07-07T18:48:51.1001753Z             },
2025-07-07T18:48:51.1002003Z             {
2025-07-07T18:48:51.1002354Z                 "id": "c5d3d12f-b37a-4c9c-9cde-89340aaa3044",
2025-07-07T18:48:51.1002822Z                 "createdAt": "2025-07-07T17:33:52.995000+00:00",
2025-07-07T18:48:51.1003652Z                 "message": "(service modulus-backend-service) has stopped 1 running tasks: (task d8e1a633299e474e97b94d52bf6fdcb6)."
2025-07-07T18:48:51.1004310Z             },
2025-07-07T18:48:51.1004532Z             {
2025-07-07T18:48:51.1005047Z                 "id": "3435ab40-8946-4575-bf3c-7c805c654b20",
2025-07-07T18:48:51.1005524Z                 "createdAt": "2025-07-07T17:33:52.946000+00:00",
2025-07-07T18:48:51.1007306Z                 "message": "(service modulus-backend-service) (task d8e1a633299e474e97b94d52bf6fdcb6) (port 3001) is unhealthy in (target-group arn:aws:elasticloadbalancing:eu-west-2:376129881409:targetgroup/modulus-backend-tg/e78101cec749ba28) due to (reason Health checks failed with these codes: [404])."
2025-07-07T18:48:51.1018999Z             },
2025-07-07T18:48:51.1019303Z             {
2025-07-07T18:48:51.1019713Z                 "id": "596bb1c1-807d-42b3-bf35-32f00e75c4c9",
2025-07-07T18:48:51.1020291Z                 "createdAt": "2025-07-07T17:32:49.405000+00:00",
2025-07-07T18:48:51.1021970Z                 "message": "(service modulus-backend-service) registered 1 targets in (target-group arn:aws:elasticloadbalancing:eu-west-2:376129881409:targetgroup/modulus-backend-tg/e78101cec749ba28)"
2025-07-07T18:48:51.1023197Z             },
2025-07-07T18:48:51.1023472Z             {
2025-07-07T18:48:51.1023891Z                 "id": "6a38dedd-9cea-477c-bbfe-284e4cee6fb5",
2025-07-07T18:48:51.1024467Z                 "createdAt": "2025-07-07T17:32:28.700000+00:00",
2025-07-07T18:48:51.1025779Z                 "message": "(service modulus-backend-service) has started 1 tasks: (task 17aef78e067348949807b69ed4559384). Amazon ECS replaced 1 tasks due to an unhealthy status."
2025-07-07T18:48:51.1026845Z             },
2025-07-07T18:48:51.1027121Z             {
2025-07-07T18:48:51.1027513Z                 "id": "e27d820c-1ed2-426b-ac2e-372fe7350ddb",
2025-07-07T18:48:51.1028065Z                 "createdAt": "2025-07-07T17:26:31.845000+00:00",
2025-07-07T18:48:51.1029536Z                 "message": "(service modulus-backend-service) deregistered 1 targets in (target-group arn:aws:elasticloadbalancing:eu-west-2:376129881409:targetgroup/modulus-backend-tg/e78101cec749ba28)"
2025-07-07T18:48:51.1030894Z             },
2025-07-07T18:48:51.1031190Z             {
2025-07-07T18:48:51.1031580Z                 "id": "23d71e38-f022-458a-8a63-07314a03f0b5",
2025-07-07T18:48:51.1032151Z                 "createdAt": "2025-07-07T17:26:31.781000+00:00",
2025-07-07T18:48:51.1033225Z                 "message": "(service modulus-backend-service, taskSet ecs-svc/8975656048021854660) has begun draining connections on 1 tasks."
2025-07-07T18:48:51.1034091Z             },
2025-07-07T18:48:51.1034375Z             {
2025-07-07T18:48:51.1034749Z                 "id": "4856d630-be89-438e-817d-3e49f648ce7c",
2025-07-07T18:48:51.1035276Z                 "createdAt": "2025-07-07T17:26:31.777000+00:00",
2025-07-07T18:48:51.1036730Z                 "message": "(service modulus-backend-service) deregistered 1 targets in (target-group arn:aws:elasticloadbalancing:eu-west-2:376129881409:targetgroup/modulus-backend-tg/e78101cec749ba28)"
2025-07-07T18:48:51.1038027Z             },
2025-07-07T18:48:51.1038294Z             {
2025-07-07T18:48:51.1038671Z                 "id": "244ecf67-2d15-480b-8416-02a72f6c216e",
2025-07-07T18:48:51.1039192Z                 "createdAt": "2025-07-07T17:26:22.744000+00:00",
2025-07-07T18:48:51.1040139Z                 "message": "(service modulus-backend-service) has stopped 1 running tasks: (task b9ba7e527129447f9798df6ed751453b)."
2025-07-07T18:48:51.1041051Z             },
2025-07-07T18:48:51.1041315Z             {
2025-07-07T18:48:51.1041681Z                 "id": "b07e2348-1a98-42ef-a2af-6c66a161ff8b",
2025-07-07T18:48:51.1042221Z                 "createdAt": "2025-07-07T17:26:22.697000+00:00",
2025-07-07T18:48:51.1044294Z                 "message": "(service modulus-backend-service) (task b9ba7e527129447f9798df6ed751453b) (port 3001) is unhealthy in (target-group arn:aws:elasticloadbalancing:eu-west-2:376129881409:targetgroup/modulus-backend-tg/e78101cec749ba28) due to (reason Health checks failed with these codes: [404])."
2025-07-07T18:48:51.1046005Z             },
2025-07-07T18:48:51.1046266Z             {
2025-07-07T18:48:51.1046841Z                 "id": "e5e372f7-d8ef-4578-bb66-619d6fbdd320",
2025-07-07T18:48:51.1047402Z                 "createdAt": "2025-07-07T17:25:13.116000+00:00",
2025-07-07T18:48:51.1048793Z                 "message": "(service modulus-backend-service) registered 1 targets in (target-group arn:aws:elasticloadbalancing:eu-west-2:376129881409:targetgroup/modulus-backend-tg/e78101cec749ba28)"
2025-07-07T18:48:51.1049960Z             },
2025-07-07T18:48:51.1050703Z             {
2025-07-07T18:48:51.1051107Z                 "id": "7883118d-de56-4c32-8dbc-a67ab57e4f84",
2025-07-07T18:48:51.1051651Z                 "createdAt": "2025-07-07T17:24:53.674000+00:00",
2025-07-07T18:48:51.1052897Z                 "message": "(service modulus-backend-service) has started 1 tasks: (task d8e1a633299e474e97b94d52bf6fdcb6). Amazon ECS replaced 1 tasks due to an unhealthy status."
2025-07-07T18:48:51.1053901Z             },
2025-07-07T18:48:51.1054177Z             {
2025-07-07T18:48:51.1054523Z                 "id": "10b6299d-f804-4012-83e4-4071ef3583b4",
2025-07-07T18:48:51.1055021Z                 "createdAt": "2025-07-07T14:23:15.427000+00:00",
2025-07-07T18:48:51.1055698Z                 "message": "(service modulus-backend-service) has reached a steady state."
2025-07-07T18:48:51.1056258Z             },
2025-07-07T18:48:51.1056513Z             {
2025-07-07T18:48:51.1056881Z                 "id": "e4ad16f2-8f52-4177-a8ff-2769930c3439",
2025-07-07T18:48:51.1057422Z                 "createdAt": "2025-07-07T14:23:15.426000+00:00",
2025-07-07T18:48:51.1058337Z                 "message": "(service modulus-backend-service) (deployment ecs-svc/8975656048021854660) deployment completed."
2025-07-07T18:48:51.1059083Z             },
2025-07-07T18:48:51.1059341Z             {
2025-07-07T18:48:51.1059724Z                 "id": "59fdefcc-6dbc-4347-bf9c-dd0ab1120c32",
2025-07-07T18:48:51.1060246Z                 "createdAt": "2025-07-07T14:22:23.012000+00:00",
2025-07-07T18:48:51.1061465Z                 "message": "(service modulus-backend-service, taskSet ecs-svc/3617712960545574928) has begun draining connections on 1 tasks."
2025-07-07T18:48:51.1062249Z             },
2025-07-07T18:48:51.1062511Z             {
2025-07-07T18:48:51.1062902Z                 "id": "f931c982-94f4-4911-913f-26ee3776e823",
2025-07-07T18:48:51.1063389Z                 "createdAt": "2025-07-07T14:22:22.995000+00:00",
2025-07-07T18:48:51.1064725Z                 "message": "(service modulus-backend-service) deregistered 1 targets in (target-group arn:aws:elasticloadbalancing:eu-west-2:376129881409:targetgroup/modulus-backend-tg/e78101cec749ba28)"
2025-07-07T18:48:51.1065816Z             },
2025-07-07T18:48:51.1066055Z             {
2025-07-07T18:48:51.1066401Z                 "id": "165362fa-0c13-496e-9499-59f8b9cddd8d",
2025-07-07T18:48:51.1066880Z                 "createdAt": "2025-07-07T14:22:11.885000+00:00",
2025-07-07T18:48:51.1067732Z                 "message": "(service modulus-backend-service) has stopped 1 running tasks: (task 0a3e1a2504f448d7a1c5ed9cc2487bec)."
2025-07-07T18:48:51.1068444Z             },
2025-07-07T18:48:51.1068687Z             {
2025-07-07T18:48:51.1069030Z                 "id": "a7834fb2-898e-4deb-a228-f1d96f2c4298",
2025-07-07T18:48:51.1069514Z                 "createdAt": "2025-07-07T14:21:29.958000+00:00",
2025-07-07T18:48:51.1071057Z                 "message": "(service modulus-backend-service) registered 1 targets in (target-group arn:aws:elasticloadbalancing:eu-west-2:376129881409:targetgroup/modulus-backend-tg/e78101cec749ba28)"
2025-07-07T18:48:51.1072116Z             },
2025-07-07T18:48:51.1072365Z             {
2025-07-07T18:48:51.1072694Z                 "id": "7536463c-a694-4cb5-a239-ac243ddc1954",
2025-07-07T18:48:51.1073176Z                 "createdAt": "2025-07-07T14:20:59.602000+00:00",
2025-07-07T18:48:51.1074023Z                 "message": "(service modulus-backend-service) has started 1 tasks: (task b9ba7e527129447f9798df6ed751453b)."
2025-07-07T18:48:51.1074686Z             },
2025-07-07T18:48:51.1074925Z             {
2025-07-07T18:48:51.1075461Z                 "id": "9c858ead-a430-41f9-a1f1-7b6b085f8206",
2025-07-07T18:48:51.1075972Z                 "createdAt": "2025-07-07T14:02:42.826000+00:00",
2025-07-07T18:48:51.1076614Z                 "message": "(service modulus-backend-service) has reached a steady state."
2025-07-07T18:48:51.1077126Z             },
2025-07-07T18:48:51.1077356Z             {
2025-07-07T18:48:51.1077691Z                 "id": "5415cf5f-898f-4224-a1e9-f1a70094cb99",
2025-07-07T18:48:51.1078343Z                 "createdAt": "2025-07-07T14:02:42.825000+00:00",
2025-07-07T18:48:51.1079163Z                 "message": "(service modulus-backend-service) (deployment ecs-svc/3617712960545574928) deployment completed."
2025-07-07T18:48:51.1079836Z             },
2025-07-07T18:48:51.1080069Z             {
2025-07-07T18:48:51.1080560Z                 "id": "dbf1e837-04d1-4c49-844f-74123443ddf0",
2025-07-07T18:48:51.1081035Z                 "createdAt": "2025-07-07T14:01:28.724000+00:00",
2025-07-07T18:48:51.1081984Z                 "message": "(service modulus-backend-service, taskSet ecs-svc/5211717293633418224) has begun draining connections on 1 tasks."
2025-07-07T18:48:51.1082738Z             },
2025-07-07T18:48:51.1082982Z             {
2025-07-07T18:48:51.1083332Z                 "id": "e86efa30-9231-4086-8c07-59f2e35aa467",
2025-07-07T18:48:51.1083811Z                 "createdAt": "2025-07-07T14:01:28.719000+00:00",
2025-07-07T18:48:51.1085084Z                 "message": "(service modulus-backend-service) deregistered 1 targets in (target-group arn:aws:elasticloadbalancing:eu-west-2:376129881409:targetgroup/modulus-backend-tg/e78101cec749ba28)"
2025-07-07T18:48:51.1086135Z             },
2025-07-07T18:48:51.1086389Z             {
2025-07-07T18:48:51.1086762Z                 "id": "e2ae2a26-8b06-4e1f-a1e8-5ef7dc2555fe",
2025-07-07T18:48:51.1087259Z                 "createdAt": "2025-07-07T14:01:26.684000+00:00",
2025-07-07T18:48:51.1088118Z                 "message": "(service modulus-backend-service) has stopped 1 running tasks: (task e65eaa6be4b1424bafb00478b5375208)."
2025-07-07T18:48:51.1088820Z             },
2025-07-07T18:48:51.1089199Z             {
2025-07-07T18:48:51.1089550Z                 "id": "3db45bfe-2fb7-4419-95e3-0042c31601cc",
2025-07-07T18:48:51.1090013Z                 "createdAt": "2025-07-07T14:00:46.232000+00:00",
2025-07-07T18:48:51.1091812Z                 "message": "(service modulus-backend-service) registered 1 targets in (target-group arn:aws:elasticloadbalancing:eu-west-2:376129881409:targetgroup/modulus-backend-tg/e78101cec749ba28)"
2025-07-07T18:48:51.1092858Z             }
2025-07-07T18:48:51.1093102Z         ],
2025-07-07T18:48:51.1093434Z         "createdAt": "2025-07-07T13:29:56.432000+00:00",
2025-07-07T18:48:51.1093874Z         "placementConstraints": [],
2025-07-07T18:48:51.1094275Z         "placementStrategy": [],
2025-07-07T18:48:51.1094660Z         "networkConfiguration": {
2025-07-07T18:48:51.1095049Z             "awsvpcConfiguration": {
2025-07-07T18:48:51.1095392Z                 "subnets": [
2025-07-07T18:48:51.1095766Z                     "subnet-0cc34cda0d0f7edca",
2025-07-07T18:48:51.1096197Z                     "subnet-040a224ccafdbf8e7"
2025-07-07T18:48:51.1096572Z                 ],
2025-07-07T18:48:51.1096916Z                 "securityGroups": [
2025-07-07T18:48:51.1097313Z                     "sg-0d1bc20a296f7ef7e"
2025-07-07T18:48:51.1097659Z                 ],
2025-07-07T18:48:51.1097990Z                 "assignPublicIp": "ENABLED"
2025-07-07T18:48:51.1098337Z             }
2025-07-07T18:48:51.1098578Z         },
2025-07-07T18:48:51.1098902Z         "healthCheckGracePeriodSeconds": 300,
2025-07-07T18:48:51.1099343Z         "schedulingStrategy": "REPLICA",
2025-07-07T18:48:51.1099753Z         "deploymentController": {
2025-07-07T18:48:51.1100105Z             "type": "ECS"
2025-07-07T18:48:51.1100542Z         },
2025-07-07T18:48:51.1100998Z         "createdBy": "arn:aws:iam::376129881409:user/modulus-github",
2025-07-07T18:48:51.1101482Z         "enableECSManagedTags": false,
2025-07-07T18:48:51.1102054Z         "propagateTags": "NONE",
2025-07-07T18:48:51.1102460Z         "enableExecuteCommand": false,
2025-07-07T18:48:51.1102908Z         "availabilityZoneRebalancing": "DISABLED"
2025-07-07T18:48:51.1103290Z     }
2025-07-07T18:48:51.1103510Z }
2025-07-07T18:48:51.1569700Z [0;34mℹ️  Waiting for backend service to stabilize...[0m
2025-07-07T18:59:00.3583515Z 
2025-07-07T18:59:00.3584460Z Waiter ServicesStable failed: Max attempts exceeded
2025-07-07T18:59:00.4455727Z ##[error]Process completed with exit code 255.
2025-07-07T18:59:00.4520904Z Post job cleanup.
2025-07-07T18:59:00.7587716Z ##[group]Removing builder
2025-07-07T18:59:00.9161526Z [command]/usr/bin/docker buildx rm builder-c1e599c2-66d5-4ed2-8c50-a97c2e5964d1
2025-07-07T18:59:01.1565718Z builder-c1e599c2-66d5-4ed2-8c50-a97c2e5964d1 removed
2025-07-07T18:59:01.1661435Z ##[endgroup]
2025-07-07T18:59:01.1668273Z ##[group]Cleaning up certificates
2025-07-07T18:59:01.1685806Z ##[endgroup]
2025-07-07T18:59:01.1686443Z ##[group]Post cache
2025-07-07T18:59:01.1695231Z State not set
2025-07-07T18:59:01.1701298Z ##[endgroup]
2025-07-07T18:59:01.1948621Z Post job cleanup.
2025-07-07T18:59:01.3215020Z Post job cleanup.
2025-07-07T18:59:01.4220963Z [command]/usr/bin/git version
2025-07-07T18:59:01.4263510Z git version 2.49.0
2025-07-07T18:59:01.4314831Z Temporarily overriding HOME='/home/runner/work/_temp/68199cd7-2f82-46e0-b2c0-4ad98603559c' before making global git config changes
2025-07-07T18:59:01.4318147Z Adding repository directory to the temporary git global config as a safe directory
2025-07-07T18:59:01.4322760Z [command]/usr/bin/git config --global --add safe.directory /home/runner/work/Modulus/Modulus
2025-07-07T18:59:01.4371205Z [command]/usr/bin/git config --local --name-only --get-regexp core\.sshCommand
2025-07-07T18:59:01.4409008Z [command]/usr/bin/git submodule foreach --recursive sh -c "git config --local --name-only --get-regexp 'core\.sshCommand' && git config --local --unset-all 'core.sshCommand' || :"
2025-07-07T18:59:01.4658808Z [command]/usr/bin/git config --local --name-only --get-regexp http\.https\:\/\/github\.com\/\.extraheader
2025-07-07T18:59:01.4686708Z http.https://github.com/.extraheader
2025-07-07T18:59:01.4701946Z [command]/usr/bin/git config --local --unset-all http.https://github.com/.extraheader
2025-07-07T18:59:01.4737892Z [command]/usr/bin/git submodule foreach --recursive sh -c "git config --local --name-only --get-regexp 'http\.https\:\/\/github\.com\/\.extraheader' && git config --local --unset-all 'http.https://github.com/.extraheader' || :"
2025-07-07T18:59:01.5098700Z Cleaning up orphan processes
