2025-07-07T20:30:53.6077638Z Current runner version: '2.325.0'
2025-07-07T20:30:53.6113545Z ##[group]Runner Image Provisioner
2025-07-07T20:30:53.6114873Z Hosted Compute Agent
2025-07-07T20:30:53.6115751Z Version: 20250620.352
2025-07-07T20:30:53.6116859Z Commit: f262f3aba23b10ea191b2a62bdee1ca4c3d344da
2025-07-07T20:30:53.6117989Z Build Date: 2025-06-20T19:27:17Z
2025-07-07T20:30:53.6118951Z ##[endgroup]
2025-07-07T20:30:53.6119906Z ##[group]Operating System
2025-07-07T20:30:53.6120870Z Ubuntu
2025-07-07T20:30:53.6121571Z 24.04.2
2025-07-07T20:30:53.6122389Z LTS
2025-07-07T20:30:53.6123424Z ##[endgroup]
2025-07-07T20:30:53.6124358Z ##[group]Runner Image
2025-07-07T20:30:53.6125443Z Image: ubuntu-24.04
2025-07-07T20:30:53.6126415Z Version: 20250622.1.0
2025-07-07T20:30:53.6128184Z Included Software: https://github.com/actions/runner-images/blob/ubuntu24/20250622.1/images/ubuntu/Ubuntu2404-Readme.md
2025-07-07T20:30:53.6131146Z Image Release: https://github.com/actions/runner-images/releases/tag/ubuntu24%2F20250622.1
2025-07-07T20:30:53.6133075Z ##[endgroup]
2025-07-07T20:30:53.6135022Z ##[group]GITHUB_TOKEN Permissions
2025-07-07T20:30:53.6137551Z Contents: read
2025-07-07T20:30:53.6138521Z Metadata: read
2025-07-07T20:30:53.6139369Z Packages: read
2025-07-07T20:30:53.6140173Z ##[endgroup]
2025-07-07T20:30:53.6143452Z Secret source: Actions
2025-07-07T20:30:53.6144610Z Prepare workflow directory
2025-07-07T20:30:53.6944142Z Prepare all required actions
2025-07-07T20:30:53.7002316Z Getting action download info
2025-07-07T20:30:54.2499175Z ##[group]Download immutable action package 'actions/checkout@v4'
2025-07-07T20:30:54.2500195Z Version: 4.2.2
2025-07-07T20:30:54.2501396Z Digest: sha256:ccb2698953eaebd21c7bf6268a94f9c26518a7e38e27e0b83c1fe1ad049819b1
2025-07-07T20:30:54.2502604Z Source commit SHA: 11bd71901bbe5b1630ceea73d27597364c9af683
2025-07-07T20:30:54.2503528Z ##[endgroup]
2025-07-07T20:30:54.3522014Z ##[group]Download immutable action package 'actions/setup-node@v4'
2025-07-07T20:30:54.3523082Z Version: 4.4.0
2025-07-07T20:30:54.3523915Z Digest: sha256:9427cefe82346e992fb5b949e3569b39d537ae41aa3086483b14eceebfc16bc1
2025-07-07T20:30:54.3524896Z Source commit SHA: 49933ea5288caeca8642d1e84afbd3f7d6820020
2025-07-07T20:30:54.3525619Z ##[endgroup]
2025-07-07T20:30:54.4479187Z Download action repository 'aws-actions/configure-aws-credentials@v4' (SHA:e3dd6a429d7300a6a4c196c26e071d42e0343502)
2025-07-07T20:30:55.1072333Z ##[group]Download immutable action package 'docker/setup-buildx-action@v3'
2025-07-07T20:30:55.1076051Z Version: 3.11.1
2025-07-07T20:30:55.1077483Z Digest: sha256:b58e632d2d812e161c8abeba6def9f56b420aa9ae41d825a8408241bcad0f303
2025-07-07T20:30:55.1079206Z Source commit SHA: e468171a9de216ec08956ac3ada2f0791b6bd435
2025-07-07T20:30:55.1080346Z ##[endgroup]
2025-07-07T20:30:55.6143441Z Complete job name: deploy
2025-07-07T20:30:55.6896837Z ##[group]Run actions/checkout@v4
2025-07-07T20:30:55.6898097Z with:
2025-07-07T20:30:55.6898794Z   repository: mahtabmehek/Modulus
2025-07-07T20:30:55.6900000Z   token: ***
2025-07-07T20:30:55.6900712Z   ssh-strict: true
2025-07-07T20:30:55.6901426Z   ssh-user: git
2025-07-07T20:30:55.6902164Z   persist-credentials: true
2025-07-07T20:30:55.6903146Z   clean: true
2025-07-07T20:30:55.6903892Z   sparse-checkout-cone-mode: true
2025-07-07T20:30:55.6904793Z   fetch-depth: 1
2025-07-07T20:30:55.6905503Z   fetch-tags: false
2025-07-07T20:30:55.6906249Z   show-progress: true
2025-07-07T20:30:55.6906999Z   lfs: false
2025-07-07T20:30:55.6907672Z   submodules: false
2025-07-07T20:30:55.6908439Z   set-safe-directory: true
2025-07-07T20:30:55.6909497Z env:
2025-07-07T20:30:55.6910148Z   AWS_REGION: eu-west-2
2025-07-07T20:30:55.6910901Z ##[endgroup]
2025-07-07T20:30:55.8067815Z Syncing repository: mahtabmehek/Modulus
2025-07-07T20:30:55.8071916Z ##[group]Getting Git version info
2025-07-07T20:30:55.8074669Z Working directory is '/home/runner/work/Modulus/Modulus'
2025-07-07T20:30:55.8078445Z [command]/usr/bin/git version
2025-07-07T20:30:55.8182135Z git version 2.49.0
2025-07-07T20:30:55.8213225Z ##[endgroup]
2025-07-07T20:30:55.8229289Z Temporarily overriding HOME='/home/runner/work/_temp/b9fdda6a-9ebf-486c-aa33-7d67b2232952' before making global git config changes
2025-07-07T20:30:55.8235760Z Adding repository directory to the temporary git global config as a safe directory
2025-07-07T20:30:55.8239841Z [command]/usr/bin/git config --global --add safe.directory /home/runner/work/Modulus/Modulus
2025-07-07T20:30:55.8291464Z Deleting the contents of '/home/runner/work/Modulus/Modulus'
2025-07-07T20:30:55.8299434Z ##[group]Initializing the repository
2025-07-07T20:30:55.8304542Z [command]/usr/bin/git init /home/runner/work/Modulus/Modulus
2025-07-07T20:30:55.8387595Z hint: Using 'master' as the name for the initial branch. This default branch name
2025-07-07T20:30:55.8390536Z hint: is subject to change. To configure the initial branch name to use in all
2025-07-07T20:30:55.8392612Z hint: of your new repositories, which will suppress this warning, call:
2025-07-07T20:30:55.8395002Z hint:
2025-07-07T20:30:55.8396398Z hint: 	git config --global init.defaultBranch <name>
2025-07-07T20:30:55.8398225Z hint:
2025-07-07T20:30:55.8399997Z hint: Names commonly chosen instead of 'master' are 'main', 'trunk' and
2025-07-07T20:30:55.8403383Z hint: 'development'. The just-created branch can be renamed via this command:
2025-07-07T20:30:55.8405747Z hint:
2025-07-07T20:30:55.8406892Z hint: 	git branch -m <name>
2025-07-07T20:30:55.8409441Z Initialized empty Git repository in /home/runner/work/Modulus/Modulus/.git/
2025-07-07T20:30:55.8415686Z [command]/usr/bin/git remote add origin https://github.com/mahtabmehek/Modulus
2025-07-07T20:30:55.8458780Z ##[endgroup]
2025-07-07T20:30:55.8461266Z ##[group]Disabling automatic garbage collection
2025-07-07T20:30:55.8464217Z [command]/usr/bin/git config --local gc.auto 0
2025-07-07T20:30:55.8496411Z ##[endgroup]
2025-07-07T20:30:55.8498478Z ##[group]Setting up auth
2025-07-07T20:30:55.8504107Z [command]/usr/bin/git config --local --name-only --get-regexp core\.sshCommand
2025-07-07T20:30:55.8539719Z [command]/usr/bin/git submodule foreach --recursive sh -c "git config --local --name-only --get-regexp 'core\.sshCommand' && git config --local --unset-all 'core.sshCommand' || :"
2025-07-07T20:30:55.8868956Z [command]/usr/bin/git config --local --name-only --get-regexp http\.https\:\/\/github\.com\/\.extraheader
2025-07-07T20:30:55.8906270Z [command]/usr/bin/git submodule foreach --recursive sh -c "git config --local --name-only --get-regexp 'http\.https\:\/\/github\.com\/\.extraheader' && git config --local --unset-all 'http.https://github.com/.extraheader' || :"
2025-07-07T20:30:55.9143757Z [command]/usr/bin/git config --local http.https://github.com/.extraheader AUTHORIZATION: basic ***
2025-07-07T20:30:55.9181923Z ##[endgroup]
2025-07-07T20:30:55.9185026Z ##[group]Fetching the repository
2025-07-07T20:30:55.9204548Z [command]/usr/bin/git -c protocol.version=2 fetch --no-tags --prune --no-recurse-submodules --depth=1 origin +569e494a14ce51471c1e571e5688265898655ccc:refs/remotes/origin/master
2025-07-07T20:30:56.6618163Z From https://github.com/mahtabmehek/Modulus
2025-07-07T20:30:56.6621412Z  * [new ref]         569e494a14ce51471c1e571e5688265898655ccc -> origin/master
2025-07-07T20:30:56.6669260Z ##[endgroup]
2025-07-07T20:30:56.6670233Z ##[group]Determining the checkout info
2025-07-07T20:30:56.6671184Z ##[endgroup]
2025-07-07T20:30:56.6671736Z [command]/usr/bin/git sparse-checkout disable
2025-07-07T20:30:56.6730899Z [command]/usr/bin/git config --local --unset-all extensions.worktreeConfig
2025-07-07T20:30:56.6780351Z ##[group]Checking out the ref
2025-07-07T20:30:56.6782734Z [command]/usr/bin/git checkout --progress --force -B master refs/remotes/origin/master
2025-07-07T20:30:56.7046056Z Reset branch 'master'
2025-07-07T20:30:56.7047693Z branch 'master' set up to track 'origin/master'.
2025-07-07T20:30:56.7056676Z ##[endgroup]
2025-07-07T20:30:56.7113996Z [command]/usr/bin/git log -1 --format=%H
2025-07-07T20:30:56.7145793Z 569e494a14ce51471c1e571e5688265898655ccc
2025-07-07T20:30:56.7492038Z ##[group]Run actions/setup-node@v4
2025-07-07T20:30:56.7492780Z with:
2025-07-07T20:30:56.7493443Z   node-version: 18
2025-07-07T20:30:56.7493821Z   always-auth: false
2025-07-07T20:30:56.7494204Z   check-latest: false
2025-07-07T20:30:56.7494815Z   token: ***
2025-07-07T20:30:56.7495168Z env:
2025-07-07T20:30:56.7495514Z   AWS_REGION: eu-west-2
2025-07-07T20:30:56.7495899Z ##[endgroup]
2025-07-07T20:30:56.9290457Z Found in cache @ /opt/hostedtoolcache/node/18.20.8/x64
2025-07-07T20:30:56.9296159Z ##[group]Environment details
2025-07-07T20:30:59.4804170Z node: v18.20.8
2025-07-07T20:30:59.4805523Z npm: 10.8.2
2025-07-07T20:30:59.4806399Z yarn: 1.22.22
2025-07-07T20:30:59.4807816Z ##[endgroup]
2025-07-07T20:30:59.5043402Z ##[group]Run aws-actions/configure-aws-credentials@v4
2025-07-07T20:30:59.5043753Z with:
2025-07-07T20:30:59.5044078Z   aws-access-key-id: ***
2025-07-07T20:30:59.5044409Z   aws-secret-access-key: ***
2025-07-07T20:30:59.5044636Z   aws-region: eu-west-2
2025-07-07T20:30:59.5044840Z   audience: sts.amazonaws.com
2025-07-07T20:30:59.5045066Z env:
2025-07-07T20:30:59.5045229Z   AWS_REGION: eu-west-2
2025-07-07T20:30:59.5045427Z ##[endgroup]
2025-07-07T20:31:00.3153506Z Proceeding with IAM user credentials
2025-07-07T20:31:00.3252356Z ##[group]Run docker/setup-buildx-action@v3
2025-07-07T20:31:00.3252663Z with:
2025-07-07T20:31:00.3253124Z   driver: docker-container
2025-07-07T20:31:00.3253419Z   install: false
2025-07-07T20:31:00.3253599Z   use: true
2025-07-07T20:31:00.3253774Z   keep-state: false
2025-07-07T20:31:00.3253966Z   cache-binary: true
2025-07-07T20:31:00.3254157Z   cleanup: true
2025-07-07T20:31:00.3254325Z env:
2025-07-07T20:31:00.3254495Z   AWS_REGION: eu-west-2
2025-07-07T20:31:00.3254711Z   AWS_DEFAULT_REGION: eu-west-2
2025-07-07T20:31:00.3255055Z   AWS_ACCESS_KEY_ID: ***
2025-07-07T20:31:00.3255361Z   AWS_SECRET_ACCESS_KEY: ***
2025-07-07T20:31:00.3255573Z ##[endgroup]
2025-07-07T20:31:00.6670910Z ##[group]Docker info
2025-07-07T20:31:00.6715490Z [command]/usr/bin/docker version
2025-07-07T20:31:00.7527033Z Client: Docker Engine - Community
2025-07-07T20:31:00.7527528Z  Version:           28.0.4
2025-07-07T20:31:00.7527940Z  API version:       1.48
2025-07-07T20:31:00.7528422Z  Go version:        go1.23.7
2025-07-07T20:31:00.7528809Z  Git commit:        b8034c0
2025-07-07T20:31:00.7529246Z  Built:             Tue Mar 25 15:07:16 2025
2025-07-07T20:31:00.7529746Z  OS/Arch:           linux/amd64
2025-07-07T20:31:00.7530175Z  Context:           default
2025-07-07T20:31:00.7530428Z 
2025-07-07T20:31:00.7530729Z Server: Docker Engine - Community
2025-07-07T20:31:00.7531189Z  Engine:
2025-07-07T20:31:00.7531572Z   Version:          28.0.4
2025-07-07T20:31:00.7532117Z   API version:      1.48 (minimum version 1.24)
2025-07-07T20:31:00.7532681Z   Go version:       go1.23.7
2025-07-07T20:31:00.7533527Z   Git commit:       6430e49
2025-07-07T20:31:00.7534034Z   Built:            Tue Mar 25 15:07:16 2025
2025-07-07T20:31:00.7534599Z   OS/Arch:          linux/amd64
2025-07-07T20:31:00.7535031Z   Experimental:     false
2025-07-07T20:31:00.7535442Z  containerd:
2025-07-07T20:31:00.7535774Z   Version:          1.7.27
2025-07-07T20:31:00.7536353Z   GitCommit:        05044ec0a9a75232cad458027ca83437aae3f4da
2025-07-07T20:31:00.7536881Z  runc:
2025-07-07T20:31:00.7537226Z   Version:          1.2.5
2025-07-07T20:31:00.7537714Z   GitCommit:        v1.2.5-0-g59923ef
2025-07-07T20:31:00.7538188Z  docker-init:
2025-07-07T20:31:00.7538600Z   Version:          0.19.0
2025-07-07T20:31:00.7539021Z   GitCommit:        de40ad0
2025-07-07T20:31:00.7581082Z [command]/usr/bin/docker info
2025-07-07T20:31:00.9659875Z Client: Docker Engine - Community
2025-07-07T20:31:00.9661730Z  Version:    28.0.4
2025-07-07T20:31:00.9662082Z  Context:    default
2025-07-07T20:31:00.9662424Z  Debug Mode: false
2025-07-07T20:31:00.9662729Z  Plugins:
2025-07-07T20:31:00.9663293Z   buildx: Docker Buildx (Docker Inc.)
2025-07-07T20:31:00.9663692Z     Version:  v0.25.0
2025-07-07T20:31:00.9664496Z     Path:     /usr/libexec/docker/cli-plugins/docker-buildx
2025-07-07T20:31:00.9665363Z   compose: Docker Compose (Docker Inc.)
2025-07-07T20:31:00.9665789Z     Version:  v2.36.2
2025-07-07T20:31:00.9666269Z     Path:     /usr/libexec/docker/cli-plugins/docker-compose
2025-07-07T20:31:00.9666640Z 
2025-07-07T20:31:00.9666792Z Server:
2025-07-07T20:31:00.9667085Z  Containers: 0
2025-07-07T20:31:00.9667418Z   Running: 0
2025-07-07T20:31:00.9667736Z   Paused: 0
2025-07-07T20:31:00.9668043Z   Stopped: 0
2025-07-07T20:31:00.9668333Z  Images: 0
2025-07-07T20:31:00.9668668Z  Server Version: 28.0.4
2025-07-07T20:31:00.9669067Z  Storage Driver: overlay2
2025-07-07T20:31:00.9669486Z   Backing Filesystem: extfs
2025-07-07T20:31:00.9669903Z   Supports d_type: true
2025-07-07T20:31:00.9670313Z   Using metacopy: false
2025-07-07T20:31:00.9670720Z   Native Overlay Diff: false
2025-07-07T20:31:00.9671103Z   userxattr: false
2025-07-07T20:31:00.9671460Z  Logging Driver: json-file
2025-07-07T20:31:00.9671861Z  Cgroup Driver: systemd
2025-07-07T20:31:00.9672228Z  Cgroup Version: 2
2025-07-07T20:31:00.9672559Z  Plugins:
2025-07-07T20:31:00.9673650Z   Volume: local
2025-07-07T20:31:00.9674160Z   Network: bridge host ipvlan macvlan null overlay
2025-07-07T20:31:00.9675229Z   Log: awslogs fluentd gcplogs gelf journald json-file local splunk syslog
2025-07-07T20:31:00.9675843Z  Swarm: inactive
2025-07-07T20:31:00.9676232Z  Runtimes: io.containerd.runc.v2 runc
2025-07-07T20:31:00.9676671Z  Default Runtime: runc
2025-07-07T20:31:00.9677033Z  Init Binary: docker-init
2025-07-07T20:31:00.9677572Z  containerd version: 05044ec0a9a75232cad458027ca83437aae3f4da
2025-07-07T20:31:00.9678161Z  runc version: v1.2.5-0-g59923ef
2025-07-07T20:31:00.9678563Z  init version: de40ad0
2025-07-07T20:31:00.9678884Z  Security Options:
2025-07-07T20:31:00.9679177Z   apparmor
2025-07-07T20:31:00.9679460Z   seccomp
2025-07-07T20:31:00.9679964Z    Profile: builtin
2025-07-07T20:31:00.9680279Z   cgroupns
2025-07-07T20:31:00.9680780Z  Kernel Version: 6.11.0-1015-azure
2025-07-07T20:31:00.9681275Z  Operating System: Ubuntu 24.04.2 LTS
2025-07-07T20:31:00.9681735Z  OSType: linux
2025-07-07T20:31:00.9682086Z  Architecture: x86_64
2025-07-07T20:31:00.9682428Z  CPUs: 2
2025-07-07T20:31:00.9682751Z  Total Memory: 7.758GiB
2025-07-07T20:31:00.9683335Z  Name: pkrvmbietmlfzoi
2025-07-07T20:31:00.9683778Z  ID: a502c559-9809-4f96-84c0-6fa0b04836ec
2025-07-07T20:31:00.9684280Z  Docker Root Dir: /var/lib/docker
2025-07-07T20:31:00.9684757Z  Debug Mode: false
2025-07-07T20:31:00.9685111Z  Username: githubactions
2025-07-07T20:31:00.9685503Z  Experimental: false
2025-07-07T20:31:00.9685870Z  Insecure Registries:
2025-07-07T20:31:00.9686343Z   ::1/128
2025-07-07T20:31:00.9686635Z   127.0.0.0/8
2025-07-07T20:31:00.9686977Z  Live Restore Enabled: false
2025-07-07T20:31:00.9687222Z 
2025-07-07T20:31:00.9707080Z ##[endgroup]
2025-07-07T20:31:01.0392445Z ##[group]Buildx version
2025-07-07T20:31:01.0433419Z [command]/usr/bin/docker buildx version
2025-07-07T20:31:01.0934298Z github.com/docker/buildx v0.25.0 faaea65da4ba0e58a13cd9cadcb950c51cf3b3c9
2025-07-07T20:31:01.0967772Z ##[endgroup]
2025-07-07T20:31:01.1140218Z ##[group]Inspecting default docker context
2025-07-07T20:31:01.1321673Z [
2025-07-07T20:31:01.1322093Z   {
2025-07-07T20:31:01.1322474Z     "Name": "default",
2025-07-07T20:31:01.1323141Z     "Metadata": {},
2025-07-07T20:31:01.1323533Z     "Endpoints": {
2025-07-07T20:31:01.1323899Z       "docker": {
2025-07-07T20:31:01.1324750Z         "Host": "unix:///var/run/docker.sock",
2025-07-07T20:31:01.1325312Z         "SkipTLSVerify": false
2025-07-07T20:31:01.1325724Z       }
2025-07-07T20:31:01.1326030Z     },
2025-07-07T20:31:01.1326353Z     "TLSMaterial": {},
2025-07-07T20:31:01.1326727Z     "Storage": {
2025-07-07T20:31:01.1327143Z       "MetadataPath": "<IN MEMORY>",
2025-07-07T20:31:01.1327669Z       "TLSPath": "<IN MEMORY>"
2025-07-07T20:31:01.1328070Z     }
2025-07-07T20:31:01.1328386Z   }
2025-07-07T20:31:01.1328676Z ]
2025-07-07T20:31:01.1329351Z ##[endgroup]
2025-07-07T20:31:01.1330049Z ##[group]Creating a new builder instance
2025-07-07T20:31:01.2428338Z [command]/usr/bin/docker buildx create --name builder-7604305a-4c99-4d00-9d82-fe44795db36d --driver docker-container --buildkitd-flags --allow-insecure-entitlement security.insecure --allow-insecure-entitlement network.host --use
2025-07-07T20:31:01.3305508Z builder-7604305a-4c99-4d00-9d82-fe44795db36d
2025-07-07T20:31:01.3346929Z ##[endgroup]
2025-07-07T20:31:01.3349653Z ##[group]Booting builder
2025-07-07T20:31:01.3390000Z [command]/usr/bin/docker buildx inspect --bootstrap --builder builder-7604305a-4c99-4d00-9d82-fe44795db36d
2025-07-07T20:31:01.3888330Z #1 [internal] booting buildkit
2025-07-07T20:31:01.5405664Z #1 pulling image moby/buildkit:buildx-stable-1
2025-07-07T20:31:06.2730056Z #1 pulling image moby/buildkit:buildx-stable-1 4.9s done
2025-07-07T20:31:06.4238752Z #1 creating container buildx_buildkit_builder-7604305a-4c99-4d00-9d82-fe44795db36d0
2025-07-07T20:31:06.5988513Z #1 creating container buildx_buildkit_builder-7604305a-4c99-4d00-9d82-fe44795db36d0 0.3s done
2025-07-07T20:31:06.6051818Z #1 DONE 5.2s
2025-07-07T20:31:06.6567912Z Name:          builder-7604305a-4c99-4d00-9d82-fe44795db36d
2025-07-07T20:31:06.6569612Z Driver:        docker-container
2025-07-07T20:31:06.6570757Z Last Activity: 2025-07-07 20:31:01 +0000 UTC
2025-07-07T20:31:06.6571069Z 
2025-07-07T20:31:06.6571197Z Nodes:
2025-07-07T20:31:06.6571700Z Name:                  builder-7604305a-4c99-4d00-9d82-fe44795db36d0
2025-07-07T20:31:06.6572352Z Endpoint:              unix:///var/run/docker.sock
2025-07-07T20:31:06.6573057Z Status:                running
2025-07-07T20:31:06.6574144Z BuildKit daemon flags: --allow-insecure-entitlement security.insecure --allow-insecure-entitlement network.host
2025-07-07T20:31:06.6575059Z BuildKit version:      v0.22.0
2025-07-07T20:31:06.6575728Z Platforms:             linux/amd64, linux/amd64/v2, linux/amd64/v3, linux/386
2025-07-07T20:31:06.6576265Z Labels:
2025-07-07T20:31:06.6576714Z  org.mobyproject.buildkit.worker.executor:         oci
2025-07-07T20:31:06.6577430Z  org.mobyproject.buildkit.worker.hostname:         9ee7b36d2ef6
2025-07-07T20:31:06.6578142Z  org.mobyproject.buildkit.worker.network:          host
2025-07-07T20:31:06.6578853Z  org.mobyproject.buildkit.worker.oci.process-mode: sandbox
2025-07-07T20:31:06.6579579Z  org.mobyproject.buildkit.worker.selinux.enabled:  false
2025-07-07T20:31:06.6580300Z  org.mobyproject.buildkit.worker.snapshotter:      overlayfs
2025-07-07T20:31:06.6580855Z GC Policy rule#0:
2025-07-07T20:31:06.6581164Z  All:            false
2025-07-07T20:31:06.6581772Z  Filters:        type==source.local,type==exec.cachemount,type==source.git.checkout
2025-07-07T20:31:06.6582391Z  Keep Duration:  48h0m0s
2025-07-07T20:31:06.6582745Z  Max Used Space: 488.3MiB
2025-07-07T20:31:06.6583416Z GC Policy rule#1:
2025-07-07T20:31:06.6583722Z  All:            false
2025-07-07T20:31:06.6584017Z  Keep Duration:  1440h0m0s
2025-07-07T20:31:06.6584349Z  Reserved Space: 7.451GiB
2025-07-07T20:31:06.6584687Z  Max Used Space: 54.02GiB
2025-07-07T20:31:06.6585075Z  Min Free Space: 13.97GiB
2025-07-07T20:31:06.6585443Z GC Policy rule#2:
2025-07-07T20:31:06.6585754Z  All:            false
2025-07-07T20:31:06.6586083Z  Reserved Space: 7.451GiB
2025-07-07T20:31:06.6586456Z  Max Used Space: 54.02GiB
2025-07-07T20:31:06.6586815Z  Min Free Space: 13.97GiB
2025-07-07T20:31:06.6587193Z GC Policy rule#3:
2025-07-07T20:31:06.6587546Z  All:            true
2025-07-07T20:31:06.6587914Z  Reserved Space: 7.451GiB
2025-07-07T20:31:06.6588290Z  Max Used Space: 54.02GiB
2025-07-07T20:31:06.6588700Z  Min Free Space: 13.97GiB
2025-07-07T20:31:06.6652252Z ##[endgroup]
2025-07-07T20:31:06.7580083Z ##[group]Inspect builder
2025-07-07T20:31:06.7581836Z {
2025-07-07T20:31:06.7582105Z   "nodes": [
2025-07-07T20:31:06.7582384Z     {
2025-07-07T20:31:06.7583057Z       "name": "builder-7604305a-4c99-4d00-9d82-fe44795db36d0",
2025-07-07T20:31:06.7583680Z       "endpoint": "unix:///var/run/docker.sock",
2025-07-07T20:31:06.7584133Z       "status": "running",
2025-07-07T20:31:06.7585422Z       "buildkitd-flags": "--allow-insecure-entitlement security.insecure --allow-insecure-entitlement network.host",
2025-07-07T20:31:06.7586264Z       "buildkit": "v0.22.0",
2025-07-07T20:31:06.7586893Z       "platforms": "linux/amd64,linux/amd64/v2,linux/amd64/v3,linux/386",
2025-07-07T20:31:06.7587442Z       "features": {
2025-07-07T20:31:06.7587997Z         "Automatically load images to the Docker Engine image store": true,
2025-07-07T20:31:06.7588573Z         "Cache export": true,
2025-07-07T20:31:06.7588950Z         "Direct push": true,
2025-07-07T20:31:06.7589364Z         "Docker exporter": true,
2025-07-07T20:31:06.7589797Z         "Multi-platform build": true,
2025-07-07T20:31:06.7590222Z         "OCI exporter": true
2025-07-07T20:31:06.7590568Z       },
2025-07-07T20:31:06.7590835Z       "labels": {
2025-07-07T20:31:06.7591302Z         "org.mobyproject.buildkit.worker.executor": "oci",
2025-07-07T20:31:06.7592020Z         "org.mobyproject.buildkit.worker.hostname": "9ee7b36d2ef6",
2025-07-07T20:31:06.7592737Z         "org.mobyproject.buildkit.worker.network": "host",
2025-07-07T20:31:06.7593642Z         "org.mobyproject.buildkit.worker.oci.process-mode": "sandbox",
2025-07-07T20:31:06.7594629Z         "org.mobyproject.buildkit.worker.selinux.enabled": "false",
2025-07-07T20:31:06.7595423Z         "org.mobyproject.buildkit.worker.snapshotter": "overlayfs"
2025-07-07T20:31:06.7595944Z       },
2025-07-07T20:31:06.7596269Z       "gcPolicy": [
2025-07-07T20:31:06.7596554Z         {
2025-07-07T20:31:06.7596829Z           "all": false,
2025-07-07T20:31:06.7597149Z           "filter": [
2025-07-07T20:31:06.7597516Z             "type==source.local",
2025-07-07T20:31:06.7597933Z             "type==exec.cachemount",
2025-07-07T20:31:06.7598384Z             "type==source.git.checkout"
2025-07-07T20:31:06.7598779Z           ],
2025-07-07T20:31:06.7599124Z           "keepDuration": "48h0m0s",
2025-07-07T20:31:06.7599550Z           "maxUsedSpace": "488.3MiB"
2025-07-07T20:31:06.7599914Z         },
2025-07-07T20:31:06.7600185Z         {
2025-07-07T20:31:06.7600455Z           "all": false,
2025-07-07T20:31:06.7600818Z           "keepDuration": "1440h0m0s",
2025-07-07T20:31:06.7601252Z           "reservedSpace": "7.451GiB",
2025-07-07T20:31:06.7601709Z           "maxUsedSpace": "54.02GiB",
2025-07-07T20:31:06.7602153Z           "minFreeSpace": "13.97GiB"
2025-07-07T20:31:06.7602507Z         },
2025-07-07T20:31:06.7602765Z         {
2025-07-07T20:31:06.7603200Z           "all": false,
2025-07-07T20:31:06.7603574Z           "reservedSpace": "7.451GiB",
2025-07-07T20:31:06.7604007Z           "maxUsedSpace": "54.02GiB",
2025-07-07T20:31:06.7604447Z           "minFreeSpace": "13.97GiB"
2025-07-07T20:31:06.7604818Z         },
2025-07-07T20:31:06.7605082Z         {
2025-07-07T20:31:06.7605352Z           "all": true,
2025-07-07T20:31:06.7605735Z           "reservedSpace": "7.451GiB",
2025-07-07T20:31:06.7606189Z           "maxUsedSpace": "54.02GiB",
2025-07-07T20:31:06.7606630Z           "minFreeSpace": "13.97GiB"
2025-07-07T20:31:06.7607014Z         }
2025-07-07T20:31:06.7607276Z       ]
2025-07-07T20:31:06.7607536Z     }
2025-07-07T20:31:06.7607781Z   ],
2025-07-07T20:31:06.7608197Z   "name": "builder-7604305a-4c99-4d00-9d82-fe44795db36d",
2025-07-07T20:31:06.7608731Z   "driver": "docker-container",
2025-07-07T20:31:06.7609185Z   "lastActivity": "2025-07-07T20:31:01.000Z"
2025-07-07T20:31:06.7609576Z }
2025-07-07T20:31:06.7610068Z ##[endgroup]
2025-07-07T20:31:06.7610565Z ##[group]BuildKit version
2025-07-07T20:31:06.7611118Z builder-7604305a-4c99-4d00-9d82-fe44795db36d0: v0.22.0
2025-07-07T20:31:06.7611795Z ##[endgroup]
2025-07-07T20:31:06.7705362Z ##[group]Run chmod +x ./backend-deployment.sh
2025-07-07T20:31:06.7705769Z [36;1mchmod +x ./backend-deployment.sh[0m
2025-07-07T20:31:06.7706045Z [36;1m./backend-deployment.sh[0m
2025-07-07T20:31:06.7806426Z shell: /usr/bin/bash -e {0}
2025-07-07T20:31:06.7806689Z env:
2025-07-07T20:31:06.7806899Z   AWS_REGION: eu-west-2
2025-07-07T20:31:06.7807174Z   AWS_DEFAULT_REGION: eu-west-2
2025-07-07T20:31:06.7807822Z   AWS_ACCESS_KEY_ID: ***
2025-07-07T20:31:06.7808143Z   AWS_SECRET_ACCESS_KEY: ***
2025-07-07T20:31:06.7808368Z ##[endgroup]
2025-07-07T20:31:06.7943770Z 🚀 Starting Modulus LMS Backend Deployment
2025-07-07T20:31:06.7944904Z Region: eu-west-2
2025-07-07T20:31:06.7945809Z ============================================
2025-07-07T20:31:06.7947026Z [0;34mℹ️  Performing pre-deployment checks...[0m
2025-07-07T20:31:08.3779198Z [0;32m✅ Pre-deployment checks passed[0m
2025-07-07T20:31:08.3791019Z [0;34mℹ️  Getting VPC and subnet information...[0m
2025-07-07T20:31:10.1039951Z [0;34mℹ️  Using VPC: vpc-04d155bb35a9ee8c5[0m
2025-07-07T20:31:11.6595506Z [0;32m✅ Found 3 subnets[0m
2025-07-07T20:31:11.6597994Z [0;34mℹ️  Ensuring ECS Task Execution Role has Secrets Manager permissions...[0m
2025-07-07T20:31:13.7279316Z [0;32m✅ ECS Task Execution Role has required permissions[0m
2025-07-07T20:31:13.7281042Z [0;34mℹ️  Creating CloudWatch log groups...[0m
2025-07-07T20:31:15.0155913Z [0;32m✅ Backend log group already exists[0m
2025-07-07T20:31:15.0157684Z [0;34mℹ️  Managing database password...[0m
2025-07-07T20:31:16.1289344Z [0;34mℹ️  Retrieving existing database password from Secrets Manager...[0m
2025-07-07T20:31:17.1931382Z [0;32m✅ Retrieved existing database password[0m
2025-07-07T20:31:17.1934125Z [0;34mℹ️  Step 5: Setting up database security group...[0m
2025-07-07T20:31:18.6853424Z [0;32m✅ Using existing database security group: sg-0d7bc990242ddbe17[0m
2025-07-07T20:31:18.6854947Z [0;34mℹ️  Step 6: Setting up backend security group...[0m
2025-07-07T20:31:20.0847179Z [0;32m✅ Using existing backend security group: sg-0d1bc20a296f7ef7e[0m
2025-07-07T20:31:20.0848959Z [0;34mℹ️  Step 7: Configuring database access from backend...[0m
2025-07-07T20:31:21.4776694Z [0;32m✅ Database access rule already exists[0m
2025-07-07T20:31:21.4778162Z [0;34mℹ️  Step 8: Setting up database subnet group...[0m
2025-07-07T20:31:23.0496028Z [0;32m✅ Using existing database subnet group[0m
2025-07-07T20:31:23.0497336Z [0;34mℹ️  Step 9: Setting up PostgreSQL database...[0m
2025-07-07T20:31:24.3863450Z [0;32m✅ Using existing database instance[0m
2025-07-07T20:31:24.3864893Z [0;34mℹ️  Step 10: Getting database connection information...[0m
2025-07-07T20:31:25.6940168Z [0;32m✅ Database endpoint: modulus-db.cziw68k8m79u.eu-west-2.rds.amazonaws.com[0m
2025-07-07T20:31:25.6941907Z [0;34mℹ️  Step 11: Setting up backend container registry...[0m
2025-07-07T20:31:27.0042362Z [0;32m✅ Using existing backend ECR repository[0m
2025-07-07T20:31:27.0045120Z [0;34mℹ️  Step 12: Using authentication backend application...[0m
2025-07-07T20:31:27.0045973Z [0;32m✅ Found authentication backend application[0m
2025-07-07T20:31:27.0046738Z [0;34mℹ️  Step 13: Initializing database schema...[0m
2025-07-07T20:31:27.0047457Z [0;34mℹ️  Running database schema initialization...[0m
2025-07-07T20:31:28.3309994Z [0;34mℹ️  Running schema installation with psql...[0m
2025-07-07T20:33:43.6937110Z [1;33m⚠️  Schema may already exist or psql failed. This is normal for redeployment.[0m
2025-07-07T20:33:43.6939451Z [0;32m✅ Database schema setup completed[0m
2025-07-07T20:33:43.6940286Z [0;34mℹ️  Step 13: Building and pushing backend Docker image...[0m
2025-07-07T20:33:46.5071421Z 
2025-07-07T20:33:46.5071867Z Login Succeeded
2025-07-07T20:33:46.5073098Z WARNING! Your credentials are stored unencrypted in '/home/runner/.docker/config.json'.
2025-07-07T20:33:46.5074062Z Configure a credential helper to remove this warning. See
2025-07-07T20:33:46.5074778Z https://docs.docker.com/go/credential-store/
2025-07-07T20:33:46.5075429Z 
2025-07-07T20:33:47.9532220Z #0 building with "default" instance using docker driver
2025-07-07T20:33:47.9532674Z 
2025-07-07T20:33:47.9533196Z #1 [internal] load build definition from Dockerfile
2025-07-07T20:33:47.9533780Z #1 transferring dockerfile: 1.08kB done
2025-07-07T20:33:47.9534040Z #1 DONE 0.0s
2025-07-07T20:33:47.9534145Z 
2025-07-07T20:33:47.9534400Z #2 [internal] load metadata for docker.io/library/node:18-alpine
2025-07-07T20:33:48.1768974Z #2 ...
2025-07-07T20:33:48.1771181Z 
2025-07-07T20:33:48.1771653Z #3 [auth] library/node:pull token for registry-1.docker.io
2025-07-07T20:33:48.1772148Z #3 DONE 0.0s
2025-07-07T20:33:48.3248692Z 
2025-07-07T20:33:48.3249839Z #2 [internal] load metadata for docker.io/library/node:18-alpine
2025-07-07T20:33:48.7640672Z #2 DONE 1.0s
2025-07-07T20:33:48.8832237Z 
2025-07-07T20:33:48.8833157Z #4 [internal] load .dockerignore
2025-07-07T20:33:48.8836184Z #4 transferring context: 2B done
2025-07-07T20:33:48.8836591Z #4 DONE 0.0s
2025-07-07T20:33:48.8836798Z 
2025-07-07T20:33:48.8837018Z #5 [internal] load build context
2025-07-07T20:33:48.8837491Z #5 transferring context: 224.18kB done
2025-07-07T20:33:48.8837882Z #5 DONE 0.0s
2025-07-07T20:33:48.8838048Z 
2025-07-07T20:33:48.8838832Z #6 [1/8] FROM docker.io/library/node:18-alpine@sha256:8d6421d663b4c28fd3ebc498332f249011d118945588d0a35cb9bc4b8ca09d9e
2025-07-07T20:33:48.8840333Z #6 resolve docker.io/library/node:18-alpine@sha256:8d6421d663b4c28fd3ebc498332f249011d118945588d0a35cb9bc4b8ca09d9e done
2025-07-07T20:33:48.8841647Z #6 sha256:25ff2da83641908f65c3a74d80409d6b1b62ccfaab220b9ea70b80df5a2e0549 0B / 446B 0.1s
2025-07-07T20:33:48.8842571Z #6 sha256:8d6421d663b4c28fd3ebc498332f249011d118945588d0a35cb9bc4b8ca09d9e 7.67kB / 7.67kB done
2025-07-07T20:33:48.8843493Z #6 sha256:929b04d7c782f04f615cf785488fed452b6569f87c73ff666ad553a7554f0006 1.72kB / 1.72kB done
2025-07-07T20:33:48.8844199Z #6 sha256:ee77c6cd7c1886ecc802ad6cedef3a8ec1ea27d1fb96162bf03dd3710839b8da 6.18kB / 6.18kB done
2025-07-07T20:33:48.8844905Z #6 sha256:dd71dde834b5c203d162902e6b8994cb2309ae049a0eabc4efea161b2b5a3d0e 0B / 40.01MB 0.1s
2025-07-07T20:33:48.8845571Z #6 sha256:1e5a4c89cee5c0826c540ab06d4b6b491c96eda01837f430bd47f0d26702d6e3 0B / 1.26MB 0.1s
2025-07-07T20:33:49.0818268Z #6 sha256:25ff2da83641908f65c3a74d80409d6b1b62ccfaab220b9ea70b80df5a2e0549 446B / 446B 0.2s done
2025-07-07T20:33:49.0819335Z #6 sha256:dd71dde834b5c203d162902e6b8994cb2309ae049a0eabc4efea161b2b5a3d0e 28.31MB / 40.01MB 0.3s
2025-07-07T20:33:49.0820161Z #6 sha256:1e5a4c89cee5c0826c540ab06d4b6b491c96eda01837f430bd47f0d26702d6e3 1.26MB / 1.26MB 0.3s done
2025-07-07T20:33:49.1821891Z #6 sha256:dd71dde834b5c203d162902e6b8994cb2309ae049a0eabc4efea161b2b5a3d0e 35.65MB / 40.01MB 0.4s
2025-07-07T20:33:49.3659109Z #6 sha256:dd71dde834b5c203d162902e6b8994cb2309ae049a0eabc4efea161b2b5a3d0e 40.01MB / 40.01MB 0.5s done
2025-07-07T20:33:49.3660452Z #6 extracting sha256:dd71dde834b5c203d162902e6b8994cb2309ae049a0eabc4efea161b2b5a3d0e 0.1s
2025-07-07T20:33:50.3700214Z #6 extracting sha256:dd71dde834b5c203d162902e6b8994cb2309ae049a0eabc4efea161b2b5a3d0e 1.1s done
2025-07-07T20:33:50.8171059Z #6 extracting sha256:1e5a4c89cee5c0826c540ab06d4b6b491c96eda01837f430bd47f0d26702d6e3
2025-07-07T20:33:50.9234539Z #6 extracting sha256:1e5a4c89cee5c0826c540ab06d4b6b491c96eda01837f430bd47f0d26702d6e3 0.0s done
2025-07-07T20:33:50.9236806Z #6 extracting sha256:25ff2da83641908f65c3a74d80409d6b1b62ccfaab220b9ea70b80df5a2e0549 done
2025-07-07T20:33:50.9237606Z #6 DONE 2.1s
2025-07-07T20:33:51.0584472Z 
2025-07-07T20:33:51.0586963Z #7 [2/8] WORKDIR /app
2025-07-07T20:33:51.0587411Z #7 DONE 0.0s
2025-07-07T20:33:51.0587609Z 
2025-07-07T20:33:51.0587908Z #8 [3/8] RUN apk add --no-cache python3 make g++
2025-07-07T20:33:51.0588781Z #8 0.132 fetch https://dl-cdn.alpinelinux.org/alpine/v3.21/main/x86_64/APKINDEX.tar.gz
2025-07-07T20:33:51.2785152Z #8 0.202 fetch https://dl-cdn.alpinelinux.org/alpine/v3.21/community/x86_64/APKINDEX.tar.gz
2025-07-07T20:33:51.3991220Z #8 0.473 (1/29) Installing libstdc++-dev (14.2.0-r4)
2025-07-07T20:33:51.5718820Z #8 0.646 (2/29) Installing jansson (2.14-r4)
2025-07-07T20:33:51.6725025Z #8 0.648 (3/29) Installing zstd-libs (1.5.6-r2)
2025-07-07T20:33:51.6726388Z #8 0.658 (4/29) Installing binutils (2.43.1-r2)
2025-07-07T20:33:51.6727217Z #8 0.732 (5/29) Installing libgomp (14.2.0-r4)
2025-07-07T20:33:51.6727794Z #8 0.738 (6/29) Installing libatomic (14.2.0-r4)
2025-07-07T20:33:51.6728454Z #8 0.740 (7/29) Installing gmp (6.3.0-r2)
2025-07-07T20:33:51.6728778Z #8 0.746 (8/29) Installing isl26 (0.26-r1)
2025-07-07T20:33:51.8514145Z #8 0.764 (9/29) Installing mpfr4 (4.2.1-r0)
2025-07-07T20:33:51.8515167Z #8 0.771 (10/29) Installing mpc1 (1.3.1-r1)
2025-07-07T20:33:51.8516529Z #8 0.775 (11/29) Installing gcc (14.2.0-r4)
2025-07-07T20:33:52.5526652Z #8 1.626 (12/29) Installing musl-dev (1.2.5-r9)
2025-07-07T20:33:52.7712679Z #8 1.694 (13/29) Installing g++ (14.2.0-r4)
2025-07-07T20:33:52.8701524Z #8 1.941 (14/29) Installing make (4.4.1-r2)
2025-07-07T20:33:53.0777829Z #8 1.946 (15/29) Installing libbz2 (1.0.8-r6)
2025-07-07T20:33:53.0778596Z #8 1.949 (16/29) Installing libexpat (2.7.0-r0)
2025-07-07T20:33:53.0779195Z #8 1.952 (17/29) Installing libffi (3.4.7-r0)
2025-07-07T20:33:53.0779756Z #8 1.955 (18/29) Installing gdbm (1.24-r0)
2025-07-07T20:33:53.0780322Z #8 1.958 (19/29) Installing xz-libs (5.6.3-r1)
2025-07-07T20:33:53.0780922Z #8 1.962 (20/29) Installing mpdecimal (4.0.0-r0)
2025-07-07T20:33:53.0781667Z #8 1.966 (21/29) Installing ncurses-terminfo-base (6.5_p20241006-r3)
2025-07-07T20:33:53.0782408Z #8 1.973 (22/29) Installing libncursesw (6.5_p20241006-r3)
2025-07-07T20:33:53.0783250Z #8 1.978 (23/29) Installing libpanelw (6.5_p20241006-r3)
2025-07-07T20:33:53.0783851Z #8 1.981 (24/29) Installing readline (8.2.13-r0)
2025-07-07T20:33:53.0784447Z #8 1.985 (25/29) Installing sqlite-libs (3.48.0-r2)
2025-07-07T20:33:53.0785035Z #8 2.000 (26/29) Installing python3 (3.12.11-r0)
2025-07-07T20:33:53.1141788Z #8 2.188 (27/29) Installing python3-pycache-pyc0 (3.12.11-r0)
2025-07-07T20:33:53.2335602Z #8 2.307 (28/29) Installing pyc (3.12.11-r0)
2025-07-07T20:33:53.2337551Z #8 2.307 (29/29) Installing python3-pyc (3.12.11-r0)
2025-07-07T20:33:53.3955027Z #8 2.308 Executing busybox-1.37.0-r12.trigger
2025-07-07T20:33:53.3955618Z #8 2.319 OK: 269 MiB in 46 packages
2025-07-07T20:33:54.4126696Z #8 DONE 3.5s
2025-07-07T20:33:54.6048685Z 
2025-07-07T20:33:54.6049576Z #9 [4/8] COPY package*.json ./
2025-07-07T20:33:54.6050461Z #9 DONE 0.0s
2025-07-07T20:33:54.6050978Z 
2025-07-07T20:33:54.6051625Z #10 [5/8] RUN npm ci --omit=dev
2025-07-07T20:33:56.7856968Z #10 2.330 
2025-07-07T20:33:56.7858413Z #10 2.330 added 106 packages, and audited 107 packages in 2s
2025-07-07T20:33:56.9001950Z #10 2.331 
2025-07-07T20:33:56.9004999Z #10 2.331 16 packages are looking for funding
2025-07-07T20:33:56.9005741Z #10 2.331   run `npm fund` for details
2025-07-07T20:33:56.9006167Z #10 2.332 
2025-07-07T20:33:56.9006561Z #10 2.332 found 0 vulnerabilities
2025-07-07T20:33:56.9007013Z #10 2.334 npm notice
2025-07-07T20:33:56.9007639Z #10 2.334 npm notice New major version of npm available! 10.8.2 -> 11.4.2
2025-07-07T20:33:56.9008617Z #10 2.334 npm notice Changelog: https://github.com/npm/cli/releases/tag/v11.4.2
2025-07-07T20:33:56.9009496Z #10 2.334 npm notice To update run: npm install -g npm@11.4.2
2025-07-07T20:33:56.9010011Z #10 2.334 npm notice
2025-07-07T20:33:56.9010340Z #10 DONE 2.4s
2025-07-07T20:33:57.0665397Z 
2025-07-07T20:33:57.0666001Z #11 [6/8] COPY . .
2025-07-07T20:33:57.0666552Z #11 DONE 0.0s
2025-07-07T20:33:57.0666891Z 
2025-07-07T20:33:57.0667537Z #12 [7/8] RUN addgroup -g 1001 -S nodejs &&     adduser -S nodeuser -u 1001
2025-07-07T20:33:57.0668175Z #12 DONE 0.1s
2025-07-07T20:33:57.2178124Z 
2025-07-07T20:33:57.2181849Z #13 [8/8] RUN chown -R nodeuser:nodejs /app
2025-07-07T20:33:59.0485670Z #13 DONE 2.0s
2025-07-07T20:33:59.1968814Z 
2025-07-07T20:33:59.1969915Z #14 exporting to image
2025-07-07T20:33:59.1970586Z #14 exporting layers
2025-07-07T20:34:01.3566705Z #14 exporting layers 2.3s done
2025-07-07T20:34:01.3855627Z #14 writing image sha256:f9a73c28a4ade4d2899a5e1b97a72d1414a47a8f0b7f69a37c0504e4dbd1fd8b done
2025-07-07T20:34:01.3856803Z #14 naming to docker.io/library/modulus-backend done
2025-07-07T20:34:01.3861388Z #14 DONE 2.3s
2025-07-07T20:34:01.4846440Z The push refers to repository [376129881409.dkr.ecr.eu-west-2.amazonaws.com/modulus-backend]
2025-07-07T20:34:02.1159924Z 16602d444418: Preparing
2025-07-07T20:34:02.1161757Z fb8dde351613: Preparing
2025-07-07T20:34:02.1163346Z 52e80ed52ca4: Preparing
2025-07-07T20:34:02.1163716Z 3d974c9ed2fd: Preparing
2025-07-07T20:34:02.1164071Z 7e1076a7b3c3: Preparing
2025-07-07T20:34:02.1164418Z 8d76e356ba5f: Preparing
2025-07-07T20:34:02.1164759Z 606d4144a677: Preparing
2025-07-07T20:34:02.1165092Z 82140d9a70a7: Preparing
2025-07-07T20:34:02.1165437Z f3b40b0cdb1c: Preparing
2025-07-07T20:34:02.1165784Z 0b1f26057bd0: Preparing
2025-07-07T20:34:02.1165992Z 08000c18d16d: Preparing
2025-07-07T20:34:02.1166201Z 8d76e356ba5f: Waiting
2025-07-07T20:34:02.1166421Z 606d4144a677: Waiting
2025-07-07T20:34:02.1166617Z 82140d9a70a7: Waiting
2025-07-07T20:34:02.1166803Z f3b40b0cdb1c: Waiting
2025-07-07T20:34:02.1166996Z 0b1f26057bd0: Waiting
2025-07-07T20:34:02.1167180Z 08000c18d16d: Waiting
2025-07-07T20:34:05.0898203Z fb8dde351613: Pushed
2025-07-07T20:34:05.1405843Z 52e80ed52ca4: Pushed
2025-07-07T20:34:05.3186460Z 7e1076a7b3c3: Pushed
2025-07-07T20:34:06.0194464Z 82140d9a70a7: Layer already exists
2025-07-07T20:34:06.0844493Z 16602d444418: Pushed
2025-07-07T20:34:06.1509576Z 3d974c9ed2fd: Pushed
2025-07-07T20:34:06.6668603Z f3b40b0cdb1c: Layer already exists
2025-07-07T20:34:06.7360858Z 0b1f26057bd0: Layer already exists
2025-07-07T20:34:06.7758411Z 08000c18d16d: Layer already exists
2025-07-07T20:34:07.9875647Z 606d4144a677: Pushed
2025-07-07T20:34:18.7674543Z 8d76e356ba5f: Pushed
2025-07-07T20:34:23.0619236Z latest: digest: sha256:25f833aae6e69d136645aa4d8ccf0f8fa262c20a1a0dc5257e561c2425d93dc7 size: 2623
2025-07-07T20:34:23.0648587Z [0;32m✅ Backend image pushed to ECR: 376129881409.dkr.ecr.eu-west-2.amazonaws.com/modulus-backend:latest[0m
2025-07-07T20:34:23.0650058Z [0;34mℹ️  Step 14: Creating backend ECS task definition...[0m
2025-07-07T20:34:27.8821954Z {
2025-07-07T20:34:27.8822635Z     "taskDefinition": {
2025-07-07T20:34:27.8829183Z         "taskDefinitionArn": "arn:aws:ecs:eu-west-2:376129881409:task-definition/modulus-backend-task:11",
2025-07-07T20:34:27.8830001Z         "containerDefinitions": [
2025-07-07T20:34:27.8830365Z             {
2025-07-07T20:34:27.8830703Z                 "name": "backend",
2025-07-07T20:34:27.8831409Z                 "image": "376129881409.dkr.ecr.eu-west-2.amazonaws.com/modulus-backend:latest",
2025-07-07T20:34:27.8832042Z                 "cpu": 0,
2025-07-07T20:34:27.8832415Z                 "portMappings": [
2025-07-07T20:34:27.8832744Z                     {
2025-07-07T20:34:27.8833296Z                         "containerPort": 3001,
2025-07-07T20:34:27.8833728Z                         "hostPort": 3001,
2025-07-07T20:34:27.8834190Z                         "protocol": "tcp"
2025-07-07T20:34:27.8834556Z                     }
2025-07-07T20:34:27.8834831Z                 ],
2025-07-07T20:34:27.8835148Z                 "essential": true,
2025-07-07T20:34:27.8835521Z                 "environment": [
2025-07-07T20:34:27.8835839Z                     {
2025-07-07T20:34:27.8836154Z                         "name": "PORT",
2025-07-07T20:34:27.8836544Z                         "value": "3001"
2025-07-07T20:34:27.8836897Z                     },
2025-07-07T20:34:27.8837171Z                     {
2025-07-07T20:34:27.8837501Z                         "name": "DB_PORT",
2025-07-07T20:34:27.8837889Z                         "value": "5432"
2025-07-07T20:34:27.8838231Z                     },
2025-07-07T20:34:27.8838564Z                     {
2025-07-07T20:34:27.8838905Z                         "name": "JWT_SECRET",
2025-07-07T20:34:27.8839443Z                         "value": "modulus-lms-production-jwt-secret-1751920466"
2025-07-07T20:34:27.8847731Z                     },
2025-07-07T20:34:27.8848139Z                     {
2025-07-07T20:34:27.8848491Z                         "name": "DB_USER",
2025-07-07T20:34:27.8848908Z                         "value": "modulus_admin"
2025-07-07T20:34:27.8849270Z                     },
2025-07-07T20:34:27.8849544Z                     {
2025-07-07T20:34:27.8849871Z                         "name": "NODE_ENV",
2025-07-07T20:34:27.8850849Z                         "value": "production"
2025-07-07T20:34:27.8851215Z                     },
2025-07-07T20:34:27.8851493Z                     {
2025-07-07T20:34:27.8851820Z                         "name": "DB_NAME",
2025-07-07T20:34:27.8852230Z                         "value": "modulus"
2025-07-07T20:34:27.8852563Z                     },
2025-07-07T20:34:27.8853028Z                     {
2025-07-07T20:34:27.8853373Z                         "name": "JWT_EXPIRES_IN",
2025-07-07T20:34:27.8853783Z                         "value": "24h"
2025-07-07T20:34:27.8854133Z                     },
2025-07-07T20:34:27.8854403Z                     {
2025-07-07T20:34:27.8854712Z                         "name": "DB_HOST",
2025-07-07T20:34:27.8855265Z                         "value": "modulus-db.cziw68k8m79u.eu-west-2.rds.amazonaws.com"
2025-07-07T20:34:27.8855753Z                     },
2025-07-07T20:34:27.8856014Z                     {
2025-07-07T20:34:27.8856356Z                         "name": "ACCESS_CODE",
2025-07-07T20:34:27.8856805Z                         "value": "mahtabmehek1337"
2025-07-07T20:34:27.8857178Z                     },
2025-07-07T20:34:27.8857448Z                     {
2025-07-07T20:34:27.8857788Z                         "name": "FRONTEND_URL",
2025-07-07T20:34:27.8858401Z                         "value": "http://modulus-alb-2046761654.eu-west-2.elb.amazonaws.com"
2025-07-07T20:34:27.8858910Z                     }
2025-07-07T20:34:27.8859185Z                 ],
2025-07-07T20:34:27.8859483Z                 "mountPoints": [],
2025-07-07T20:34:27.8859853Z                 "volumesFrom": [],
2025-07-07T20:34:27.8860198Z                 "secrets": [
2025-07-07T20:34:27.8860507Z                     {
2025-07-07T20:34:27.8860847Z                         "name": "DB_PASSWORD",
2025-07-07T20:34:27.8861581Z                         "valueFrom": "arn:aws:secretsmanager:eu-west-2:376129881409:secret:modulus/db/password-ZF2FzZ"
2025-07-07T20:34:27.8862196Z                     }
2025-07-07T20:34:27.8862489Z                 ],
2025-07-07T20:34:27.8862784Z                 "logConfiguration": {
2025-07-07T20:34:27.8863416Z                     "logDriver": "awslogs",
2025-07-07T20:34:27.8863781Z                     "options": {
2025-07-07T20:34:27.8864204Z                         "awslogs-group": "/ecs/modulus-backend",
2025-07-07T20:34:27.8864688Z                         "awslogs-region": "eu-west-2",
2025-07-07T20:34:27.8865141Z                         "awslogs-stream-prefix": "ecs"
2025-07-07T20:34:27.8865490Z                     }
2025-07-07T20:34:27.8865742Z                 },
2025-07-07T20:34:27.8866038Z                 "healthCheck": {
2025-07-07T20:34:27.8866373Z                     "command": [
2025-07-07T20:34:27.8866703Z                         "CMD-SHELL",
2025-07-07T20:34:27.8867659Z                         "node -e \"require('http').get('http://localhost:3001/health', (res) => { process.exit(res.statusCode === 200 ? 0 : 1) }).on('error', () => process.exit(1))\""
2025-07-07T20:34:27.8868513Z                     ],
2025-07-07T20:34:27.8868846Z                     "interval": 30,
2025-07-07T20:34:27.8869223Z                     "timeout": 5,
2025-07-07T20:34:27.8869585Z                     "retries": 3,
2025-07-07T20:34:27.8869956Z                     "startPeriod": 60
2025-07-07T20:34:27.8870314Z                 },
2025-07-07T20:34:27.8870604Z                 "systemControls": []
2025-07-07T20:34:27.8870914Z             }
2025-07-07T20:34:27.8871143Z         ],
2025-07-07T20:34:27.8871447Z         "family": "modulus-backend-task",
2025-07-07T20:34:27.8872267Z         "executionRoleArn": "arn:aws:iam::376129881409:role/ecsTaskExecutionRole",
2025-07-07T20:34:27.8873003Z         "networkMode": "awsvpc",
2025-07-07T20:34:27.8873322Z         "revision": 11,
2025-07-07T20:34:27.8873589Z         "volumes": [],
2025-07-07T20:34:27.8873866Z         "status": "ACTIVE",
2025-07-07T20:34:27.8874215Z         "requiresAttributes": [
2025-07-07T20:34:27.8874526Z             {
2025-07-07T20:34:27.8875191Z                 "name": "com.amazonaws.ecs.capability.logging-driver.awslogs"
2025-07-07T20:34:27.8875697Z             },
2025-07-07T20:34:27.8875937Z             {
2025-07-07T20:34:27.8876324Z                 "name": "ecs.capability.execution-role-awslogs"
2025-07-07T20:34:27.8876749Z             },
2025-07-07T20:34:27.8876993Z             {
2025-07-07T20:34:27.8877390Z                 "name": "com.amazonaws.ecs.capability.ecr-auth"
2025-07-07T20:34:27.8877810Z             },
2025-07-07T20:34:27.8878047Z             {
2025-07-07T20:34:27.8878520Z                 "name": "com.amazonaws.ecs.capability.docker-remote-api.1.19"
2025-07-07T20:34:27.8879002Z             },
2025-07-07T20:34:27.8879245Z             {
2025-07-07T20:34:27.8879684Z                 "name": "ecs.capability.secrets.asm.environment-variables"
2025-07-07T20:34:27.8880151Z             },
2025-07-07T20:34:27.8880389Z             {
2025-07-07T20:34:27.8880769Z                 "name": "ecs.capability.container-health-check"
2025-07-07T20:34:27.8881205Z             },
2025-07-07T20:34:27.8881449Z             {
2025-07-07T20:34:27.8881834Z                 "name": "ecs.capability.execution-role-ecr-pull"
2025-07-07T20:34:27.8882244Z             },
2025-07-07T20:34:27.8882482Z             {
2025-07-07T20:34:27.8883179Z                 "name": "com.amazonaws.ecs.capability.docker-remote-api.1.18"
2025-07-07T20:34:27.8883680Z             },
2025-07-07T20:34:27.8883925Z             {
2025-07-07T20:34:27.8884252Z                 "name": "ecs.capability.task-eni"
2025-07-07T20:34:27.8884629Z             },
2025-07-07T20:34:27.8884878Z             {
2025-07-07T20:34:27.8885332Z                 "name": "com.amazonaws.ecs.capability.docker-remote-api.1.29"
2025-07-07T20:34:27.8885806Z             }
2025-07-07T20:34:27.8886041Z         ],
2025-07-07T20:34:27.8886346Z         "placementConstraints": [],
2025-07-07T20:34:27.8886715Z         "compatibilities": [
2025-07-07T20:34:27.8887031Z             "EC2",
2025-07-07T20:34:27.8887308Z             "FARGATE"
2025-07-07T20:34:27.8887624Z         ],
2025-07-07T20:34:27.8887939Z         "requiresCompatibilities": [
2025-07-07T20:34:27.8888285Z             "FARGATE"
2025-07-07T20:34:27.8888542Z         ],
2025-07-07T20:34:27.8888780Z         "cpu": "256",
2025-07-07T20:34:27.8889063Z         "memory": "512",
2025-07-07T20:34:27.8889478Z         "registeredAt": "2025-07-07T20:34:27.788000+00:00",
2025-07-07T20:34:27.8890074Z         "registeredBy": "arn:aws:iam::376129881409:user/modulus-github"
2025-07-07T20:34:27.8890512Z     }
2025-07-07T20:34:27.8890737Z }
2025-07-07T20:34:27.9483987Z [0;32m✅ Registered backend task definition[0m
2025-07-07T20:34:27.9485213Z [0;34mℹ️  Step 15: Creating backend target group...[0m
2025-07-07T20:34:30.4205393Z [0;32m✅ Using existing backend target group: arn:aws:elasticloadbalancing:eu-west-2:376129881409:targetgroup/modulus-backend-tg/e78101cec749ba28[0m
2025-07-07T20:34:30.4207366Z [0;34mℹ️  Step 16: Setting up ALB listener rule for backend...[0m
2025-07-07T20:34:32.9061938Z [0;34mℹ️  Found ALB listener: arn:aws:elasticloadbalancing:eu-west-2:376129881409:listener/app/modulus-alb/b0ade2f1c5b73b71/a95e771e480c4b80[0m
2025-07-07T20:34:34.1063217Z [0;32m✅ Backend listener rule already exists for /api/* paths[0m
2025-07-07T20:34:35.3561001Z [0;32m✅ Backend rule is correctly configured[0m
2025-07-07T20:34:36.5854666Z [0;34mℹ️  ALB DNS Name: modulus-alb-2046761654.eu-west-2.elb.amazonaws.com[0m
2025-07-07T20:34:36.5855703Z [0;34mℹ️  Backend API endpoints:[0m
2025-07-07T20:34:36.5858325Z [0;34mℹ️    - Status: http://modulus-alb-2046761654.eu-west-2.elb.amazonaws.com/api/status[0m
2025-07-07T20:34:36.5859698Z [0;34mℹ️    - Health: http://modulus-alb-2046761654.eu-west-2.elb.amazonaws.com/api/health[0m
2025-07-07T20:34:36.5860984Z [0;34mℹ️    - Users: http://modulus-alb-2046761654.eu-west-2.elb.amazonaws.com/api/users[0m
2025-07-07T20:34:36.5862185Z [0;34mℹ️    - Labs: http://modulus-alb-2046761654.eu-west-2.elb.amazonaws.com/api/labs[0m
2025-07-07T20:34:36.5863197Z [0;34mℹ️  Step 17: Creating backend ECS service...[0m
2025-07-07T20:34:37.9619099Z [0;34mℹ️  Updating existing backend service...[0m
2025-07-07T20:34:39.5698777Z {
2025-07-07T20:34:39.5699448Z     "service": {
2025-07-07T20:34:39.5700596Z         "serviceArn": "arn:aws:ecs:eu-west-2:376129881409:service/modulus-cluster/modulus-backend-service",
2025-07-07T20:34:39.5701771Z         "serviceName": "modulus-backend-service",
2025-07-07T20:34:39.5713733Z         "clusterArn": "arn:aws:ecs:eu-west-2:376129881409:cluster/modulus-cluster",
2025-07-07T20:34:39.5714329Z         "loadBalancers": [
2025-07-07T20:34:39.5714699Z             {
2025-07-07T20:34:39.5715544Z                 "targetGroupArn": "arn:aws:elasticloadbalancing:eu-west-2:376129881409:targetgroup/modulus-backend-tg/e78101cec749ba28",
2025-07-07T20:34:39.5716418Z                 "containerName": "backend",
2025-07-07T20:34:39.5716848Z                 "containerPort": 3001
2025-07-07T20:34:39.5717203Z             }
2025-07-07T20:34:39.5717452Z         ],
2025-07-07T20:34:39.5717777Z         "serviceRegistries": [],
2025-07-07T20:34:39.5718131Z         "status": "ACTIVE",
2025-07-07T20:34:39.5718453Z         "desiredCount": 1,
2025-07-07T20:34:39.5718791Z         "runningCount": 1,
2025-07-07T20:34:39.5719118Z         "pendingCount": 0,
2025-07-07T20:34:39.5719503Z         "launchType": "FARGATE",
2025-07-07T20:34:39.5719929Z         "platformVersion": "LATEST",
2025-07-07T20:34:39.5720372Z         "platformFamily": "Linux",
2025-07-07T20:34:39.5721118Z         "taskDefinition": "arn:aws:ecs:eu-west-2:376129881409:task-definition/modulus-backend-task:1",
2025-07-07T20:34:39.5721795Z         "deploymentConfiguration": {
2025-07-07T20:34:39.5722249Z             "deploymentCircuitBreaker": {
2025-07-07T20:34:39.5722677Z                 "enable": false,
2025-07-07T20:34:39.5723260Z                 "rollback": false
2025-07-07T20:34:39.5723588Z             },
2025-07-07T20:34:39.5723899Z             "maximumPercent": 200,
2025-07-07T20:34:39.5724294Z             "minimumHealthyPercent": 100
2025-07-07T20:34:39.5724646Z         },
2025-07-07T20:34:39.5724897Z         "deployments": [
2025-07-07T20:34:39.5725185Z             {
2025-07-07T20:34:39.5725503Z                 "id": "ecs-svc/8534801948212707216",
2025-07-07T20:34:39.5725975Z                 "status": "PRIMARY",
2025-07-07T20:34:39.5726666Z                 "taskDefinition": "arn:aws:ecs:eu-west-2:376129881409:task-definition/modulus-backend-task:1",
2025-07-07T20:34:39.5727308Z                 "desiredCount": 1,
2025-07-07T20:34:39.5727692Z                 "pendingCount": 0,
2025-07-07T20:34:39.5728079Z                 "runningCount": 1,
2025-07-07T20:34:39.5728435Z                 "failedTasks": 17,
2025-07-07T20:34:39.5728872Z                 "createdAt": "2025-07-07T18:48:50.850000+00:00",
2025-07-07T20:34:39.5729379Z                 "updatedAt": "2025-07-07T18:53:48.581000+00:00",
2025-07-07T20:34:39.5729818Z                 "launchType": "FARGATE",
2025-07-07T20:34:39.5730216Z                 "platformVersion": "1.4.0",
2025-07-07T20:34:39.5730656Z                 "platformFamily": "Linux",
2025-07-07T20:34:39.5731071Z                 "networkConfiguration": {
2025-07-07T20:34:39.5731500Z                     "awsvpcConfiguration": {
2025-07-07T20:34:39.5731901Z                         "subnets": [
2025-07-07T20:34:39.5732327Z                             "subnet-0cc34cda0d0f7edca",
2025-07-07T20:34:39.5732788Z                             "subnet-040a224ccafdbf8e7"
2025-07-07T20:34:39.5740294Z                         ],
2025-07-07T20:34:39.5740672Z                         "securityGroups": [
2025-07-07T20:34:39.5741508Z                             "sg-0d1bc20a296f7ef7e"
2025-07-07T20:34:39.5741887Z                         ],
2025-07-07T20:34:39.5742261Z                         "assignPublicIp": "ENABLED"
2025-07-07T20:34:39.5742633Z                     }
2025-07-07T20:34:39.5743118Z                 },
2025-07-07T20:34:39.5743514Z                 "rolloutState": "IN_PROGRESS",
2025-07-07T20:34:39.5744266Z                 "rolloutStateReason": "ECS deployment ecs-svc/8534801948212707216 in progress."
2025-07-07T20:34:39.5745135Z             },
2025-07-07T20:34:39.5745416Z             {
2025-07-07T20:34:39.5745780Z                 "id": "ecs-svc/8975656048021854660",
2025-07-07T20:34:39.5746246Z                 "status": "ACTIVE",
2025-07-07T20:34:39.5747020Z                 "taskDefinition": "arn:aws:ecs:eu-west-2:376129881409:task-definition/modulus-backend-task:1",
2025-07-07T20:34:39.5747755Z                 "desiredCount": 0,
2025-07-07T20:34:39.5748178Z                 "pendingCount": 0,
2025-07-07T20:34:39.5748563Z                 "runningCount": 0,
2025-07-07T20:34:39.5748925Z                 "failedTasks": 0,
2025-07-07T20:34:39.5749355Z                 "createdAt": "2025-07-07T14:20:41.391000+00:00",
2025-07-07T20:34:39.5749854Z                 "updatedAt": "2025-07-07T18:53:51.022000+00:00",
2025-07-07T20:34:39.5750292Z                 "launchType": "FARGATE",
2025-07-07T20:34:39.5750706Z                 "platformVersion": "1.4.0",
2025-07-07T20:34:39.5751132Z                 "platformFamily": "Linux",
2025-07-07T20:34:39.5751547Z                 "networkConfiguration": {
2025-07-07T20:34:39.5751966Z                     "awsvpcConfiguration": {
2025-07-07T20:34:39.5752366Z                         "subnets": [
2025-07-07T20:34:39.5752774Z                             "subnet-0cc34cda0d0f7edca",
2025-07-07T20:34:39.5753459Z                             "subnet-040a224ccafdbf8e7"
2025-07-07T20:34:39.5753827Z                         ],
2025-07-07T20:34:39.5754167Z                         "securityGroups": [
2025-07-07T20:34:39.5754585Z                             "sg-0d1bc20a296f7ef7e"
2025-07-07T20:34:39.5754973Z                         ],
2025-07-07T20:34:39.5755341Z                         "assignPublicIp": "ENABLED"
2025-07-07T20:34:39.5755709Z                     }
2025-07-07T20:34:39.5755969Z                 },
2025-07-07T20:34:39.5756295Z                 "rolloutState": "COMPLETED",
2025-07-07T20:34:39.5756965Z                 "rolloutStateReason": "ECS deployment ecs-svc/8975656048021854660 completed."
2025-07-07T20:34:39.5757518Z             }
2025-07-07T20:34:39.5757740Z         ],
2025-07-07T20:34:39.5758374Z         "roleArn": "arn:aws:iam::376129881409:role/aws-service-role/ecs.amazonaws.com/AWSServiceRoleForECS",
2025-07-07T20:34:39.5759008Z         "events": [
2025-07-07T20:34:39.5759261Z             {
2025-07-07T20:34:39.5759596Z                 "id": "7e21ce50-a871-4151-9916-41f9c8ea32ad",
2025-07-07T20:34:39.5760063Z                 "createdAt": "2025-07-07T20:32:50.873000+00:00",
2025-07-07T20:34:39.5761292Z                 "message": "(service modulus-backend-service) registered 1 targets in (target-group arn:aws:elasticloadbalancing:eu-west-2:376129881409:targetgroup/modulus-backend-tg/e78101cec749ba28)"
2025-07-07T20:34:39.5762326Z             },
2025-07-07T20:34:39.5762559Z             {
2025-07-07T20:34:39.5763055Z                 "id": "84a69afb-a53b-41ab-a873-af94dd63d5ab",
2025-07-07T20:34:39.5763552Z                 "createdAt": "2025-07-07T20:32:21.473000+00:00",
2025-07-07T20:34:39.5764412Z                 "message": "(service modulus-backend-service) has started 1 tasks: (task 514269b88dfb4bf8bd8392a83b9e76f7)."
2025-07-07T20:34:39.5765097Z             },
2025-07-07T20:34:39.5765348Z             {
2025-07-07T20:34:39.5765712Z                 "id": "d267df49-4585-4f32-b5c4-9e6f5bbfb55f",
2025-07-07T20:34:39.5766194Z                 "createdAt": "2025-07-07T20:32:00.612000+00:00",
2025-07-07T20:34:39.5767278Z                 "message": "(service modulus-backend-service, taskSet ecs-svc/8534801948212707216) has begun draining connections on 1 tasks."
2025-07-07T20:34:39.5768030Z             },
2025-07-07T20:34:39.5768269Z             {
2025-07-07T20:34:39.5768616Z                 "id": "0f75ab7d-d744-484f-b3ff-cb71b8df23f9",
2025-07-07T20:34:39.5769082Z                 "createdAt": "2025-07-07T20:32:00.594000+00:00",
2025-07-07T20:34:39.5770335Z                 "message": "(service modulus-backend-service) deregistered 1 targets in (target-group arn:aws:elasticloadbalancing:eu-west-2:376129881409:targetgroup/modulus-backend-tg/e78101cec749ba28)"
2025-07-07T20:34:39.5771653Z             },
2025-07-07T20:34:39.5771882Z             {
2025-07-07T20:34:39.5772245Z                 "id": "be5b3768-acc1-4a08-9955-3ee6feb119b7",
2025-07-07T20:34:39.5772725Z                 "createdAt": "2025-07-07T20:31:51.593000+00:00",
2025-07-07T20:34:39.5773864Z                 "message": "(service modulus-backend-service) has stopped 1 running tasks: (task d163e4fbde5f48068f01428c7eb7d880)."
2025-07-07T20:34:39.5774575Z             },
2025-07-07T20:34:39.5774823Z             {
2025-07-07T20:34:39.5775172Z                 "id": "cc34134e-2d25-4a4d-bfa6-1e9dc46603bf",
2025-07-07T20:34:39.5775660Z                 "createdAt": "2025-07-07T20:31:51.592000+00:00",
2025-07-07T20:34:39.5776550Z                 "message": "(service modulus-backend-service) (task d163e4fbde5f48068f01428c7eb7d880) failed container health checks."
2025-07-07T20:34:39.5777309Z             },
2025-07-07T20:34:39.5777560Z             {
2025-07-07T20:34:39.5777908Z                 "id": "780d329c-42f2-43c1-b90f-9e6cb009fff1",
2025-07-07T20:34:39.5778389Z                 "createdAt": "2025-07-07T20:26:42.232000+00:00",
2025-07-07T20:34:39.5779650Z                 "message": "(service modulus-backend-service) registered 1 targets in (target-group arn:aws:elasticloadbalancing:eu-west-2:376129881409:targetgroup/modulus-backend-tg/e78101cec749ba28)"
2025-07-07T20:34:39.5780733Z             },
2025-07-07T20:34:39.5780976Z             {
2025-07-07T20:34:39.5781325Z                 "id": "d87824d1-9de5-4215-8c2b-99974c988de9",
2025-07-07T20:34:39.5781812Z                 "createdAt": "2025-07-07T20:26:22.706000+00:00",
2025-07-07T20:34:39.5782747Z                 "message": "(service modulus-backend-service, taskSet ecs-svc/8534801948212707216) has begun draining connections on 1 tasks."
2025-07-07T20:34:39.5783669Z             },
2025-07-07T20:34:39.5783913Z             {
2025-07-07T20:34:39.5784266Z                 "id": "2352c82b-21ce-4518-9574-061ea8e52a75",
2025-07-07T20:34:39.5784744Z                 "createdAt": "2025-07-07T20:26:22.702000+00:00",
2025-07-07T20:34:39.5786021Z                 "message": "(service modulus-backend-service) deregistered 1 targets in (target-group arn:aws:elasticloadbalancing:eu-west-2:376129881409:targetgroup/modulus-backend-tg/e78101cec749ba28)"
2025-07-07T20:34:39.5787064Z             },
2025-07-07T20:34:39.5787305Z             {
2025-07-07T20:34:39.5787659Z                 "id": "f3017c2e-ffec-4212-9db1-7b804db62216",
2025-07-07T20:34:39.5788158Z                 "createdAt": "2025-07-07T20:26:13.539000+00:00",
2025-07-07T20:34:39.5789018Z                 "message": "(service modulus-backend-service) has stopped 1 running tasks: (task e09a575a83324e9986096097798e8350)."
2025-07-07T20:34:39.5789710Z             },
2025-07-07T20:34:39.5789971Z             {
2025-07-07T20:34:39.5790311Z                 "id": "6a44f232-9943-4052-b268-84e6f489d033",
2025-07-07T20:34:39.5790795Z                 "createdAt": "2025-07-07T20:26:13.538000+00:00",
2025-07-07T20:34:39.5791675Z                 "message": "(service modulus-backend-service) (task e09a575a83324e9986096097798e8350) failed container health checks."
2025-07-07T20:34:39.5792399Z             },
2025-07-07T20:34:39.5792645Z             {
2025-07-07T20:34:39.5793139Z                 "id": "be62f571-30b6-4187-9756-4c27e20f8698",
2025-07-07T20:34:39.5793608Z                 "createdAt": "2025-07-07T20:26:13.452000+00:00",
2025-07-07T20:34:39.5795445Z                 "message": "(service modulus-backend-service) has started 1 tasks: (task d163e4fbde5f48068f01428c7eb7d880). Amazon ECS replaced 1 tasks due to an unhealthy status."
2025-07-07T20:34:39.5796404Z             },
2025-07-07T20:34:39.5796651Z             {
2025-07-07T20:34:39.5797010Z                 "id": "0d5d54a1-eed7-442e-a3ee-82569b563512",
2025-07-07T20:34:39.5797492Z                 "createdAt": "2025-07-07T20:21:00.805000+00:00",
2025-07-07T20:34:39.5798917Z                 "message": "(service modulus-backend-service) registered 1 targets in (target-group arn:aws:elasticloadbalancing:eu-west-2:376129881409:targetgroup/modulus-backend-tg/e78101cec749ba28)"
2025-07-07T20:34:39.5799947Z             },
2025-07-07T20:34:39.5800197Z             {
2025-07-07T20:34:39.5800542Z                 "id": "1796395e-b3ea-4bc6-898e-0b01c0cadbcb",
2025-07-07T20:34:39.5801023Z                 "createdAt": "2025-07-07T20:20:30.710000+00:00",
2025-07-07T20:34:39.5801834Z                 "message": "(service modulus-backend-service) has started 1 tasks: (task e09a575a83324e9986096097798e8350)."
2025-07-07T20:34:39.5802478Z             },
2025-07-07T20:34:39.5802720Z             {
2025-07-07T20:34:39.5803228Z                 "id": "d49d4da9-c4b4-4f01-a1a1-d74c4c57f258",
2025-07-07T20:34:39.5803712Z                 "createdAt": "2025-07-07T20:20:20.579000+00:00",
2025-07-07T20:34:39.5804630Z                 "message": "(service modulus-backend-service, taskSet ecs-svc/8534801948212707216) has begun draining connections on 1 tasks."
2025-07-07T20:34:39.5805385Z             },
2025-07-07T20:34:39.5805627Z             {
2025-07-07T20:34:39.5805970Z                 "id": "0cc77f87-9f32-4fcd-9b34-d8bd8b253457",
2025-07-07T20:34:39.5806451Z                 "createdAt": "2025-07-07T20:20:20.573000+00:00",
2025-07-07T20:34:39.5807715Z                 "message": "(service modulus-backend-service) deregistered 1 targets in (target-group arn:aws:elasticloadbalancing:eu-west-2:376129881409:targetgroup/modulus-backend-tg/e78101cec749ba28)"
2025-07-07T20:34:39.5808771Z             },
2025-07-07T20:34:39.5809020Z             {
2025-07-07T20:34:39.5809353Z                 "id": "6f43c84c-6e6b-4797-a71a-64aa69333718",
2025-07-07T20:34:39.5809829Z                 "createdAt": "2025-07-07T20:20:10.917000+00:00",
2025-07-07T20:34:39.5810693Z                 "message": "(service modulus-backend-service) has stopped 1 running tasks: (task 1bad5570906f44839cf8f4da573343d2)."
2025-07-07T20:34:39.5811389Z             },
2025-07-07T20:34:39.5811628Z             {
2025-07-07T20:34:39.5811984Z                 "id": "f9bfeacd-23bf-4fb8-b2d5-4e9685da376b",
2025-07-07T20:34:39.5812475Z                 "createdAt": "2025-07-07T20:20:10.916000+00:00",
2025-07-07T20:34:39.5813495Z                 "message": "(service modulus-backend-service) (task 1bad5570906f44839cf8f4da573343d2) failed container health checks."
2025-07-07T20:34:39.5814198Z             },
2025-07-07T20:34:39.5814439Z             {
2025-07-07T20:34:39.5814800Z                 "id": "3c8e0b5d-2761-48b2-b39f-c845d33de2d5",
2025-07-07T20:34:39.5815272Z                 "createdAt": "2025-07-07T20:15:01.667000+00:00",
2025-07-07T20:34:39.5816503Z                 "message": "(service modulus-backend-service) registered 1 targets in (target-group arn:aws:elasticloadbalancing:eu-west-2:376129881409:targetgroup/modulus-backend-tg/e78101cec749ba28)"
2025-07-07T20:34:39.5817512Z             },
2025-07-07T20:34:39.5817766Z             {
2025-07-07T20:34:39.5818114Z                 "id": "902e7255-8f9f-4561-8378-7ce1ff763887",
2025-07-07T20:34:39.5818588Z                 "createdAt": "2025-07-07T20:14:32.775000+00:00",
2025-07-07T20:34:39.5819380Z                 "message": "(service modulus-backend-service) has started 1 tasks: (task 1bad5570906f44839cf8f4da573343d2)."
2025-07-07T20:34:39.5820046Z             },
2025-07-07T20:34:39.5820289Z             {
2025-07-07T20:34:39.5820641Z                 "id": "613bc84d-0e35-4ffa-9896-a9715a229409",
2025-07-07T20:34:39.5821133Z                 "createdAt": "2025-07-07T20:14:32.053000+00:00",
2025-07-07T20:34:39.5822231Z                 "message": "(service modulus-backend-service, taskSet ecs-svc/8534801948212707216) has begun draining connections on 1 tasks."
2025-07-07T20:34:39.5823133Z             },
2025-07-07T20:34:39.5823372Z             {
2025-07-07T20:34:39.5823719Z                 "id": "d869e557-f653-4c6c-b858-2a8a746509dc",
2025-07-07T20:34:39.5824186Z                 "createdAt": "2025-07-07T20:14:32.049000+00:00",
2025-07-07T20:34:39.5825641Z                 "message": "(service modulus-backend-service) deregistered 1 targets in (target-group arn:aws:elasticloadbalancing:eu-west-2:376129881409:targetgroup/modulus-backend-tg/e78101cec749ba28)"
2025-07-07T20:34:39.5826679Z             },
2025-07-07T20:34:39.5826924Z             {
2025-07-07T20:34:39.5827270Z                 "id": "dd014165-c5a7-4224-accf-cbfb461d7dfd",
2025-07-07T20:34:39.5827752Z                 "createdAt": "2025-07-07T20:14:22.418000+00:00",
2025-07-07T20:34:39.5828609Z                 "message": "(service modulus-backend-service) has stopped 1 running tasks: (task 433556f5364f4474a2e5e5e4db3ad45c)."
2025-07-07T20:34:39.5829298Z             },
2025-07-07T20:34:39.5829543Z             {
2025-07-07T20:34:39.5829882Z                 "id": "55c29ec6-64e7-492a-b067-23db00aa146e",
2025-07-07T20:34:39.5830365Z                 "createdAt": "2025-07-07T20:14:22.417000+00:00",
2025-07-07T20:34:39.5831233Z                 "message": "(service modulus-backend-service) (task 433556f5364f4474a2e5e5e4db3ad45c) failed container health checks."
2025-07-07T20:34:39.5831949Z             },
2025-07-07T20:34:39.5832181Z             {
2025-07-07T20:34:39.5832533Z                 "id": "9eafc0fe-6415-4a4b-b43b-091ef6d46a3d",
2025-07-07T20:34:39.5833174Z                 "createdAt": "2025-07-07T20:09:12.307000+00:00",
2025-07-07T20:34:39.5834432Z                 "message": "(service modulus-backend-service) registered 1 targets in (target-group arn:aws:elasticloadbalancing:eu-west-2:376129881409:targetgroup/modulus-backend-tg/e78101cec749ba28)"
2025-07-07T20:34:39.5835448Z             },
2025-07-07T20:34:39.5835687Z             {
2025-07-07T20:34:39.5836039Z                 "id": "c2fd62bc-9fe8-4323-a6c9-93268f8cb226",
2025-07-07T20:34:39.5836527Z                 "createdAt": "2025-07-07T20:08:53.420000+00:00",
2025-07-07T20:34:39.5837439Z                 "message": "(service modulus-backend-service, taskSet ecs-svc/8534801948212707216) has begun draining connections on 1 tasks."
2025-07-07T20:34:39.5838193Z             },
2025-07-07T20:34:39.5838441Z             {
2025-07-07T20:34:39.5838785Z                 "id": "a9c86769-693a-4ad7-ac5d-3f6d42be187a",
2025-07-07T20:34:39.5839301Z                 "createdAt": "2025-07-07T20:08:53.416000+00:00",
2025-07-07T20:34:39.5840594Z                 "message": "(service modulus-backend-service) deregistered 1 targets in (target-group arn:aws:elasticloadbalancing:eu-west-2:376129881409:targetgroup/modulus-backend-tg/e78101cec749ba28)"
2025-07-07T20:34:39.5841619Z             },
2025-07-07T20:34:39.5841885Z             {
2025-07-07T20:34:39.5842231Z                 "id": "dc18c7f7-d1a3-4511-9204-9289186c5dbe",
2025-07-07T20:34:39.5842689Z                 "createdAt": "2025-07-07T20:08:44.596000+00:00",
2025-07-07T20:34:39.5843670Z                 "message": "(service modulus-backend-service) has stopped 1 running tasks: (task 818e1bbbe3b14e239b2e26dff7f04488)."
2025-07-07T20:34:39.5844360Z             },
2025-07-07T20:34:39.5844611Z             {
2025-07-07T20:34:39.5844955Z                 "id": "6b9cf717-6bbf-4f1a-8794-c06a16630fb6",
2025-07-07T20:34:39.5845430Z                 "createdAt": "2025-07-07T20:08:44.595000+00:00",
2025-07-07T20:34:39.5846307Z                 "message": "(service modulus-backend-service) (task 818e1bbbe3b14e239b2e26dff7f04488) failed container health checks."
2025-07-07T20:34:39.5847037Z             },
2025-07-07T20:34:39.5847285Z             {
2025-07-07T20:34:39.5847644Z                 "id": "f720decb-2f04-4897-a17f-d7e64c26dad0",
2025-07-07T20:34:39.5848311Z                 "createdAt": "2025-07-07T20:08:44.520000+00:00",
2025-07-07T20:34:39.5849456Z                 "message": "(service modulus-backend-service) has started 1 tasks: (task 433556f5364f4474a2e5e5e4db3ad45c). Amazon ECS replaced 1 tasks due to an unhealthy status."
2025-07-07T20:34:39.5850406Z             },
2025-07-07T20:34:39.5850665Z             {
2025-07-07T20:34:39.5851028Z                 "id": "982343ff-6abf-4541-8fb8-820f92e65cbb",
2025-07-07T20:34:39.5857568Z                 "createdAt": "2025-07-07T20:03:32.490000+00:00",
2025-07-07T20:34:39.5858924Z                 "message": "(service modulus-backend-service) registered 1 targets in (target-group arn:aws:elasticloadbalancing:eu-west-2:376129881409:targetgroup/modulus-backend-tg/e78101cec749ba28)"
2025-07-07T20:34:39.5860025Z             },
2025-07-07T20:34:39.5860281Z             {
2025-07-07T20:34:39.5860636Z                 "id": "825277ab-ff2f-4edb-9444-009de9e17e19",
2025-07-07T20:34:39.5861152Z                 "createdAt": "2025-07-07T20:02:54.198000+00:00",
2025-07-07T20:34:39.5861990Z                 "message": "(service modulus-backend-service) has started 1 tasks: (task 818e1bbbe3b14e239b2e26dff7f04488)."
2025-07-07T20:34:39.5862649Z             },
2025-07-07T20:34:39.5863109Z             {
2025-07-07T20:34:39.5863491Z                 "id": "e6d5acc8-a2a4-4d11-bb7e-da758da74234",
2025-07-07T20:34:39.5863983Z                 "createdAt": "2025-07-07T20:02:53.426000+00:00",
2025-07-07T20:34:39.5864930Z                 "message": "(service modulus-backend-service, taskSet ecs-svc/8534801948212707216) has begun draining connections on 1 tasks."
2025-07-07T20:34:39.5865698Z             },
2025-07-07T20:34:39.5865952Z             {
2025-07-07T20:34:39.5866336Z                 "id": "85b4a1d6-6d7e-4c17-b2df-082cb7a2d064",
2025-07-07T20:34:39.5866834Z                 "createdAt": "2025-07-07T20:02:53.422000+00:00",
2025-07-07T20:34:39.5868224Z                 "message": "(service modulus-backend-service) deregistered 1 targets in (target-group arn:aws:elasticloadbalancing:eu-west-2:376129881409:targetgroup/modulus-backend-tg/e78101cec749ba28)"
2025-07-07T20:34:39.5869317Z             },
2025-07-07T20:34:39.5869570Z             {
2025-07-07T20:34:39.5869927Z                 "id": "a9d4c856-1dc5-44df-9a0c-385ac7404c9e",
2025-07-07T20:34:39.5870436Z                 "createdAt": "2025-07-07T20:02:43.880000+00:00",
2025-07-07T20:34:39.5871318Z                 "message": "(service modulus-backend-service) has stopped 1 running tasks: (task a8ba0c16e8624884b4d1a813819f0f9f)."
2025-07-07T20:34:39.5872013Z             },
2025-07-07T20:34:39.5872266Z             {
2025-07-07T20:34:39.5872622Z                 "id": "953a656b-50bb-446d-a07f-a5f1e2cbf4bb",
2025-07-07T20:34:39.5873264Z                 "createdAt": "2025-07-07T20:02:43.879000+00:00",
2025-07-07T20:34:39.5874164Z                 "message": "(service modulus-backend-service) (task a8ba0c16e8624884b4d1a813819f0f9f) failed container health checks."
2025-07-07T20:34:39.5874912Z             },
2025-07-07T20:34:39.5875182Z             {
2025-07-07T20:34:39.5875543Z                 "id": "11c2ec80-010b-4102-baad-bc17329f9bc1",
2025-07-07T20:34:39.5876036Z                 "createdAt": "2025-07-07T19:57:32.819000+00:00",
2025-07-07T20:34:39.5877321Z                 "message": "(service modulus-backend-service) registered 1 targets in (target-group arn:aws:elasticloadbalancing:eu-west-2:376129881409:targetgroup/modulus-backend-tg/e78101cec749ba28)"
2025-07-07T20:34:39.5878386Z             },
2025-07-07T20:34:39.5878632Z             {
2025-07-07T20:34:39.5878979Z                 "id": "d4c61338-ef30-4954-97e4-f559d6936b11",
2025-07-07T20:34:39.5879464Z                 "createdAt": "2025-07-07T19:57:04.778000+00:00",
2025-07-07T20:34:39.5880378Z                 "message": "(service modulus-backend-service) has started 1 tasks: (task a8ba0c16e8624884b4d1a813819f0f9f)."
2025-07-07T20:34:39.5881047Z             },
2025-07-07T20:34:39.5881305Z             {
2025-07-07T20:34:39.5881846Z                 "id": "fc0706d5-a795-4f92-8453-f3bf6764fb9f",
2025-07-07T20:34:39.5882349Z                 "createdAt": "2025-07-07T19:57:04.077000+00:00",
2025-07-07T20:34:39.5883437Z                 "message": "(service modulus-backend-service, taskSet ecs-svc/8534801948212707216) has begun draining connections on 1 tasks."
2025-07-07T20:34:39.5884187Z             },
2025-07-07T20:34:39.5884433Z             {
2025-07-07T20:34:39.5884794Z                 "id": "380482fd-3bf6-4d3c-b9a0-c1c4f9cccfca",
2025-07-07T20:34:39.5885455Z                 "createdAt": "2025-07-07T19:57:04.071000+00:00",
2025-07-07T20:34:39.5886731Z                 "message": "(service modulus-backend-service) deregistered 1 targets in (target-group arn:aws:elasticloadbalancing:eu-west-2:376129881409:targetgroup/modulus-backend-tg/e78101cec749ba28)"
2025-07-07T20:34:39.5887784Z             },
2025-07-07T20:34:39.5888028Z             {
2025-07-07T20:34:39.5888376Z                 "id": "d9c57c52-b81b-40ac-b390-ffcb947b18f2",
2025-07-07T20:34:39.5888886Z                 "createdAt": "2025-07-07T19:56:54.137000+00:00",
2025-07-07T20:34:39.5889740Z                 "message": "(service modulus-backend-service) has stopped 1 running tasks: (task 8a2ec027ec1a42809d680708c3f124c6)."
2025-07-07T20:34:39.5890434Z             },
2025-07-07T20:34:39.5890676Z             {
2025-07-07T20:34:39.5891029Z                 "id": "8157b805-383c-445c-8291-dd1df808a344",
2025-07-07T20:34:39.5891510Z                 "createdAt": "2025-07-07T19:56:54.136000+00:00",
2025-07-07T20:34:39.5892428Z                 "message": "(service modulus-backend-service) (task 8a2ec027ec1a42809d680708c3f124c6) failed container health checks."
2025-07-07T20:34:39.5893300Z             },
2025-07-07T20:34:39.5893547Z             {
2025-07-07T20:34:39.5893901Z                 "id": "fbda06ad-977f-41a9-8acd-9bd8fbb66f05",
2025-07-07T20:34:39.5894404Z                 "createdAt": "2025-07-07T19:51:42.912000+00:00",
2025-07-07T20:34:39.5895710Z                 "message": "(service modulus-backend-service) registered 1 targets in (target-group arn:aws:elasticloadbalancing:eu-west-2:376129881409:targetgroup/modulus-backend-tg/e78101cec749ba28)"
2025-07-07T20:34:39.5896749Z             },
2025-07-07T20:34:39.5896999Z             {
2025-07-07T20:34:39.5897361Z                 "id": "ceb09aa3-ff23-443b-84c5-e653e60019fb",
2025-07-07T20:34:39.5897865Z                 "createdAt": "2025-07-07T19:51:14.073000+00:00",
2025-07-07T20:34:39.5898687Z                 "message": "(service modulus-backend-service) has started 1 tasks: (task 8a2ec027ec1a42809d680708c3f124c6)."
2025-07-07T20:34:39.5899338Z             },
2025-07-07T20:34:39.5899586Z             {
2025-07-07T20:34:39.5899934Z                 "id": "ff7681c6-6440-4935-8f7d-bbb1dbf44bea",
2025-07-07T20:34:39.5900414Z                 "createdAt": "2025-07-07T19:51:13.345000+00:00",
2025-07-07T20:34:39.5901323Z                 "message": "(service modulus-backend-service, taskSet ecs-svc/8534801948212707216) has begun draining connections on 1 tasks."
2025-07-07T20:34:39.5902070Z             },
2025-07-07T20:34:39.5902317Z             {
2025-07-07T20:34:39.5902672Z                 "id": "6c4a0327-64b3-47e5-8237-d9ae4c6c2b39",
2025-07-07T20:34:39.5903315Z                 "createdAt": "2025-07-07T19:51:13.341000+00:00",
2025-07-07T20:34:39.5904618Z                 "message": "(service modulus-backend-service) deregistered 1 targets in (target-group arn:aws:elasticloadbalancing:eu-west-2:376129881409:targetgroup/modulus-backend-tg/e78101cec749ba28)"
2025-07-07T20:34:39.5905669Z             },
2025-07-07T20:34:39.5905919Z             {
2025-07-07T20:34:39.5906268Z                 "id": "e8702308-05bc-4241-a167-2e1aa7ddc998",
2025-07-07T20:34:39.5906734Z                 "createdAt": "2025-07-07T19:51:04.010000+00:00",
2025-07-07T20:34:39.5907605Z                 "message": "(service modulus-backend-service) has stopped 1 running tasks: (task d0cad5568b3d42e4b84d9e72ed22cfab)."
2025-07-07T20:34:39.5908298Z             },
2025-07-07T20:34:39.5908543Z             {
2025-07-07T20:34:39.5909054Z                 "id": "49bdcc0f-d888-476a-bb24-0d8378a9aa0d",
2025-07-07T20:34:39.5909550Z                 "createdAt": "2025-07-07T19:51:04.009000+00:00",
2025-07-07T20:34:39.5910441Z                 "message": "(service modulus-backend-service) (task d0cad5568b3d42e4b84d9e72ed22cfab) failed container health checks."
2025-07-07T20:34:39.5911158Z             },
2025-07-07T20:34:39.5911401Z             {
2025-07-07T20:34:39.5911923Z                 "id": "fef2f7f8-3398-4fdb-8b21-5f48ce62fffb",
2025-07-07T20:34:39.5912417Z                 "createdAt": "2025-07-07T19:45:52.199000+00:00",
2025-07-07T20:34:39.5913829Z                 "message": "(service modulus-backend-service) registered 1 targets in (target-group arn:aws:elasticloadbalancing:eu-west-2:376129881409:targetgroup/modulus-backend-tg/e78101cec749ba28)"
2025-07-07T20:34:39.5914857Z             },
2025-07-07T20:34:39.5915099Z             {
2025-07-07T20:34:39.5915452Z                 "id": "2e45f04b-3aab-405b-9182-6e5ce6e88aa5",
2025-07-07T20:34:39.5915964Z                 "createdAt": "2025-07-07T19:45:32.155000+00:00",
2025-07-07T20:34:39.5916915Z                 "message": "(service modulus-backend-service, taskSet ecs-svc/8534801948212707216) has begun draining connections on 1 tasks."
2025-07-07T20:34:39.5917689Z             },
2025-07-07T20:34:39.5917945Z             {
2025-07-07T20:34:39.5918320Z                 "id": "23a27629-81f6-4b2c-8fc0-4d03ceabda70",
2025-07-07T20:34:39.5918808Z                 "createdAt": "2025-07-07T19:45:32.151000+00:00",
2025-07-07T20:34:39.5920095Z                 "message": "(service modulus-backend-service) deregistered 1 targets in (target-group arn:aws:elasticloadbalancing:eu-west-2:376129881409:targetgroup/modulus-backend-tg/e78101cec749ba28)"
2025-07-07T20:34:39.5921138Z             },
2025-07-07T20:34:39.5921383Z             {
2025-07-07T20:34:39.5921743Z                 "id": "3e70d6af-aa77-4651-ba42-9ec45f717608",
2025-07-07T20:34:39.5922247Z                 "createdAt": "2025-07-07T19:45:23.293000+00:00",
2025-07-07T20:34:39.5923262Z                 "message": "(service modulus-backend-service) has stopped 1 running tasks: (task 9ca80fd890aa48bb80899deac950c6ca)."
2025-07-07T20:34:39.5923981Z             },
2025-07-07T20:34:39.5924217Z             {
2025-07-07T20:34:39.5924567Z                 "id": "44fd3ead-98fd-46ae-9678-be61a5167a8d",
2025-07-07T20:34:39.5925048Z                 "createdAt": "2025-07-07T19:45:23.292000+00:00",
2025-07-07T20:34:39.5925994Z                 "message": "(service modulus-backend-service) (task 9ca80fd890aa48bb80899deac950c6ca) failed container health checks."
2025-07-07T20:34:39.5926783Z             },
2025-07-07T20:34:39.5927020Z             {
2025-07-07T20:34:39.5927363Z                 "id": "0a1c6295-1cf1-425b-987b-130477972135",
2025-07-07T20:34:39.5927843Z                 "createdAt": "2025-07-07T19:45:23.210000+00:00",
2025-07-07T20:34:39.5929012Z                 "message": "(service modulus-backend-service) has started 1 tasks: (task d0cad5568b3d42e4b84d9e72ed22cfab). Amazon ECS replaced 1 tasks due to an unhealthy status."
2025-07-07T20:34:39.5929975Z             },
2025-07-07T20:34:39.5930225Z             {
2025-07-07T20:34:39.5930570Z                 "id": "28d2147a-5ded-45c8-8be4-54562d6f04f7",
2025-07-07T20:34:39.5931050Z                 "createdAt": "2025-07-07T19:40:08.551000+00:00",
2025-07-07T20:34:39.5932777Z                 "message": "(service modulus-backend-service) registered 1 targets in (target-group arn:aws:elasticloadbalancing:eu-west-2:376129881409:targetgroup/modulus-backend-tg/e78101cec749ba28)"
2025-07-07T20:34:39.5933946Z             },
2025-07-07T20:34:39.5934193Z             {
2025-07-07T20:34:39.5934564Z                 "id": "14343f13-ae6c-4b93-a7dc-5a0a75ab0c76",
2025-07-07T20:34:39.5935056Z                 "createdAt": "2025-07-07T19:39:39.961000+00:00",
2025-07-07T20:34:39.5935879Z                 "message": "(service modulus-backend-service) has started 1 tasks: (task 9ca80fd890aa48bb80899deac950c6ca)."
2025-07-07T20:34:39.5936542Z             },
2025-07-07T20:34:39.5936991Z             {
2025-07-07T20:34:39.5937368Z                 "id": "d4ef6d5c-a1db-4d66-af27-9123ed3c4cdd",
2025-07-07T20:34:39.5937857Z                 "createdAt": "2025-07-07T19:39:29.627000+00:00",
2025-07-07T20:34:39.5938777Z                 "message": "(service modulus-backend-service, taskSet ecs-svc/8534801948212707216) has begun draining connections on 1 tasks."
2025-07-07T20:34:39.5939822Z             },
2025-07-07T20:34:39.5940075Z             {
2025-07-07T20:34:39.5940429Z                 "id": "d18ef80d-f37c-4e3a-90fc-028562cfbfd9",
2025-07-07T20:34:39.5940920Z                 "createdAt": "2025-07-07T19:39:29.623000+00:00",
2025-07-07T20:34:39.5942233Z                 "message": "(service modulus-backend-service) deregistered 1 targets in (target-group arn:aws:elasticloadbalancing:eu-west-2:376129881409:targetgroup/modulus-backend-tg/e78101cec749ba28)"
2025-07-07T20:34:39.5943462Z             },
2025-07-07T20:34:39.5943697Z             {
2025-07-07T20:34:39.5944050Z                 "id": "c3d1e760-4298-4963-b4b7-ed828e063b92",
2025-07-07T20:34:39.5944546Z                 "createdAt": "2025-07-07T19:39:20.083000+00:00",
2025-07-07T20:34:39.5945442Z                 "message": "(service modulus-backend-service) has stopped 1 running tasks: (task 05ad70c4ad3b4d74b61ea7253f8dfd78)."
2025-07-07T20:34:39.5946142Z             },
2025-07-07T20:34:39.5946393Z             {
2025-07-07T20:34:39.5946738Z                 "id": "9937382c-d9f7-4ad3-942e-062de60ebbd6",
2025-07-07T20:34:39.5947249Z                 "createdAt": "2025-07-07T19:39:20.082000+00:00",
2025-07-07T20:34:39.5948190Z                 "message": "(service modulus-backend-service) (task 05ad70c4ad3b4d74b61ea7253f8dfd78) failed container health checks."
2025-07-07T20:34:39.5948931Z             },
2025-07-07T20:34:39.5949180Z             {
2025-07-07T20:34:39.5949535Z                 "id": "fb05f379-b141-4ba8-8073-f9618a16fe77",
2025-07-07T20:34:39.5950025Z                 "createdAt": "2025-07-07T19:34:11.645000+00:00",
2025-07-07T20:34:39.5951290Z                 "message": "(service modulus-backend-service) registered 1 targets in (target-group arn:aws:elasticloadbalancing:eu-west-2:376129881409:targetgroup/modulus-backend-tg/e78101cec749ba28)"
2025-07-07T20:34:39.5952344Z             },
2025-07-07T20:34:39.5952591Z             {
2025-07-07T20:34:39.5953089Z                 "id": "e831b6d3-eb7e-4858-9bb5-57b2943801b4",
2025-07-07T20:34:39.5953589Z                 "createdAt": "2025-07-07T19:33:51.450000+00:00",
2025-07-07T20:34:39.5954528Z                 "message": "(service modulus-backend-service, taskSet ecs-svc/8534801948212707216) has begun draining connections on 1 tasks."
2025-07-07T20:34:39.5955295Z             },
2025-07-07T20:34:39.5955545Z             {
2025-07-07T20:34:39.5955910Z                 "id": "ef7c373a-50c7-4fce-bf92-cd795e0ebf27",
2025-07-07T20:34:39.5956404Z                 "createdAt": "2025-07-07T19:33:51.446000+00:00",
2025-07-07T20:34:39.5957709Z                 "message": "(service modulus-backend-service) deregistered 1 targets in (target-group arn:aws:elasticloadbalancing:eu-west-2:376129881409:targetgroup/modulus-backend-tg/e78101cec749ba28)"
2025-07-07T20:34:39.5958789Z             },
2025-07-07T20:34:39.5959042Z             {
2025-07-07T20:34:39.5959389Z                 "id": "c46d4e8b-b7f3-4769-823c-93ecb18e8da6",
2025-07-07T20:34:39.5959886Z                 "createdAt": "2025-07-07T19:33:42.724000+00:00",
2025-07-07T20:34:39.5960779Z                 "message": "(service modulus-backend-service) has stopped 1 running tasks: (task ae6d2d21a2884063a4fecc130384b3f1)."
2025-07-07T20:34:39.5961501Z             },
2025-07-07T20:34:39.5961742Z             {
2025-07-07T20:34:39.5962066Z                 "id": "16c9e056-506e-4049-bcad-d677f7c9a786",
2025-07-07T20:34:39.5962518Z                 "createdAt": "2025-07-07T19:33:42.723000+00:00",
2025-07-07T20:34:39.5963487Z                 "message": "(service modulus-backend-service) (task ae6d2d21a2884063a4fecc130384b3f1) failed container health checks."
2025-07-07T20:34:39.5964324Z             },
2025-07-07T20:34:39.5964565Z             {
2025-07-07T20:34:39.5964885Z                 "id": "c59992c5-5b29-4f50-9457-f8775a784141",
2025-07-07T20:34:39.5965331Z                 "createdAt": "2025-07-07T19:33:42.646000+00:00",
2025-07-07T20:34:39.5966468Z                 "message": "(service modulus-backend-service) has started 1 tasks: (task 05ad70c4ad3b4d74b61ea7253f8dfd78). Amazon ECS replaced 1 tasks due to an unhealthy status."
2025-07-07T20:34:39.5967486Z             },
2025-07-07T20:34:39.5967719Z             {
2025-07-07T20:34:39.5968051Z                 "id": "1e9aa901-c936-4da4-9c0f-fcf3c904ce43",
2025-07-07T20:34:39.5968510Z                 "createdAt": "2025-07-07T19:28:28.307000+00:00",
2025-07-07T20:34:39.5969745Z                 "message": "(service modulus-backend-service) registered 1 targets in (target-group arn:aws:elasticloadbalancing:eu-west-2:376129881409:targetgroup/modulus-backend-tg/e78101cec749ba28)"
2025-07-07T20:34:39.5970750Z             },
2025-07-07T20:34:39.5971010Z             {
2025-07-07T20:34:39.5971386Z                 "id": "ceaec613-42f8-4def-abab-2e77de74b9b5",
2025-07-07T20:34:39.5971891Z                 "createdAt": "2025-07-07T19:28:00.460000+00:00",
2025-07-07T20:34:39.5972686Z                 "message": "(service modulus-backend-service) has started 1 tasks: (task ae6d2d21a2884063a4fecc130384b3f1)."
2025-07-07T20:34:39.5973481Z             },
2025-07-07T20:34:39.5973735Z             {
2025-07-07T20:34:39.5974091Z                 "id": "5dc89a7b-bd0a-4cb7-a606-0482e0c34fc2",
2025-07-07T20:34:39.5974603Z                 "createdAt": "2025-07-07T19:27:40.165000+00:00",
2025-07-07T20:34:39.5975571Z                 "message": "(service modulus-backend-service, taskSet ecs-svc/8534801948212707216) has begun draining connections on 1 tasks."
2025-07-07T20:34:39.5976352Z             },
2025-07-07T20:34:39.5976604Z             {
2025-07-07T20:34:39.5976986Z                 "id": "b676a926-0f97-4f76-887e-8467d318cc7e",
2025-07-07T20:34:39.5977548Z                 "createdAt": "2025-07-07T19:27:40.160000+00:00",
2025-07-07T20:34:39.5978925Z                 "message": "(service modulus-backend-service) deregistered 1 targets in (target-group arn:aws:elasticloadbalancing:eu-west-2:376129881409:targetgroup/modulus-backend-tg/e78101cec749ba28)"
2025-07-07T20:34:39.5980120Z             },
2025-07-07T20:34:39.5980404Z             {
2025-07-07T20:34:39.5980813Z                 "id": "730d6f47-a9e9-4e2f-9de3-dc79dd2e2a51",
2025-07-07T20:34:39.5981361Z                 "createdAt": "2025-07-07T19:27:30.367000+00:00",
2025-07-07T20:34:39.5982398Z                 "message": "(service modulus-backend-service) has stopped 1 running tasks: (task 133b50bef3c74269bb75ffa6ddcbdcf5)."
2025-07-07T20:34:39.5983372Z             },
2025-07-07T20:34:39.5983656Z             {
2025-07-07T20:34:39.5984034Z                 "id": "af6a6211-4d79-4246-98bc-2fb38a68f573",
2025-07-07T20:34:39.5984521Z                 "createdAt": "2025-07-07T19:27:30.366000+00:00",
2025-07-07T20:34:39.5985413Z                 "message": "(service modulus-backend-service) (task 133b50bef3c74269bb75ffa6ddcbdcf5) failed container health checks."
2025-07-07T20:34:39.5986159Z             },
2025-07-07T20:34:39.5986401Z             {
2025-07-07T20:34:39.5986750Z                 "id": "049c63d7-dbae-402f-aa35-daf5f62e252c",
2025-07-07T20:34:39.5987238Z                 "createdAt": "2025-07-07T19:22:26.556000+00:00",
2025-07-07T20:34:39.5988530Z                 "message": "(service modulus-backend-service) registered 1 targets in (target-group arn:aws:elasticloadbalancing:eu-west-2:376129881409:targetgroup/modulus-backend-tg/e78101cec749ba28)"
2025-07-07T20:34:39.5989642Z             },
2025-07-07T20:34:39.5989902Z             {
2025-07-07T20:34:39.5990263Z                 "id": "6705ff79-ef5b-4605-aafb-d98b04d80f42",
2025-07-07T20:34:39.5990782Z                 "createdAt": "2025-07-07T19:22:04.083000+00:00",
2025-07-07T20:34:39.5991920Z                 "message": "(service modulus-backend-service, taskSet ecs-svc/8534801948212707216) has begun draining connections on 1 tasks."
2025-07-07T20:34:39.5992770Z             },
2025-07-07T20:34:39.5993177Z             {
2025-07-07T20:34:39.6005579Z                 "id": "a36b7794-2fd7-40cd-93bf-1051542933f8",
2025-07-07T20:34:39.6006251Z                 "createdAt": "2025-07-07T19:22:04.077000+00:00",
2025-07-07T20:34:39.6007666Z                 "message": "(service modulus-backend-service) deregistered 1 targets in (target-group arn:aws:elasticloadbalancing:eu-west-2:376129881409:targetgroup/modulus-backend-tg/e78101cec749ba28)"
2025-07-07T20:34:39.6009078Z             },
2025-07-07T20:34:39.6009355Z             {
2025-07-07T20:34:39.6009713Z                 "id": "d1099524-fb66-46d3-aa23-01ae521431ec",
2025-07-07T20:34:39.6010224Z                 "createdAt": "2025-07-07T19:21:54.737000+00:00",
2025-07-07T20:34:39.6011103Z                 "message": "(service modulus-backend-service) has stopped 1 running tasks: (task 4780d3511b4847648788354101af3b30)."
2025-07-07T20:34:39.6011766Z             },
2025-07-07T20:34:39.6012003Z             {
2025-07-07T20:34:39.6012332Z                 "id": "a35a50ab-5bcd-4344-9552-bce9f3c60e75",
2025-07-07T20:34:39.6012998Z                 "createdAt": "2025-07-07T19:21:54.736000+00:00",
2025-07-07T20:34:39.6013851Z                 "message": "(service modulus-backend-service) (task 4780d3511b4847648788354101af3b30) failed container health checks."
2025-07-07T20:34:39.6014538Z             },
2025-07-07T20:34:39.6015217Z             {
2025-07-07T20:34:39.6015615Z                 "id": "67aabc00-f248-4f03-9771-36fc40c00388",
2025-07-07T20:34:39.6016137Z                 "createdAt": "2025-07-07T19:21:54.654000+00:00",
2025-07-07T20:34:39.6017329Z                 "message": "(service modulus-backend-service) has started 1 tasks: (task 133b50bef3c74269bb75ffa6ddcbdcf5). Amazon ECS replaced 1 tasks due to an unhealthy status."
2025-07-07T20:34:39.6018307Z             },
2025-07-07T20:34:39.6018616Z             {
2025-07-07T20:34:39.6019039Z                 "id": "9941993e-44d9-4f7d-b418-9c4b6bf62008",
2025-07-07T20:34:39.6019863Z                 "createdAt": "2025-07-07T19:16:41.372000+00:00",
2025-07-07T20:34:39.6021702Z                 "message": "(service modulus-backend-service) registered 1 targets in (target-group arn:aws:elasticloadbalancing:eu-west-2:376129881409:targetgroup/modulus-backend-tg/e78101cec749ba28)"
2025-07-07T20:34:39.6023401Z             },
2025-07-07T20:34:39.6023732Z             {
2025-07-07T20:34:39.6024175Z                 "id": "eafbd03c-63c0-4a0b-b9ff-11e545951ab6",
2025-07-07T20:34:39.6025740Z                 "createdAt": "2025-07-07T19:16:10.247000+00:00",
2025-07-07T20:34:39.6026502Z                 "message": "(service modulus-backend-service) has started 1 tasks: (task 4780d3511b4847648788354101af3b30)."
2025-07-07T20:34:39.6027123Z             },
2025-07-07T20:34:39.6027355Z             {
2025-07-07T20:34:39.6027684Z                 "id": "06d0dc7d-5dce-41db-a0e9-39d2a3e3675f",
2025-07-07T20:34:39.6028165Z                 "createdAt": "2025-07-07T19:15:59.982000+00:00",
2025-07-07T20:34:39.6029100Z                 "message": "(service modulus-backend-service, taskSet ecs-svc/8534801948212707216) has begun draining connections on 1 tasks."
2025-07-07T20:34:39.6029924Z             },
2025-07-07T20:34:39.6030179Z             {
2025-07-07T20:34:39.6030567Z                 "id": "644596de-d079-4aa1-a818-a7f03fbb5d9b",
2025-07-07T20:34:39.6031128Z                 "createdAt": "2025-07-07T19:15:59.978000+00:00",
2025-07-07T20:34:39.6032598Z                 "message": "(service modulus-backend-service) deregistered 1 targets in (target-group arn:aws:elasticloadbalancing:eu-west-2:376129881409:targetgroup/modulus-backend-tg/e78101cec749ba28)"
2025-07-07T20:34:39.6034025Z             },
2025-07-07T20:34:39.6034299Z             {
2025-07-07T20:34:39.6034696Z                 "id": "1a651eb5-c30d-4e3d-85ef-2f11cee4fbfc",
2025-07-07T20:34:39.6035253Z                 "createdAt": "2025-07-07T19:15:48.661000+00:00",
2025-07-07T20:34:39.6036423Z                 "message": "(service modulus-backend-service) has stopped 1 running tasks: (task 64c7fe30042042c0917fc1fe15517a41)."
2025-07-07T20:34:39.6037219Z             },
2025-07-07T20:34:39.6037488Z             {
2025-07-07T20:34:39.6037894Z                 "id": "ea028f45-62dd-4d70-95dc-e1f2f5111484",
2025-07-07T20:34:39.6038454Z                 "createdAt": "2025-07-07T19:15:48.660000+00:00",
2025-07-07T20:34:39.6039628Z                 "message": "(service modulus-backend-service) (task 64c7fe30042042c0917fc1fe15517a41) failed container health checks."
2025-07-07T20:34:39.6040451Z             },
2025-07-07T20:34:39.6040729Z             {
2025-07-07T20:34:39.6041126Z                 "id": "bade85ee-e347-4df2-bd26-4f5458c97537",
2025-07-07T20:34:39.6041685Z                 "createdAt": "2025-07-07T19:10:35.075000+00:00",
2025-07-07T20:34:39.6043282Z                 "message": "(service modulus-backend-service) registered 1 targets in (target-group arn:aws:elasticloadbalancing:eu-west-2:376129881409:targetgroup/modulus-backend-tg/e78101cec749ba28)"
2025-07-07T20:34:39.6044466Z             },
2025-07-07T20:34:39.6044748Z             {
2025-07-07T20:34:39.6045143Z                 "id": "f8347de6-2816-4acf-97d1-939c937afd6c",
2025-07-07T20:34:39.6045695Z                 "createdAt": "2025-07-07T19:10:14.615000+00:00",
2025-07-07T20:34:39.6046751Z                 "message": "(service modulus-backend-service, taskSet ecs-svc/8534801948212707216) has begun draining connections on 1 tasks."
2025-07-07T20:34:39.6047634Z             },
2025-07-07T20:34:39.6047914Z             {
2025-07-07T20:34:39.6048324Z                 "id": "bd9afc81-8fdd-476b-9083-bb0e8dcce603",
2025-07-07T20:34:39.6048879Z                 "createdAt": "2025-07-07T19:10:14.610000+00:00",
2025-07-07T20:34:39.6050345Z                 "message": "(service modulus-backend-service) deregistered 1 targets in (target-group arn:aws:elasticloadbalancing:eu-west-2:376129881409:targetgroup/modulus-backend-tg/e78101cec749ba28)"
2025-07-07T20:34:39.6051567Z             },
2025-07-07T20:34:39.6051848Z             {
2025-07-07T20:34:39.6052248Z                 "id": "68a302ee-1bdb-44a2-8c4b-ae4a70f95780",
2025-07-07T20:34:39.6052934Z                 "createdAt": "2025-07-07T19:10:04.027000+00:00",
2025-07-07T20:34:39.6053929Z                 "message": "(service modulus-backend-service) has stopped 1 running tasks: (task c1fb6e9a31ed4453a5d34b8e6112d03f)."
2025-07-07T20:34:39.6054744Z             },
2025-07-07T20:34:39.6055022Z             {
2025-07-07T20:34:39.6055410Z                 "id": "4ed90e11-b825-4797-9658-b76fb1de24bd",
2025-07-07T20:34:39.6055958Z                 "createdAt": "2025-07-07T19:10:04.026000+00:00",
2025-07-07T20:34:39.6056969Z                 "message": "(service modulus-backend-service) (task c1fb6e9a31ed4453a5d34b8e6112d03f) failed container health checks."
2025-07-07T20:34:39.6057777Z             },
2025-07-07T20:34:39.6058046Z             {
2025-07-07T20:34:39.6058442Z                 "id": "eff57f67-856c-4815-b6b0-5f2aab05c3bf",
2025-07-07T20:34:39.6058977Z                 "createdAt": "2025-07-07T19:10:03.948000+00:00",
2025-07-07T20:34:39.6060221Z                 "message": "(service modulus-backend-service) has started 1 tasks: (task 64c7fe30042042c0917fc1fe15517a41). Amazon ECS replaced 1 tasks due to an unhealthy status."
2025-07-07T20:34:39.6061276Z             },
2025-07-07T20:34:39.6061536Z             {
2025-07-07T20:34:39.6061912Z                 "id": "92f25648-0e59-4f44-930f-d935c53cc1bc",
2025-07-07T20:34:39.6062431Z                 "createdAt": "2025-07-07T19:04:49.944000+00:00",
2025-07-07T20:34:39.6063968Z                 "message": "(service modulus-backend-service) registered 1 targets in (target-group arn:aws:elasticloadbalancing:eu-west-2:376129881409:targetgroup/modulus-backend-tg/e78101cec749ba28)"
2025-07-07T20:34:39.6065100Z             },
2025-07-07T20:34:39.6065365Z             {
2025-07-07T20:34:39.6065746Z                 "id": "c9a991a2-62cd-4a6c-9c49-dba53dc24abf",
2025-07-07T20:34:39.6066472Z                 "createdAt": "2025-07-07T19:04:18.892000+00:00",
2025-07-07T20:34:39.6067356Z                 "message": "(service modulus-backend-service) has started 1 tasks: (task c1fb6e9a31ed4453a5d34b8e6112d03f)."
2025-07-07T20:34:39.6068082Z             },
2025-07-07T20:34:39.6068341Z             {
2025-07-07T20:34:39.6068726Z                 "id": "c8dfbb8c-dd2d-4391-ab9a-2ca662317e4f",
2025-07-07T20:34:39.6069420Z                 "createdAt": "2025-07-07T19:04:18.200000+00:00",
2025-07-07T20:34:39.6070421Z                 "message": "(service modulus-backend-service, taskSet ecs-svc/8534801948212707216) has begun draining connections on 1 tasks."
2025-07-07T20:34:39.6071250Z             },
2025-07-07T20:34:39.6071520Z             {
2025-07-07T20:34:39.6071890Z                 "id": "57a98b3d-9be3-40c1-b7df-5a636e21b90e",
2025-07-07T20:34:39.6072442Z                 "createdAt": "2025-07-07T19:04:18.196000+00:00",
2025-07-07T20:34:39.6074121Z                 "message": "(service modulus-backend-service) deregistered 1 targets in (target-group arn:aws:elasticloadbalancing:eu-west-2:376129881409:targetgroup/modulus-backend-tg/e78101cec749ba28)"
2025-07-07T20:34:39.6075260Z             },
2025-07-07T20:34:39.6075552Z             {
2025-07-07T20:34:39.6075959Z                 "id": "e8f9ff06-c474-44e6-84ae-e6cdeb2ebca4",
2025-07-07T20:34:39.6076488Z                 "createdAt": "2025-07-07T19:04:07.830000+00:00",
2025-07-07T20:34:39.6077409Z                 "message": "(service modulus-backend-service) has stopped 1 running tasks: (task 532ed132c7e643b98dff718f24c01287)."
2025-07-07T20:34:39.6078129Z             },
2025-07-07T20:34:39.6078391Z             {
2025-07-07T20:34:39.6078760Z                 "id": "a04fdde8-dfd9-43b1-8e44-5f87f325fb79",
2025-07-07T20:34:39.6079284Z                 "createdAt": "2025-07-07T19:04:07.829000+00:00",
2025-07-07T20:34:39.6080311Z                 "message": "(service modulus-backend-service) (task 532ed132c7e643b98dff718f24c01287) failed container health checks."
2025-07-07T20:34:39.6081109Z             },
2025-07-07T20:34:39.6081370Z             {
2025-07-07T20:34:39.6081727Z                 "id": "8e72a353-b32f-4114-9188-3360d2107870",
2025-07-07T20:34:39.6082247Z                 "createdAt": "2025-07-07T18:58:53.811000+00:00",
2025-07-07T20:34:39.6083734Z                 "message": "(service modulus-backend-service) registered 1 targets in (target-group arn:aws:elasticloadbalancing:eu-west-2:376129881409:targetgroup/modulus-backend-tg/e78101cec749ba28)"
2025-07-07T20:34:39.6084838Z             },
2025-07-07T20:34:39.6085106Z             {
2025-07-07T20:34:39.6085471Z                 "id": "ef6359ae-545f-44c5-abfb-c02b0696cefd",
2025-07-07T20:34:39.6086003Z                 "createdAt": "2025-07-07T18:58:33.147000+00:00",
2025-07-07T20:34:39.6086976Z                 "message": "(service modulus-backend-service, taskSet ecs-svc/8534801948212707216) has begun draining connections on 1 tasks."
2025-07-07T20:34:39.6087758Z             },
2025-07-07T20:34:39.6087996Z             {
2025-07-07T20:34:39.6088357Z                 "id": "a6049f35-3baa-4acb-a453-813d08527dc7",
2025-07-07T20:34:39.6088854Z                 "createdAt": "2025-07-07T18:58:33.141000+00:00",
2025-07-07T20:34:39.6090168Z                 "message": "(service modulus-backend-service) deregistered 1 targets in (target-group arn:aws:elasticloadbalancing:eu-west-2:376129881409:targetgroup/modulus-backend-tg/e78101cec749ba28)"
2025-07-07T20:34:39.6091246Z             },
2025-07-07T20:34:39.6091488Z             {
2025-07-07T20:34:39.6091835Z                 "id": "9b21ed9b-e822-4f3a-9d68-ca87ed6ebbc9",
2025-07-07T20:34:39.6092326Z                 "createdAt": "2025-07-07T18:58:24.640000+00:00",
2025-07-07T20:34:39.6093464Z                 "message": "(service modulus-backend-service) has stopped 1 running tasks: (task e70f9487d8f4476fb301da1b7e45d0e8)."
2025-07-07T20:34:39.6094167Z             }
2025-07-07T20:34:39.6094405Z         ],
2025-07-07T20:34:39.6094748Z         "createdAt": "2025-07-07T13:29:56.432000+00:00",
2025-07-07T20:34:39.6095392Z         "placementConstraints": [],
2025-07-07T20:34:39.6095811Z         "placementStrategy": [],
2025-07-07T20:34:39.6096199Z         "networkConfiguration": {
2025-07-07T20:34:39.6096590Z             "awsvpcConfiguration": {
2025-07-07T20:34:39.6096952Z                 "subnets": [
2025-07-07T20:34:39.6097332Z                     "subnet-0cc34cda0d0f7edca",
2025-07-07T20:34:39.6097771Z                     "subnet-040a224ccafdbf8e7"
2025-07-07T20:34:39.6098308Z                 ],
2025-07-07T20:34:39.6098610Z                 "securityGroups": [
2025-07-07T20:34:39.6098990Z                     "sg-0d1bc20a296f7ef7e"
2025-07-07T20:34:39.6099323Z                 ],
2025-07-07T20:34:39.6099647Z                 "assignPublicIp": "ENABLED"
2025-07-07T20:34:39.6099996Z             }
2025-07-07T20:34:39.6100234Z         },
2025-07-07T20:34:39.6100562Z         "healthCheckGracePeriodSeconds": 300,
2025-07-07T20:34:39.6101004Z         "schedulingStrategy": "REPLICA",
2025-07-07T20:34:39.6101412Z         "deploymentController": {
2025-07-07T20:34:39.6101757Z             "type": "ECS"
2025-07-07T20:34:39.6102063Z         },
2025-07-07T20:34:39.6102507Z         "createdBy": "arn:aws:iam::376129881409:user/modulus-github",
2025-07-07T20:34:39.6103192Z         "enableECSManagedTags": false,
2025-07-07T20:34:39.6103599Z         "propagateTags": "NONE",
2025-07-07T20:34:39.6104011Z         "enableExecuteCommand": false,
2025-07-07T20:34:39.6104477Z         "availabilityZoneRebalancing": "DISABLED"
2025-07-07T20:34:39.6104862Z     }
2025-07-07T20:34:39.6105084Z }
2025-07-07T20:34:39.6587214Z [0;34mℹ️  Waiting for backend service to stabilize...[0m
2025-07-07T20:44:58.6864383Z 
2025-07-07T20:44:58.6866060Z Waiter ServicesStable failed: Max attempts exceeded
2025-07-07T20:44:58.7652365Z ##[error]Process completed with exit code 255.
2025-07-07T20:44:58.7717154Z Post job cleanup.
2025-07-07T20:44:59.0754465Z ##[group]Removing builder
2025-07-07T20:44:59.1898790Z [command]/usr/bin/docker buildx rm builder-7604305a-4c99-4d00-9d82-fe44795db36d
2025-07-07T20:44:59.3287062Z builder-7604305a-4c99-4d00-9d82-fe44795db36d removed
2025-07-07T20:44:59.3319510Z ##[endgroup]
2025-07-07T20:44:59.3321438Z ##[group]Cleaning up certificates
2025-07-07T20:44:59.3328218Z ##[endgroup]
2025-07-07T20:44:59.3329755Z ##[group]Post cache
2025-07-07T20:44:59.3331310Z State not set
2025-07-07T20:44:59.3333260Z ##[endgroup]
2025-07-07T20:44:59.3457596Z Post job cleanup.
2025-07-07T20:44:59.5230228Z Post job cleanup.
2025-07-07T20:44:59.6642706Z [command]/usr/bin/git version
2025-07-07T20:44:59.6685032Z git version 2.49.0
2025-07-07T20:44:59.6731004Z Temporarily overriding HOME='/home/runner/work/_temp/b4895544-61d9-4e22-8681-b2ab06e7ce31' before making global git config changes
2025-07-07T20:44:59.6734002Z Adding repository directory to the temporary git global config as a safe directory
2025-07-07T20:44:59.6738844Z [command]/usr/bin/git config --global --add safe.directory /home/runner/work/Modulus/Modulus
2025-07-07T20:44:59.6777564Z [command]/usr/bin/git config --local --name-only --get-regexp core\.sshCommand
2025-07-07T20:44:59.6826721Z [command]/usr/bin/git submodule foreach --recursive sh -c "git config --local --name-only --get-regexp 'core\.sshCommand' && git config --local --unset-all 'core.sshCommand' || :"
2025-07-07T20:44:59.7076005Z [command]/usr/bin/git config --local --name-only --get-regexp http\.https\:\/\/github\.com\/\.extraheader
2025-07-07T20:44:59.7099980Z http.https://github.com/.extraheader
2025-07-07T20:44:59.7115855Z [command]/usr/bin/git config --local --unset-all http.https://github.com/.extraheader
2025-07-07T20:44:59.7150422Z [command]/usr/bin/git submodule foreach --recursive sh -c "git config --local --name-only --get-regexp 'http\.https\:\/\/github\.com\/\.extraheader' && git config --local --unset-all 'http.https://github.com/.extraheader' || :"
2025-07-07T20:44:59.7506099Z Cleaning up orphan processes
